###############################################################################
#
# IAR ELF Linker V7.10.1.6676/W32 for ARM                 19/Apr/2016  16:28:31
# Copyright 2007-2014 IAR Systems AB.
#
#    Output file  =  
#        D:\Work
#        Space\Silabs\Zigbee\EmberZNet5.6.0-GA\app\builder\ZigbeeRoute\4
#        nut\Exe\4 nut.out
#    Map file     =  
#        D:\Work
#        Space\Silabs\Zigbee\EmberZNet5.6.0-GA\app\builder\ZigbeeRoute\4
#        nut\List\4 nut.map
#    Command line =  
#        "D:\Work
#        Space\Silabs\Zigbee\EmberZNet5.6.0-GA\app\builder\ZigbeeRoute\4
#        nut\Obj\adc.o" "D:\Work
#        Space\Silabs\Zigbee\EmberZNet5.6.0-GA\app\builder\ZigbeeRoute\4
#        nut\Obj\address-table-cli.o" "D:\Work
#        Space\Silabs\Zigbee\EmberZNet5.6.0-GA\app\builder\ZigbeeRoute\4
#        nut\Obj\address-table-management.o" "D:\Work
#        Space\Silabs\Zigbee\EmberZNet5.6.0-GA\app\builder\ZigbeeRoute\4
#        nut\Obj\address-table-soc.o" "D:\Work
#        Space\Silabs\Zigbee\EmberZNet5.6.0-GA\app\builder\ZigbeeRoute\4
#        nut\Obj\af-event.o" "D:\Work
#        Space\Silabs\Zigbee\EmberZNet5.6.0-GA\app\builder\ZigbeeRoute\4
#        nut\Obj\af-main-common.o" "D:\Work
#        Space\Silabs\Zigbee\EmberZNet5.6.0-GA\app\builder\ZigbeeRoute\4
#        nut\Obj\af-main-soc.o" "D:\Work
#        Space\Silabs\Zigbee\EmberZNet5.6.0-GA\app\builder\ZigbeeRoute\4
#        nut\Obj\af-node.o" "D:\Work
#        Space\Silabs\Zigbee\EmberZNet5.6.0-GA\app\builder\ZigbeeRoute\4
#        nut\Obj\af-security-common.o" "D:\Work
#        Space\Silabs\Zigbee\EmberZNet5.6.0-GA\app\builder\ZigbeeRoute\4
#        nut\Obj\af-trust-center.o" "D:\Work
#        Space\Silabs\Zigbee\EmberZNet5.6.0-GA\build\alarm-stub-library-cortexm3-iar-em357-em3xx\alarm-stub-library.a"
#        "D:\Work
#        Space\Silabs\Zigbee\EmberZNet5.6.0-GA\app\builder\ZigbeeRoute\4
#        nut\Obj\assert-crash-handlers.o" "D:\Work
#        Space\Silabs\Zigbee\EmberZNet5.6.0-GA\app\builder\ZigbeeRoute\4
#        nut\Obj\attribute-size.o" "D:\Work
#        Space\Silabs\Zigbee\EmberZNet5.6.0-GA\app\builder\ZigbeeRoute\4
#        nut\Obj\attribute-storage.o" "D:\Work
#        Space\Silabs\Zigbee\EmberZNet5.6.0-GA\app\builder\ZigbeeRoute\4
#        nut\Obj\attribute-table.o" "D:\Work
#        Space\Silabs\Zigbee\EmberZNet5.6.0-GA\build\binding-table-library-cortexm3-iar-em357-em3xx\binding-table-library.a"
#        "D:\Work
#        Space\Silabs\Zigbee\EmberZNet5.6.0-GA\app\builder\ZigbeeRoute\4
#        nut\Obj\button.o" "D:\Work
#        Space\Silabs\Zigbee\EmberZNet5.6.0-GA\app\builder\ZigbeeRoute\4
#        nut\Obj\ButtonExe.o" "D:\Work
#        Space\Silabs\Zigbee\EmberZNet5.6.0-GA\app\builder\ZigbeeRoute\4
#        nut\Obj\buzzer.o" "D:\Work
#        Space\Silabs\Zigbee\EmberZNet5.6.0-GA\app\builder\ZigbeeRoute\4
#        nut\Obj\call-command-handler.o" "D:\Work
#        Space\Silabs\Zigbee\EmberZNet5.6.0-GA\app\builder\ZigbeeRoute\4
#        nut\Obj\callback-stub.o" "D:\Work
#        Space\Silabs\Zigbee\EmberZNet5.6.0-GA\app\builder\ZigbeeRoute\4
#        nut\Obj\callbacks.o" "D:\Work
#        Space\Silabs\Zigbee\EmberZNet5.6.0-GA\build\cbke-163k1-stub-library-cortexm3-iar-em357-em3xx\cbke-163k1-stub-library.a"
#        "D:\Work
#        Space\Silabs\Zigbee\EmberZNet5.6.0-GA\build\cbke-283k1-stub-library-cortexm3-iar-em357-em3xx\cbke-283k1-stub-library.a"
#        "D:\Work
#        Space\Silabs\Zigbee\EmberZNet5.6.0-GA\build\cbke-library-dsa-sign-stub-cortexm3-iar-em357-em3xx\cbke-library-dsa-sign-stub.a"
#        "D:\Work
#        Space\Silabs\Zigbee\EmberZNet5.6.0-GA\build\cbke-library-dsa-verify-stub-cortexm3-iar-em357-em3xx\cbke-library-dsa-verify-stub.a"
#        "D:\Work
#        Space\Silabs\Zigbee\EmberZNet5.6.0-GA\build\cbke-stub-library-cortexm3-iar-em357-em3xx\cbke-stub-library.a"
#        "D:\Work
#        Space\Silabs\Zigbee\EmberZNet5.6.0-GA\app\builder\ZigbeeRoute\4
#        nut\Obj\cli.o" "D:\Work
#        Space\Silabs\Zigbee\EmberZNet5.6.0-GA\app\builder\ZigbeeRoute\4
#        nut\Obj\client-api.o" "D:\Work
#        Space\Silabs\Zigbee\EmberZNet5.6.0-GA\app\builder\ZigbeeRoute\4
#        nut\Obj\command-interpreter2.o" "D:\Work
#        Space\Silabs\Zigbee\EmberZNet5.6.0-GA\app\builder\ZigbeeRoute\4
#        nut\Obj\core-cli.o" "D:\Work
#        Space\Silabs\Zigbee\EmberZNet5.6.0-GA\app\builder\ZigbeeRoute\4
#        nut\Obj\counters-cli.o" "D:\Work
#        Space\Silabs\Zigbee\EmberZNet5.6.0-GA\app\builder\ZigbeeRoute\4
#        nut\Obj\counters-ota.o" "D:\Work
#        Space\Silabs\Zigbee\EmberZNet5.6.0-GA\app\builder\ZigbeeRoute\4
#        nut\Obj\counters-soc.o" "D:\Work
#        Space\Silabs\Zigbee\EmberZNet5.6.0-GA\app\builder\ZigbeeRoute\4
#        nut\Obj\crc.o" "D:\Work
#        Space\Silabs\Zigbee\EmberZNet5.6.0-GA\app\builder\ZigbeeRoute\4
#        nut\Obj\crypto-state.o" "D:\Work
#        Space\Silabs\Zigbee\EmberZNet5.6.0-GA\app\builder\ZigbeeRoute\4
#        nut\Obj\cstartup-iar-common.o" "D:\Work
#        Space\Silabs\Zigbee\EmberZNet5.6.0-GA\build\debug-basic-library-cortexm3-iar-em357-em3xx\debug-basic-library.a"
#        "D:\Work
#        Space\Silabs\Zigbee\EmberZNet5.6.0-GA\build\debug-extended-stub-library-cortexm3-iar-em357-em3xx\debug-extended-stub-library.a"
#        "D:\Work
#        Space\Silabs\Zigbee\EmberZNet5.6.0-GA\app\builder\ZigbeeRoute\4
#        nut\Obj\diagnostic.o" "D:\Work
#        Space\Silabs\Zigbee\EmberZNet5.6.0-GA\app\builder\ZigbeeRoute\4
#        nut\Obj\em_usbd.o" "D:\Work
#        Space\Silabs\Zigbee\EmberZNet5.6.0-GA\app\builder\ZigbeeRoute\4
#        nut\Obj\em_usbdch9.o" "D:\Work
#        Space\Silabs\Zigbee\EmberZNet5.6.0-GA\app\builder\ZigbeeRoute\4
#        nut\Obj\em_usbdep.o" "D:\Work
#        Space\Silabs\Zigbee\EmberZNet5.6.0-GA\app\builder\ZigbeeRoute\4
#        nut\Obj\em_usbhal.o" "D:\Work
#        Space\Silabs\Zigbee\EmberZNet5.6.0-GA\app\builder\ZigbeeRoute\4
#        nut\Obj\em_usbint.o" "D:\Work
#        Space\Silabs\Zigbee\EmberZNet5.6.0-GA\app\builder\ZigbeeRoute\4
#        nut\Obj\em_usbtimer.o" "D:\Work
#        Space\Silabs\Zigbee\EmberZNet5.6.0-GA\app\builder\ZigbeeRoute\4
#        nut\Obj\ember-configuration.o" "D:\Work
#        Space\Silabs\Zigbee\EmberZNet5.6.0-GA\app\builder\ZigbeeRoute\4
#        nut\Obj\ember-printf.o" "D:\Work
#        Space\Silabs\Zigbee\EmberZNet5.6.0-GA\build\end-device-bind-library-cortexm3-iar-em357-em3xx\end-device-bind-library.a"
#        "D:\Work
#        Space\Silabs\Zigbee\EmberZNet5.6.0-GA\app\builder\ZigbeeRoute\4
#        nut\Obj\endian.o" "D:\Work
#        Space\Silabs\Zigbee\EmberZNet5.6.0-GA\build\enhanced-beacon-request-stub-library-cortexm3-iar-em357-em3xx\enhanced-beacon-request-stub-library.a"
#        "D:\Work
#        Space\Silabs\Zigbee\EmberZNet5.6.0-GA\app\builder\ZigbeeRoute\4
#        nut\Obj\ext-device.o" "D:\Work
#        Space\Silabs\Zigbee\EmberZNet5.6.0-GA\app\builder\ZigbeeRoute\4
#        nut\Obj\faults.o" "D:\Work
#        Space\Silabs\Zigbee\EmberZNet5.6.0-GA\app\builder\ZigbeeRoute\4
#        nut\Obj\form-and-join-afv2.o" "D:\Work
#        Space\Silabs\Zigbee\EmberZNet5.6.0-GA\app\builder\ZigbeeRoute\4
#        nut\Obj\form-and-join-node-adapter.o" "D:\Work
#        Space\Silabs\Zigbee\EmberZNet5.6.0-GA\app\builder\ZigbeeRoute\4
#        nut\Obj\form-and-join.o" "D:\Work
#        Space\Silabs\Zigbee\EmberZNet5.6.0-GA\app\builder\ZigbeeRoute\4
#        nut\Obj\general-response-commands.o" "D:\Work
#        Space\Silabs\Zigbee\EmberZNet5.6.0-GA\app\builder\ZigbeeRoute\4
#        nut\Obj\groups-server-cli.o" "D:\Work
#        Space\Silabs\Zigbee\EmberZNet5.6.0-GA\app\builder\ZigbeeRoute\4
#        nut\Obj\groups-server.o" "D:\Work
#        Space\Silabs\Zigbee\EmberZNet5.6.0-GA\build\hal-library-cortexm3-iar-em357-em3xx\hal-library.a"
#        "D:\Work
#        Space\Silabs\Zigbee\EmberZNet5.6.0-GA\app\builder\ZigbeeRoute\4
#        nut\Obj\halDelay.o" "D:\Work
#        Space\Silabs\Zigbee\EmberZNet5.6.0-GA\app\builder\ZigbeeRoute\4
#        nut\Obj\identify-cli.o" "D:\Work
#        Space\Silabs\Zigbee\EmberZNet5.6.0-GA\app\builder\ZigbeeRoute\4
#        nut\Obj\identify-feedback.o" "D:\Work
#        Space\Silabs\Zigbee\EmberZNet5.6.0-GA\app\builder\ZigbeeRoute\4
#        nut\Obj\identify.o" "D:\Work
#        Space\Silabs\Zigbee\EmberZNet5.6.0-GA\app\builder\ZigbeeRoute\4
#        nut\Obj\idle-sleep-cli.o" "D:\Work
#        Space\Silabs\Zigbee\EmberZNet5.6.0-GA\app\builder\ZigbeeRoute\4
#        nut\Obj\idle-sleep-soc.o" "D:\Work
#        Space\Silabs\Zigbee\EmberZNet5.6.0-GA\app\builder\ZigbeeRoute\4
#        nut\Obj\idle-sleep.o" "D:\Work
#        Space\Silabs\Zigbee\EmberZNet5.6.0-GA\build\install-code-library-stub-cortexm3-iar-em357-em3xx\install-code-library-stub.a"
#        "D:\Work
#        Space\Silabs\Zigbee\EmberZNet5.6.0-GA\app\builder\ZigbeeRoute\4
#        nut\Obj\isr-stubs.o" "D:\Work
#        Space\Silabs\Zigbee\EmberZNet5.6.0-GA\app\builder\ZigbeeRoute\4
#        nut\Obj\led.o" "D:\Work
#        Space\Silabs\Zigbee\EmberZNet5.6.0-GA\app\builder\ZigbeeRoute\4
#        nut\Obj\library.o" "D:\Work
#        Space\Silabs\Zigbee\EmberZNet5.6.0-GA\app\builder\ZigbeeRoute\4
#        nut\Obj\mem-util.o" "D:\Work
#        Space\Silabs\Zigbee\EmberZNet5.6.0-GA\app\builder\ZigbeeRoute\4
#        nut\Obj\message.o" "D:\Work
#        Space\Silabs\Zigbee\EmberZNet5.6.0-GA\app\builder\ZigbeeRoute\4
#        nut\Obj\mfg-token.o" "D:\Work
#        Space\Silabs\Zigbee\EmberZNet5.6.0-GA\app\builder\ZigbeeRoute\4
#        nut\Obj\micro-common.o" "D:\Work
#        Space\Silabs\Zigbee\EmberZNet5.6.0-GA\app\builder\ZigbeeRoute\4
#        nut\Obj\micro.o" "D:\Work
#        Space\Silabs\Zigbee\EmberZNet5.6.0-GA\app\builder\ZigbeeRoute\4
#        nut\Obj\mpu.o" "D:\Work
#        Space\Silabs\Zigbee\EmberZNet5.6.0-GA\build\multi-network-stub-library-cortexm3-iar-em357-em3xx\multi-network-stub-library.a"
#        "D:\Work
#        Space\Silabs\Zigbee\EmberZNet5.6.0-GA\app\builder\ZigbeeRoute\4
#        nut\Obj\multi-network.o" "D:\Work
#        Space\Silabs\Zigbee\EmberZNet5.6.0-GA\app\builder\ZigbeeRoute\4
#        nut\Obj\network-cli.o" "D:\Work
#        Space\Silabs\Zigbee\EmberZNet5.6.0-GA\app\builder\ZigbeeRoute\4
#        nut\Obj\network-find.o" "D:\Work
#        Space\Silabs\Zigbee\EmberZNet5.6.0-GA\app\builder\ZigbeeRoute\4
#        nut\Obj\on-off.o" "D:\Work
#        Space\Silabs\Zigbee\EmberZNet5.6.0-GA\app\builder\ZigbeeRoute\4
#        nut\Obj\option-cli.o" "D:\Work
#        Space\Silabs\Zigbee\EmberZNet5.6.0-GA\build\packet-validate-library-cortexm3-iar-em357-em3xx\packet-validate-library.a"
#        "D:\Work
#        Space\Silabs\Zigbee\EmberZNet5.6.0-GA\app\builder\ZigbeeRoute\4
#        nut\Obj\plugin-cli.o" "D:\Work
#        Space\Silabs\Zigbee\EmberZNet5.6.0-GA\app\builder\ZigbeeRoute\4
#        nut\Obj\print-formatter.o" "D:\Work
#        Space\Silabs\Zigbee\EmberZNet5.6.0-GA\app\builder\ZigbeeRoute\4
#        nut\Obj\print.o" "D:\Work
#        Space\Silabs\Zigbee\EmberZNet5.6.0-GA\app\builder\ZigbeeRoute\4
#        nut\Obj\process-cluster-message.o" "D:\Work
#        Space\Silabs\Zigbee\EmberZNet5.6.0-GA\app\builder\ZigbeeRoute\4
#        nut\Obj\process-global-message.o" "D:\Work
#        Space\Silabs\Zigbee\EmberZNet5.6.0-GA\app\builder\ZigbeeRoute\4
#        nut\Obj\random.o" "D:\Work
#        Space\Silabs\Zigbee\EmberZNet5.6.0-GA\app\builder\ZigbeeRoute\4
#        nut\Obj\reporting-cli.o" "D:\Work
#        Space\Silabs\Zigbee\EmberZNet5.6.0-GA\app\builder\ZigbeeRoute\4
#        nut\Obj\reporting.o" "D:\Work
#        Space\Silabs\Zigbee\EmberZNet5.6.0-GA\build\rf4ce-stack-stub-library-cortexm3-iar-em357-em3xx\rf4ce-stack-stub-library.a"
#        "D:\Work
#        Space\Silabs\Zigbee\EmberZNet5.6.0-GA\app\builder\ZigbeeRoute\4
#        nut\Obj\scenes-cli.o" "D:\Work
#        Space\Silabs\Zigbee\EmberZNet5.6.0-GA\app\builder\ZigbeeRoute\4
#        nut\Obj\scenes.o" "D:\Work
#        Space\Silabs\Zigbee\EmberZNet5.6.0-GA\app\builder\ZigbeeRoute\4
#        nut\Obj\security-address-cache.o" "D:\Work
#        Space\Silabs\Zigbee\EmberZNet5.6.0-GA\app\builder\ZigbeeRoute\4
#        nut\Obj\security-cli.o" "D:\Work
#        Space\Silabs\Zigbee\EmberZNet5.6.0-GA\build\security-library-core-cortexm3-iar-em357-em3xx\security-library-core.a"
#        "D:\Work
#        Space\Silabs\Zigbee\EmberZNet5.6.0-GA\build\security-library-link-keys-stub-cortexm3-iar-em357-em3xx\security-library-link-keys-stub.a"
#        "D:\Work
#        Space\Silabs\Zigbee\EmberZNet5.6.0-GA\app\builder\ZigbeeRoute\4
#        nut\Obj\serial.o" "D:\Work
#        Space\Silabs\Zigbee\EmberZNet5.6.0-GA\app\builder\ZigbeeRoute\4
#        nut\Obj\service-discovery-common.o" "D:\Work
#        Space\Silabs\Zigbee\EmberZNet5.6.0-GA\app\builder\ZigbeeRoute\4
#        nut\Obj\service-discovery-soc.o" "D:\Work
#        Space\Silabs\Zigbee\EmberZNet5.6.0-GA\app\builder\ZigbeeRoute\4
#        nut\Obj\sim-eeprom.o" "D:\Work
#        Space\Silabs\Zigbee\EmberZNet5.6.0-GA\build\sim-eeprom1-library-cortexm3-iar-em357-em3xx\sim-eeprom1-library.a"
#        "D:\Work
#        Space\Silabs\Zigbee\EmberZNet5.6.0-GA\app\builder\ZigbeeRoute\4
#        nut\Obj\simple-main.o" "D:\Work
#        Space\Silabs\Zigbee\EmberZNet5.6.0-GA\app\builder\ZigbeeRoute\4
#        nut\Obj\sleep.o" "D:\Work
#        Space\Silabs\Zigbee\EmberZNet5.6.0-GA\app\builder\ZigbeeRoute\4
#        nut\Obj\spi-master.o" "D:\Work
#        Space\Silabs\Zigbee\EmberZNet5.6.0-GA\app\builder\ZigbeeRoute\4
#        nut\Obj\stack-handler-stub.o" "D:\Work
#        Space\Silabs\Zigbee\EmberZNet5.6.0-GA\app\builder\ZigbeeRoute\4
#        nut\Obj\task.o" "D:\Work
#        Space\Silabs\Zigbee\EmberZNet5.6.0-GA\app\builder\ZigbeeRoute\4
#        nut\Obj\time-util.o" "D:\Work
#        Space\Silabs\Zigbee\EmberZNet5.6.0-GA\app\builder\ZigbeeRoute\4
#        nut\Obj\token-def.o" "D:\Work
#        Space\Silabs\Zigbee\EmberZNet5.6.0-GA\app\builder\ZigbeeRoute\4
#        nut\Obj\token.o" "D:\Work
#        Space\Silabs\Zigbee\EmberZNet5.6.0-GA\app\builder\ZigbeeRoute\4
#        nut\Obj\uart.o" "D:\Work
#        Space\Silabs\Zigbee\EmberZNet5.6.0-GA\app\builder\ZigbeeRoute\4
#        nut\Obj\UART_task.o" "D:\Work
#        Space\Silabs\Zigbee\EmberZNet5.6.0-GA\app\builder\ZigbeeRoute\4
#        nut\Obj\util.o" "D:\Work
#        Space\Silabs\Zigbee\EmberZNet5.6.0-GA\app\builder\ZigbeeRoute\4
#        nut\Obj\Utiliti.o" "D:\Work
#        Space\Silabs\Zigbee\EmberZNet5.6.0-GA\app\builder\ZigbeeRoute\4
#        nut\Obj\zcl-cli.o" "D:\Work
#        Space\Silabs\Zigbee\EmberZNet5.6.0-GA\app\builder\ZigbeeRoute\4
#        nut\Obj\zdo-cli.o" "D:\Work
#        Space\Silabs\Zigbee\EmberZNet5.6.0-GA\app\builder\ZigbeeRoute\4
#        nut\Obj\zigbee-device-common.o" "D:\Work
#        Space\Silabs\Zigbee\EmberZNet5.6.0-GA\app\builder\ZigbeeRoute\4
#        nut\Obj\zigbee-device-library.o" "D:\Work
#        Space\Silabs\Zigbee\EmberZNet5.6.0-GA\build\zigbee-pro-stack-cortexm3-iar-em357-em3xx\zigbee-pro-stack.a"
#        "D:\Work
#        Space\Silabs\Zigbee\EmberZNet5.6.0-GA\app\builder\ZigbeeRoute\4
#        nut\Obj\ZigbeeRoute_callbacks.o" "D:\Work
#        Space\Silabs\Zigbee\EmberZNet5.6.0-GA\build\zll-stub-library-cortexm3-iar-em357-em3xx\zll-stub-library.a"
#        --redirect _Printf=_PrintfFull --redirect _Scanf=_ScanfFull -o
#        "D:\Work
#        Space\Silabs\Zigbee\EmberZNet5.6.0-GA\app\builder\ZigbeeRoute\4
#        nut\Exe\4 nut.out" --config_def NULL_BTL=1 --config_def
#        RAM_RETAIN_SIZE=12K --map "D:\Work
#        Space\Silabs\Zigbee\EmberZNet5.6.0-GA\app\builder\ZigbeeRoute\4
#        nut\List\4 nut.map" --log initialization,modules,sections,veneers
#        --log_file "D:\Work
#        Space\Silabs\Zigbee\EmberZNet5.6.0-GA\app\builder\ZigbeeRoute\4
#        nut\List\4 nut.log" --config "D:\Work
#        Space\Silabs\Zigbee\EmberZNet5.6.0-GA\app\builder\ZigbeeRoute\..\..\..\hal\micro\cortexm3\em35x\em357\iar-cfg.icf"
#        --diag_suppress Lp012 --entry halEntryPoint --vfe
#
###############################################################################

*******************************************************************************
*** RUNTIME MODEL ATTRIBUTES
***

CppFlavor       = *
__SystemLibrary = DLib


*******************************************************************************
*** PLACEMENT SUMMARY
***

"HEADERS":
       place at start of [0x08000000-0x080000ff] { block HEADER_block };
"APP ro":
       place at start of [0x08000100-0x0802ffff] { block APPRO_block };
"NVM&SIMEE":
       place at end of [0x08000100-0x0802ffff] {
          zi section NVM, zi section SIMEE, zi section INTERNAL_STORAGE };
"FAT": place at 0x08040000 { section FAT };
"DEBUGCHAN":
       place at start of [0x20002ff0-0x20002fff] { rw section DEBUG_CHANNEL };
"APP rw":
       place at end of [0x20000000-0x20002fef] { block APPRW_block };
"Heap":
       place at start of [0x20000000-0x20002fef] { overlay EMHEAP_overlay };
"Guard":
       place in [from 0x20000000 to 0x20002fef] { rw section GUARD_REGION };

  Section                 Kind        Address     Size  Object
  -------                 ----        -------     ----  ------
"HEADERS":                                       0x100
  HEADER_block                     0x08000000    0x100  <Block>
    BAT                   const    0x08000000     0x54  cstartup-iar-common.o [1]
    AAT                   const    0x08000054     0xac  cstartup-iar-common.o [1]
                                 - 0x08000100    0x100

"APP ro":                                      0x1c980
  APPRO_block                      0x08000100  0x1c980  <Block>
    .intvec               const    0x08000100     0x90  cstartup-iar-common.o [1]
    .text                          0x08000190  0x1bce0  <Block>
      .text               ro code  0x08000190     0xc0  adc.o [1]
      .text               ro code  0x08000250    0x5cc  analogue.o [24]
      .text               ro code  0x0800081c     0xec  analogue-cell-bias.o [24]
      .text               ro code  0x08000908     0x68  mfg-token.o [1]
      .text               ro code  0x08000970    0x118  token.o [1]
      .text               ro code  0x08000a88    0x5a0  phy.o [24]
      .text               ro code  0x08001028     0x50  analogue-filter.o [24]
      .text               ro code  0x08001078    0x8cc  phy-common.o [24]
      .text               ro code  0x08001944    0x49c  clocks.o [15]
      .text               ro code  0x08001de0    0x1c4  micro-common-internal.o [15]
      .text               ro code  0x08001fa4    0x2c8  micro.o [1]
      .text               ro code  0x0800226c     0xd0  analogue-vco.o [24]
      .text               ro code  0x0800233c    0x278  analogue-mod-dac.o [24]
      .text               ro code  0x080025b4    0x1a4  analogue-lna.o [24]
      .text               ro code  0x08002758    0x11c  caladc.o [15]
      .text               ro code  0x08002874    0x200  assert-crash-handlers.o [1]
      .text               ro code  0x08002a74     0xd2  mem-util.o [1]
      .text               ro code  0x08002b48    0x134  sim-eeprom.o [1]
      .text               ro code  0x08002c7c    0xb28  sim-eeprom-internal.o [23]
      .text               ro code  0x080037a4      0xc  spmr.o [15]
      .text               ro code  0x080037b0      0x6  spmr.o [15]
      .text               ro code  0x080037b8    0x5b4  mac-indirect.o [24]
      .text               ro code  0x08003d6c     0x40  child-table.o [24]
      .text               ro code  0x08003dac    0x22c  ember-multi-network-stub.o [17]
      .text               ro code  0x08003fd8    0x1b8  mac-em250.o [24]
      .text               ro code  0x08004190    0x2b8  mac-receive.o [24]
      .text               ro code  0x08004448     0xae  aes.o [24]
      .text               ro code  0x080044f6      0x8  abs.o [12]
      .text               ro code  0x08004500     0x48  random.o [1]
      .text               ro code  0x08004548      0xe  spmr.o [15]
      .text               ro code  0x08004558      0x8  spmr.o [15]
      .text               ro code  0x08004560    0x65c  sleep.o [1]
      .text               ro code  0x08004bbc     0x18  eui64.o [24]
      .text               ro code  0x08004bd4     0xe8  micro-common.o [1]
      .text               ro code  0x08004cbc      0x4  spmr.o [15]
      .text               ro code  0x08004cc0      0x8  context-switch.o [15]
      .text               ro code  0x08004cc8      0xe  spmr.o [15]
      .text               ro code  0x08004cd8      0x4  spmr.o [15]
      .text               ro code  0x08004cdc    0x2ac  uart.o [1]
      .text               ro code  0x08004f88    0x13c  button.o [1]
      .text               ro code  0x080050c4    0x194  micro-internal.o [15]
      .text               ro code  0x08005258     0xac  cstartup-iar-common.o [1]
      .text               ro code  0x08005304    0x2f0  debug.o [10]
      .text               ro code  0x080055f4    0x2a8  serial.o [1]
      .text               ro code  0x0800589c      0x6  ABImemclr4.o [20]
      .text               ro code  0x080058a4     0x66  ABImemset.o [20]
      .text               ro code  0x0800590a     0x1a  debug-extended-stub.o [11]
      .text               ro code  0x08005924     0xd0  ember-configuration.o [1]
      .text               ro code  0x080059f4    0x120  flash.o [15]
      .text               ro code  0x08005b14    0x10c  system-timer.o [15]
      .text               ro code  0x08005c20    0x244  packet-header.o [24]
      .text               ro code  0x08005e64    0x6f0  packet-buffer.o [24]
      .text               ro code  0x08006554    0x230  event-control.o [24]
      .text               ro code  0x08006784    0x43c  mac-arbiter.o [24]
      .text               ro code  0x08006bc0     0x5a  byte-utilities.o [24]
      .text               ro code  0x08006c1c     0x22  I64Shl.o [20]
      .text               ro code  0x08006c40   0x1518  network.o [24]
      .text               ro code  0x08008158    0x444  mac.o [24]
      .text               ro code  0x0800859c    0x7c4  child.o [24]
      .text               ro code  0x08008d60    0x16c  ember-stack-common.o [24]
      .text               ro code  0x08008ecc     0x68  rf4ce-stack-stubs.o [19]
      .text               ro code  0x08008f34    0x3dc  af-main-soc.o [1]
      .text               ro code  0x08009310    0x154  counters-soc.o [1]
      .text               ro code  0x08009464     0x56  led.o [1]
      .text               ro code  0x080094bc     0x5c  symbol-timer.o [24]
      .text               ro code  0x08009518    0x340  mac-header.o [24]
      .text               ro code  0x08009858     0x74  mpu.o [1]
      .text               ro code  0x080098cc     0x4c  context-switch.o [15]
      .text               ro code  0x08009918    0x510  af-main-common.o [1]
      .text               ro code  0x08009e28    0x288  debug-jtag.o [10]
      .text               ro code  0x0800a0b0    0x254  ember-printf.o [1]
      .text               ro code  0x0800a304     0x32  ABImemset48.o [20]
      .text               ro code  0x0800a338    0x2b4  jit.o [24]
      .text               ro code  0x0800a5ec    0x40c  command.o [24]
      .text               ro code  0x0800a9f8    0x418  scan.o [24]
      .text               ro code  0x0800ae10     0x60  mac-info-element-parsing-stub.o [14]
      .text               ro code  0x0800ae70    0x4d8  route-table.o [24]
      .text               ro code  0x0800b348    0x160  broadcast.o [24]
      .text               ro code  0x0800b4a8    0x2ba  retry.o [24]
      .text               ro code  0x0800b764     0x68  unicast-table.o [24]
      .text               ro code  0x0800b7cc    0x338  child-handling.o [24]
      .text               ro code  0x0800bb04    0x634  neighbor.o [24]
      .text               ro code  0x0800c138    0x574  crypto.o [24]
      .text               ro code  0x0800c6ac    0x36c  aps-encryption.o [21]
      .text               ro code  0x0800ca18    0x550  zigbee-stack.o [24]
      .text               ro code  0x0800cf68    0x5a0  zigbee-packet-header.o [24]
      .text               ro code  0x0800d508    0x7b0  route-discovery.o [24]
      .text               ro code  0x0800dcb8    0x968  application-support.o [24]
      .text               ro code  0x0800e620    0xd44  aps-security.o [21]
      .text               ro code  0x0800f364   0x1676  association.o [24]
      .text               ro code  0x080109dc    0x1f4  zigbee-neighbor.o [24]
      .text               ro code  0x08010bd0     0x2e  zll-stubs.o [25]
      .text               ro code  0x08010c00    0x3a0  packet-validate.o [18]
      .text               ro code  0x08010fa0    0x2fc  random-id.o [24]
      .text               ro code  0x0801129c    0x148  route-error.o [24]
      .text               ro code  0x080113e4    0x3b0  leave.o [24]
      .text               ro code  0x08011794    0x358  neighbor-exchange.o [24]
      .text               ro code  0x08011aec    0x35c  management.o [24]
      .text               ro code  0x08011e48    0x318  address-table.o [24]
      .text               ro code  0x08012160    0x19c  child-aging.o [24]
      .text               ro code  0x080122fc    0x928  aps-retry.o [24]
      .text               ro code  0x08012c24      0xc  alarm-stub.o [3]
      .text               ro code  0x08012c30     0x8c  callback-stub.o [1]
      .text               ro code  0x08012cbc    0x92c  diagnostic.o [1]
      .text               ro code  0x080135e8     0x50  multi-network.o [1]
      .text               ro code  0x08013638    0xd8c  attribute-storage.o [1]
      .text               ro code  0x080143c4    0x6b4  util.o [1]
      .text               ro code  0x08014a78     0x10  security-address-cache.o [1]
      .text               ro code  0x08014a88     0x84  ZigbeeRoute_callbacks.o [1]
      .text               ro code  0x08014b0c    0x1f8  af-event.o [1]
      .text               ro code  0x08014d04     0xe4  zigbee-dispatch.o [24]
      .text               ro code  0x08014de8    0x4c8  binding-table.o [4]
      .text               ro code  0x080152b0    0x4f8  form-and-join.o [1]
      .text               ro code  0x080157a8     0x10  crypto-state.o [1]
      .text               ro code  0x080157b8    0x282  service-discovery-common.o [1]
      .text               ro code  0x08015a3c     0x3c  af-security-common.o [1]
      .text               ro code  0x08015a78    0x17c  token-cache.o [24]
      .text               ro code  0x08015bf4    0x140  network-find.o [1]
      .text               ro code  0x08015d34     0x58  af-trust-center.o [1]
      .text               ro code  0x08015d8c     0x74  af-node.o [1]
      .text               ro code  0x08015e00     0x24  crc.o [1]
      .text               ro code  0x08015e24    0x448  aps-keys.o [21]
      .text               ro code  0x0801626c    0x14c  aes-mmo.o [21]
      .text               ro code  0x080163b8     0x62  hmac.o [21]
      .text               ro code  0x0801641c    0x478  aps-keys-transient.o [21]
      .text               ro code  0x08016894     0x8c  ember-library.o [24]
      .text               ro code  0x08016920     0x12  phy-util.o [24]
      .text               ro code  0x08016932      0x6  cbke-crypto-engine-163k1-stub.o [5]
      .text               ro code  0x08016938      0x6  cbke-crypto-engine-283k1-stub.o [6]
      .text               ro code  0x08016940    0x384  zdo-channel.o [24]
      .text               ro code  0x08016cc4      0xe  cbke-crypto-engine-stub.o [9]
      .text               ro code  0x08016cd2      0x4  cbke-crypto-engine-dsa-sign-stub.o [7]
      .text               ro code  0x08016cd8    0x754  zigbee-device-util.o [24]
      .text               ro code  0x0801742c      0x4  install-code-stub.o [16]
      .text               ro code  0x08017430      0x4  aps-skke-stub.o [21]
      .text               ro code  0x08017434    0x518  trust-center-util.o [21]
      .text               ro code  0x0801794c     0x12  aps-keys-full-stub.o [22]
      .text               ro code  0x0801795e      0x8  high-security-stub.o [21]
      .text               ro code  0x08017966      0xa  enhanced-beacon-request-stub.o [14]
      .text               ro code  0x08017970     0x76  ABImemcpy_unaligned.o [20]
      .text               ro code  0x080179e8    0x3d6  attribute-table.o [1]
      .text               ro code  0x08017dc0    0x1cc  client-api.o [1]
      .text               ro code  0x08017f8c      0x2  address-table-soc.o [1]
      .text               ro code  0x08017f90    0x7a2  reporting.o [1]
      .text               ro code  0x08018734     0x3c  idle-sleep-soc.o [1]
      .text               ro code  0x08018770    0x404  groups-server.o [1]
      .text               ro code  0x08018b74     0x2e  process-cluster-message.o [1]
      .text               ro code  0x08018ba4    0x440  process-global-message.o [1]
      .text               ro code  0x08018fe4    0x108  message.o [1]
      .text               ro code  0x080190ec     0x46  zigbee-device-common.o [1]
      .text               ro code  0x08019134    0x47c  task.o [1]
      .text               ro code  0x080195b0    0x53c  UART_task.o [1]
      .text               ro code  0x08019aec     0x6c  form-and-join-node-adapter.o [1]
      .text               ro code  0x08019b58      0xa  form-and-join-afv2.o [1]
      .text               ro code  0x08019b64    0x97c  zigbee-device.o [24]
      .text               ro code  0x0801a4e0    0x3e4  end-device-bind.o [13]
      .text               ro code  0x0801a8c4     0x50  attribute-size.o [1]
      .text               ro code  0x0801a914     0xa0  idle-sleep.o [1]
      .text               ro code  0x0801a9b4    0x814  scenes.o [1]
      .text               ro code  0x0801b1c8    0x428  call-command-handler.o [1]
      .text               ro code  0x0801b5f0      0x4  time-util.o [1]
      .text               ro code  0x0801b5f4     0x24  general-response-commands.o [1]
      .text               ro code  0x0801b618     0x84  zigbee-device-library.o [1]
      .text               ro code  0x0801b69c     0x1c  halDelay.o [1]
      .text               ro code  0x0801b6b8     0x8e  ButtonExe.o [1]
      .text               ro code  0x0801b748    0x1c4  zdo-binding-table.o [4]
      .text               ro code  0x0801b90c    0x120  identify.o [1]
      .text               ro code  0x0801ba2c     0xa6  on-off.o [1]
      .text               ro code  0x0801bad4     0x6c  identify-feedback.o [1]
      .text               ro code  0x0801bb40     0xbc  buzzer.o [1]
      .text               ro code  0x0801bbfc      0x2  faults.o [1]
      .text               ro code  0x0801bc00      0x2  faults.o [1]
      .text               ro code  0x0801bc04      0x2  faults.o [1]
      .text               ro code  0x0801bc08      0x2  faults.o [1]
      .text               ro code  0x0801bc0c      0x2  faults.o [1]
      .text               ro code  0x0801bc10      0x2  faults.o [1]
      .text               ro code  0x0801bc14      0x2  faults.o [1]
      .text               ro code  0x0801bc18     0x70  faults.o [1]
      .text               ro code  0x0801bc88      0x0  isr-stubs.o [1]
      .text               ro code  0x0801bc88      0x0  isr-stubs.o [1]
      .text               ro code  0x0801bc88      0x0  isr-stubs.o [1]
      .text               ro code  0x0801bc88      0x0  isr-stubs.o [1]
      .text               ro code  0x0801bc88      0x0  isr-stubs.o [1]
      .text               ro code  0x0801bc88      0x0  isr-stubs.o [1]
      .text               ro code  0x0801bc88      0x0  isr-stubs.o [1]
      .text               ro code  0x0801bc88      0x0  isr-stubs.o [1]
      .text               ro code  0x0801bc88      0x0  isr-stubs.o [1]
      .text               ro code  0x0801bc88      0x0  isr-stubs.o [1]
      .text               ro code  0x0801bc88      0x0  isr-stubs.o [1]
      .text               ro code  0x0801bc88      0x0  isr-stubs.o [1]
      .text               ro code  0x0801bc88      0x0  isr-stubs.o [1]
      .text               ro code  0x0801bc88      0x0  isr-stubs.o [1]
      .text               ro code  0x0801bc88      0x4  isr-stubs.o [1]
      .text               ro code  0x0801bc8c    0x1b8  cstartup-iar.o [15]
      .text               ro code  0x0801be44      0x6  ABImemclr.o [20]
      .text               ro code  0x0801be4a      0xe  simple-main.o [1]
      .text               ro code  0x0801be58     0x18  cal-pads.o [24]
    .rodata               const    0x0801be70     0x58  attribute-storage.o [1]
    .rodata               const    0x0801bec8    0x4f0  diagnostic.o [1]
    .rodata               const    0x0801c3b8      0x3  ember-configuration.o [1]
    .rodata               const    0x0801c3bb      0x1  ember-multi-network-stub.o [17]
    .rodata               const    0x0801c3bc      0x4  micro-common.o [1]
    .rodata               const    0x0801c3c0      0x8  serial.o [1]
    .rodata               const    0x0801c3c8     0x40  sim-eeprom.o [1]
    .rodata               const    0x0801c408    0x3f8  token-def.o [1]
    .rodata               const    0x0801c800      0x1  binding-table.o [4]
    .rodata               const    0x0801c801      0x1  zll-stubs.o [25]
    .rodata               const    0x0801c802      0x1  end-device-bind.o [13]
    .rodata               const    0x0801c803      0x1  ember-library.o [24]
    .rodata               const    0x0801c804      0x8  ember-version.o [24]
    .rodata               const    0x0801c80c      0xc  rf4ce-stack-stubs.o [19]
    .rodata               const    0x0801c818      0x1  trust-center-util.o [21]
    .rodata               const    0x0801c819      0x1  aps-keys-full-stub.o [22]
    .rodata               const    0x0801c81a     0x18  mfg-token.o [1]
    .rodata               const    0x0801c832      0x1  cbke-crypto-engine-stub.o [9]
    .rodata               const    0x0801c833      0x1  route-table.o [24]
    .rodata               const    0x0801c834      0x1  install-code-stub.o [16]
    .rodata               const    0x0801c835      0x1  aps-skke-stub.o [21]
    .rodata               const    0x0801c836      0x1  enhanced-beacon-request-stub.o [14]
    .rodata               const    0x0801c837      0x1  alarm-stub.o [3]
    .rodata               const    0x0801c838      0x1  cbke-crypto-engine-dsa-sign-stub.o [7]
    .rodata               const    0x0801c839      0x1  packet-validate.o [18]
    .rodata               const    0x0801c83a      0x1  cbke-crypto-engine-163k1-stub.o [5]
    .rodata               const    0x0801c83b      0x1  cbke-crypto-engine-283k1-stub.o [6]
    .rodata               const    0x0801c83c      0x1  cbke-crypto-engine-dsa-verify-stub.o [8]
    .data_init                     0x0801c840    0x240  <Block>
      Initializer bytes   ro data  0x0801c840    0x240  <for .data-1>
                                 - 0x0801ca80  0x1c980

"NVM&SIMEE":                                    0x2000
  SIMEE                            0x0802e000   0x2000  <Block>
    SIMEE                 uninit   0x0802e000   0x2000  sim-eeprom.o [1]
                                 - 0x08030000   0x2000

"FAT":                                            0x2c
  FAT                     uninit   0x08040000     0x2c  cstartup-iar-common.o [1]
                                 - 0x0804002c     0x2c

"Heap":                                          0xde0
  EMHEAP_overlay                   0x20000000    0xdcc  <Overlay>
    part 1:
      EMHEAP              uninit   0x20000000    0xdcc  ember-configuration.o [1]
    part 2:
      RESETINFO                    0x20000000     0x98  <Block>
        RESETINFO         const    0x20000000      0x0  faults.o [1]
        RESETINFO         const    0x20000000      0x0  isr-stubs.o [1]
        RESETINFO         const    0x20000000      0x0  spmr.o [15]
        RESETINFO         const    0x20000000      0x0  context-switch.o [15]
        RESETINFO         uninit   0x20000000     0x98  cstartup-iar-common.o [1]
                                 - 0x20000dcc    0xdcc

"Guard":                                          0x20
  GUARD_REGION            uninit   0x20000de0     0x20  cstartup-iar-common.o [1]
                                 - 0x20000e00     0x20

"APP rw":                                       0x1892
  APPRW_block                      0x20001758   0x1892  <Block>
    ALIGN_CSTACK                   0x20001758    0x960  <Block>
      CSTACK                       0x20001758    0x960  <Block>
        CSTACK            const    0x20001758      0x0  faults.o [1]
        CSTACK            const    0x20001758      0x0  isr-stubs.o [1]
        CSTACK            const    0x20001758      0x0  spmr.o [15]
        CSTACK            const    0x20001758      0x0  context-switch.o [15]
        CSTACK            uninit   0x20001758    0x960  cstartup-iar-common.o [1]
    .data                          0x200020b8    0x240  <Block>
      .data-1                      0x200020b8    0x23e  <Init block>
        .data             inited   0x200020b8     0x70  af-event.o [1]
        .data             inited   0x20002128      0x1  af-main-soc.o [1]
        .data             inited   0x20002129      0x1  buzzer.o [1]
        .data             inited   0x2000212a      0x1  ember-configuration.o [1]
        .data             inited   0x2000212b      0x1  ember-configuration.o [1]
        .data             inited   0x2000212c      0x4  ember-configuration.o [1]
        .data             inited   0x20002130      0x4  ember-configuration.o [1]
        .data             inited   0x20002134      0x4  ember-configuration.o [1]
        .data             inited   0x20002138      0x4  ember-configuration.o [1]
        .data             inited   0x2000213c      0x4  ember-configuration.o [1]
        .data             inited   0x20002140      0x1  ember-configuration.o [1]
        .data             inited   0x20002144      0x4  ember-configuration.o [1]
        .data             inited   0x20002148      0x1  ember-configuration.o [1]
        .data             inited   0x2000214c      0x4  ember-configuration.o [1]
        .data             inited   0x20002150      0x4  ember-configuration.o [1]
        .data             inited   0x20002154      0x4  ember-configuration.o [1]
        .data             inited   0x20002158      0x1  ember-configuration.o [1]
        .data             inited   0x2000215c      0x4  ember-configuration.o [1]
        .data             inited   0x20002160      0x4  ember-configuration.o [1]
        .data             inited   0x20002164      0x1  ember-configuration.o [1]
        .data             inited   0x20002168      0x4  ember-configuration.o [1]
        .data             inited   0x2000216c      0x1  ember-configuration.o [1]
        .data             inited   0x20002170      0x4  ember-configuration.o [1]
        .data             inited   0x20002174      0x1  ember-configuration.o [1]
        .data             inited   0x20002178      0x4  ember-configuration.o [1]
        .data             inited   0x2000217c      0x1  ember-configuration.o [1]
        .data             inited   0x20002180      0x4  ember-configuration.o [1]
        .data             inited   0x20002184      0x4  ember-configuration.o [1]
        .data             inited   0x20002188      0x1  ember-configuration.o [1]
        .data             inited   0x2000218c      0x4  ember-configuration.o [1]
        .data             inited   0x20002190      0x1  ember-configuration.o [1]
        .data             inited   0x20002194      0x4  ember-configuration.o [1]
        .data             inited   0x20002198      0x4  ember-configuration.o [1]
        .data             inited   0x2000219c      0x1  ember-configuration.o [1]
        .data             inited   0x200021a0      0x4  ember-configuration.o [1]
        .data             inited   0x200021a4      0x1  ember-configuration.o [1]
        .data             inited   0x200021a8      0x4  ember-configuration.o [1]
        .data             inited   0x200021ac      0x2  ember-configuration.o [1]
        .data             inited   0x200021ae      0x1  ember-configuration.o [1]
        .data             inited   0x200021b0      0x4  ember-configuration.o [1]
        .data             inited   0x200021b4      0x1  ember-configuration.o [1]
        .data             inited   0x200021b5      0x1  ember-configuration.o [1]
        .data             inited   0x200021b6      0x1  ember-configuration.o [1]
        .data             inited   0x200021b7      0x1  ember-configuration.o [1]
        .data             inited   0x200021b8      0x1  ember-configuration.o [1]
        .data             inited   0x200021ba      0x2  ember-configuration.o [1]
        .data             inited   0x200021bc      0x1  ember-configuration.o [1]
        .data             inited   0x200021bd      0x1  ember-configuration.o [1]
        .data             inited   0x200021be      0x1  ember-configuration.o [1]
        .data             inited   0x200021bf      0x1  ember-configuration.o [1]
        .data             inited   0x200021c0      0x1  ember-configuration.o [1]
        .data             inited   0x200021c1      0x1  form-and-join-node-adapter.o [1]
        .data             inited   0x200021c2      0x1  idle-sleep.o [1]
        .data             inited   0x200021c4     0x20  micro.o [1]
        .data             inited   0x200021e4     0x40  mpu.o [1]
        .data             inited   0x20002224      0x4  random.o [1]
        .data             inited   0x20002228     0x20  serial.o [1]
        .data             inited   0x20002248      0x2  UART_task.o [1]
        .data             inited   0x2000224a      0x1  util.o [1]
        .data             inited   0x2000224b      0x2  util.o [1]
        .data             inited   0x2000224d      0x1  util.o [1]
        .data             inited   0x2000224e      0x1  zigbee-device-common.o [1]
        .data             inited   0x2000224f      0x1  ZigbeeRoute_callbacks.o [1]
        .data             inited   0x20002250      0x2  analogue.o [24]
        .data             inited   0x20002254      0xe  analogue.o [24]
        .data             inited   0x20002264     0x1a  association.o [24]
        .data             inited   0x2000227e      0x2  token-cache.o [24]
        .data             inited   0x20002280      0x8  zigbee-device.o [24]
        .data             inited   0x20002288      0x1  packet-buffer.o [24]
        .data             inited   0x20002289      0x1  child.o [24]
        .data             inited   0x2000228a      0x2  application-support.o [24]
        .data             inited   0x2000228c      0x8  zigbee-stack.o [24]
        .data             inited   0x20002294      0x1  zigbee-stack.o [24]
        .data             inited   0x20002298      0x4  debug.o [10]
        .data             inited   0x2000229c      0x4  micro-internal.o [15]
        .data             inited   0x200022a0      0x2  leave.o [24]
        .data             inited   0x200022a2      0x2  scan.o [24]
        .data             inited   0x200022a4      0x6  clocks.o [15]
        .data             inited   0x200022aa      0x1  zigbee-device-util.o [24]
        .data             inited   0x200022ac      0x4  analogue-mod-dac.o [24]
        .data             inited   0x200022b0      0x1  phy-common.o [24]
        .data             inited   0x200022b2      0xc  phy-common.o [24]
        .data             inited   0x200022be      0x1  aps-retry.o [24]
        .data             inited   0x200022bf      0x1  mac-arbiter.o [24]
        .data             inited   0x200022c0      0x4  mac-arbiter.o [24]
        .data             inited   0x200022c4      0x1  aps-keys-transient.o [21]
        .data             inited   0x200022c5      0x1  route-discovery.o [24]
        .data             inited   0x200022c6      0x1  trust-center-util.o [21]
        .data             inited   0x200022c7      0x1  child-handling.o [24]
        .data             inited   0x200022c8      0x1  child-handling.o [24]
        .data             inited   0x200022cc      0x4  network.o [24]
        .data             inited   0x200022d0      0x1  network.o [24]
        .data             inited   0x200022d2      0x2  management.o [24]
        .data             inited   0x200022d4      0x1  random-id.o [24]
        .data             inited   0x200022d8      0x8  mac-indirect.o [24]
        .data             inited   0x200022e0      0x2  zdo-channel.o [24]
        .data             inited   0x200022e2      0x2  end-device-bind.o [13]
        .data             inited   0x200022e4      0x1  packet-validate.o [18]
        .data             inited   0x200022e8      0x8  mac-receive.o [24]
        .data             inited   0x200022f0      0x1  mac-em250.o [24]
        .data             inited   0x200022f1      0x1  mac-em250.o [24]
        .data             inited   0x200022f2      0x1  jit.o [24]
        .data             inited   0x200022f4      0x2  mac-header.o [24]
    DLIB_PERTHREAD_INITIALIZED_DATA
                                   0x200022f8      0x0  <Block>
    DLIB_PERTHREAD_ZERO_DATA
                                   0x200022f8      0x0  <Block>
    .bss                           0x200022f8    0xcf2  <Block>
      .bss                uninit   0x200022f8     0x10  mac-indirect.o [24]
      .bss                uninit   0x20002308     0x1e  adc.o [1]
      .bss                uninit   0x20002326      0x2  message.o [1]
      .bss                uninit   0x20002328      0x8  af-event.o [1]
      .bss                uninit   0x20002330      0x8  af-event.o [1]
      .bss                uninit   0x20002338      0x8  af-event.o [1]
      .bss                uninit   0x20002340      0x8  af-event.o [1]
      .bss                uninit   0x20002348      0x8  af-event.o [1]
      .bss                uninit   0x20002350      0x8  af-event.o [1]
      .bss                uninit   0x20002358      0x8  af-event.o [1]
      .bss                uninit   0x20002360      0x8  af-event.o [1]
      .bss                uninit   0x20002368      0x8  af-event.o [1]
      .bss                uninit   0x20002370     0x18  af-main-common.o [1]
      .bss                uninit   0x20002388     0x90  attribute-storage.o [1]
      .bss                uninit   0x20002418     0x98  attribute-storage.o [1]
      .bss                uninit   0x200024b0      0x8  buzzer.o [1]
      .bss                uninit   0x200024b8      0xc  call-command-handler.o [1]
      .bss                uninit   0x200024c4     0x10  client-api.o [1]
      .bss                uninit   0x200024d4     0x44  counters-soc.o [1]
      .bss                uninit   0x20002518     0x44  counters-soc.o [1]
      .bss                uninit   0x2000255c     0x24  counters-soc.o [1]
      .bss                uninit   0x20002580      0xa  cstartup-iar-common.o [1]
      .bss                uninit   0x2000258a      0x2  util.o [1]
      .bss                uninit   0x2000258c     0x30  ember-configuration.o [1]
      .bss                uninit   0x200025bc      0x8  form-and-join-afv2.o [1]
      .bss                uninit   0x200025c4     0x14  form-and-join.o [1]
      .bss                uninit   0x200025d8     0x14  identify-feedback.o [1]
      .bss                uninit   0x200025ec     0x24  identify.o [1]
      .bss                uninit   0x20002610     0x10  message.o [1]
      .bss                uninit   0x20002620     0x54  message.o [1]
      .bss                uninit   0x20002674      0x8  micro.o [1]
      .bss                uninit   0x2000267c      0x8  multi-network.o [1]
      .bss                uninit   0x20002684      0xc  network-find.o [1]
      .bss                uninit   0x20002690      0x8  network-find.o [1]
      .bss                uninit   0x20002698      0x8  reporting.o [1]
      .bss                uninit   0x200026a0     0xf0  reporting.o [1]
      .bss                uninit   0x20002790     0x88  serial.o [1]
      .bss                uninit   0x20002818     0x88  serial.o [1]
      .bss                uninit   0x200028a0      0xc  serial.o [1]
      .bss                uninit   0x200028ac     0x14  service-discovery-common.o [1]
      .bss                uninit   0x200028c0     0xd4  sim-eeprom.o [1]
      .bss                uninit   0x20002994      0xc  sleep.o [1]
      .bss                uninit   0x200029a0     0x80  task.o [1]
      .bss                uninit   0x20002a20    0x100  UART_task.o [1]
      .bss                uninit   0x20002b20     0x44  UART_task.o [1]
      .bss                uninit   0x20002b64      0xc  util.o [1]
      .bss                uninit   0x20002b70     0x20  util.o [1]
      .bss                uninit   0x20002b90     0x24  analogue.o [24]
      .bss                uninit   0x20002bb4      0x8  ember-multi-network-stub.o [17]
      .bss                uninit   0x20002bbc      0x8  ember-multi-network-stub.o [17]
      .bss                uninit   0x20002bc4      0x8  ember-multi-network-stub.o [17]
      .bss                uninit   0x20002bcc      0xc  zigbee-dispatch.o [24]
      .bss                uninit   0x20002bd8      0xc  association.o [24]
      .bss                uninit   0x20002be4      0xc  association.o [24]
      .bss                uninit   0x20002bf0      0x8  association.o [24]
      .bss                uninit   0x20002bf8      0x8  eui64.o [24]
      .bss                uninit   0x20002c00      0xc  leave.o [24]
      .bss                uninit   0x20002c0c      0x8  system-timer.o [15]
      .bss                uninit   0x20002c14      0x4  sim-eeprom-internal.o [23]
      .bss                uninit   0x20002c18     0x24  scan.o [24]
      .bss                uninit   0x20002c3c      0x8  zll-stubs.o [25]
      .bss                uninit   0x20002c44    0x11c  phy.o [24]
      .bss                uninit   0x20002d60     0x10  zigbee-device-util.o [24]
      .bss                uninit   0x20002d70      0x8  aps-keys.o [21]
      .bss                uninit   0x20002d78      0xc  context-switch.o [15]
      .bss                uninit   0x20002d84      0xc  phy-common.o [24]
      .bss                uninit   0x20002d90      0xe  aps-retry.o [24]
      .bss                uninit   0x20002d9e      0x6  analogue.o [24]
      .bss                uninit   0x20002da4      0xc  mac.o [24]
      .bss                uninit   0x20002db0     0x80  mac.o [24]
      .bss                uninit   0x20002e30     0x10  mac-arbiter.o [24]
      .bss                uninit   0x20002e40     0x10  aps-keys-transient.o [21]
      .bss                uninit   0x20002e50      0x4  aps-encryption.o [21]
      .bss                uninit   0x20002e54     0x18  child-handling.o [24]
      .bss                uninit   0x20002e6c      0x8  neighbor.o [24]
      .bss                uninit   0x20002e74      0x8  aps-skke-stub.o [21]
      .bss                uninit   0x20002e7c      0x8  high-security-stub.o [21]
      .bss                uninit   0x20002e84      0xc  management.o [24]
      .bss                uninit   0x20002e90     0x10  retry.o [24]
      .bss                uninit   0x20002ea0      0xa  mac-indirect.o [24]
      .bss                uninit   0x20002eaa      0x2  jit.o [24]
      .bss                uninit   0x20002eac     0x10  zdo-channel.o [24]
      .bss                uninit   0x20002ebc     0x1c  end-device-bind.o [13]
      .bss                uninit   0x20002ed8      0x8  mac-receive.o [24]
      .bss                uninit   0x20002ee0      0x8  neighbor-exchange.o [24]
      .bss                uninit   0x20002ee8     0x68  broadcast.o [24]
      .bss                uninit   0x20002f50      0x8  cal-pads.o [24]
      .bss                uninit   0x20002f58      0x8  mac-em250.o [24]
      .bss                uninit   0x20002f60      0xc  jit.o [24]
      .bss                uninit   0x20002f6c     0x14  unicast-table.o [24]
      .bss                uninit   0x20002f80      0x8  mac-header.o [24]
      .bss                uninit   0x20002f88      0x4  ButtonExe.o [1]
      .bss                uninit   0x20002f8c      0x4  UART_task.o [1]
      .bss                uninit   0x20002f90      0x4  zigbee-device.o [24]
      .bss                uninit   0x20002f94      0x4  child.o [24]
      .bss                uninit   0x20002f98      0x4  sim-eeprom-internal.o [23]
      .bss                uninit   0x20002f9c      0x4  analogue-mod-dac.o [24]
      .bss                uninit   0x20002fa0      0x4  route-table.o [24]
      .bss                uninit   0x20002fa4      0x1  af-event.o [1]
      .bss                uninit   0x20002fa5      0x1  af-trust-center.o [1]
      .bss                uninit   0x20002fa6      0x2  button.o [1]
      .bss                uninit   0x20002fa8      0x1  crypto-state.o [1]
      .bss                uninit   0x20002fa9      0x1  ember-configuration.o [1]
      .bss                uninit   0x20002faa      0x1  ember-configuration.o [1]
      .bss                uninit   0x20002fab      0x1  ember-configuration.o [1]
      .bss                uninit   0x20002fac      0x1  ember-configuration.o [1]
      .bss                uninit   0x20002fad      0x1  ember-configuration.o [1]
      .bss                uninit   0x20002fae      0x1  ember-configuration.o [1]
      .bss                uninit   0x20002faf      0x1  ember-configuration.o [1]
      .bss                uninit   0x20002fb0      0x1  idle-sleep.o [1]
      .bss                uninit   0x20002fb1      0x1  idle-sleep.o [1]
      .bss                uninit   0x20002fb2      0x1  micro-common.o [1]
      .bss                uninit   0x20002fb3      0x1  process-global-message.o [1]
      .bss                uninit   0x20002fb4      0x1  scenes.o [1]
      .bss                uninit   0x20002fb5      0x3  security-address-cache.o [1]
      .bss                uninit   0x20002fb8      0x2  token.o [1]
      .bss                uninit   0x20002fba      0x1  zigbee-device-common.o [1]
      .bss                uninit   0x20002fbb      0x1  analogue.o [24]
      .bss                uninit   0x20002fbc      0x2  analogue.o [24]
      .bss                uninit   0x20002fbe      0x1  micro-common-internal.o [15]
      .bss                uninit   0x20002fbf      0x2  event-control.o [24]
      .bss                uninit   0x20002fc1      0x1  zigbee-dispatch.o [24]
      .bss                uninit   0x20002fc2      0x1  association.o [24]
      .bss                uninit   0x20002fc3      0x1  zigbee-device.o [24]
      .bss                uninit   0x20002fc4      0x1  application-support.o [24]
      .bss                uninit   0x20002fc5      0x1  application-support.o [24]
      .bss                uninit   0x20002fc6      0x2  zigbee-stack.o [24]
      .bss                uninit   0x20002fc8      0x1  flash.o [15]
      .bss                uninit   0x20002fc9      0x5  clocks.o [15]
      .bss                uninit   0x20002fce      0x1  debug-jtag.o [10]
      .bss                uninit   0x20002fcf      0x2  phy.o [24]
      .bss                uninit   0x20002fd1      0x2  phy.o [24]
      .bss                uninit   0x20002fd3      0x1  phy.o [24]
      .bss                uninit   0x20002fd4      0x3  analogue-vco.o [24]
      .bss                uninit   0x20002fd7      0x1  phy-common.o [24]
      .bss                uninit   0x20002fd8      0x1  phy-common.o [24]
      .bss                uninit   0x20002fd9      0x1  phy-common.o [24]
      .bss                uninit   0x20002fda      0x2  mac-arbiter.o [24]
      .bss                uninit   0x20002fdc      0x1  aps-keys-transient.o [21]
      .bss                uninit   0x20002fdd      0x1  route-discovery.o [24]
      .bss                uninit   0x20002fde      0x1  trust-center-util.o [21]
      .bss                uninit   0x20002fdf      0x1  child-handling.o [24]
      .bss                uninit   0x20002fe0      0x1  neighbor.o [24]
      .bss                uninit   0x20002fe1      0x3  network.o [24]
      .bss                uninit   0x20002fe4      0x1  high-security-stub.o [21]
      .bss                uninit   0x20002fe5      0x1  random-id.o [24]
      .bss                uninit   0x20002fe6      0x1  random-id.o [24]
      .bss                uninit   0x20002fe7      0x1  command.o [24]
      .bss                uninit   0x20002fe8      0x1  mac-em250.o [24]
      .bss                uninit   0x20002fe9      0x1  mac-header.o [24]
                                 - 0x20002fea   0x1892

"DEBUGCHAN":                                      0x10
  DEBUG_CHANNEL                    0x20002ff0     0x10  <Block>
    DEBUG_CHANNEL         uninit   0x20002ff0     0x10  debug-jtag.o [10]
                                 - 0x20003000     0x10



*******************************************************************************
*** MODULE SUMMARY
***

    Module                                ro code  ro data  rw data
    ------                                -------  -------  -------
D:\Work Space\Silabs\Zigbee\EmberZNet5.6.0-GA\app\builder\ZigbeeRoute\4 nut\Obj: [1]
    ButtonExe.o                               142                 4
    UART_task.o                             1 340        2      330
    ZigbeeRoute_callbacks.o                   132        1        1
    adc.o                                     192                30
    address-table-soc.o                         2
    af-event.o                                504      112      185
    af-main-common.o                        1 296                24
    af-main-soc.o                             988        1        1
    af-node.o                                 116
    af-security-common.o                       60
    af-trust-center.o                          88                 1
    assert-crash-handlers.o                   512
    attribute-size.o                           80
    attribute-storage.o                     3 468       88      296
    attribute-table.o                         982
    button.o                                  316                 2
    buzzer.o                                  188        1        9
    call-command-handler.o                  1 064                12
    callback-stub.o                           140
    client-api.o                              460                16
    counters-soc.o                            340               172
    crc.o                                      36
    crypto-state.o                             16                 1
    cstartup-iar-common.o                     172      400    2 486
    diagnostic.o                            2 348    1 264
    ember-configuration.o                     208      154      171
    ember-printf.o                            596
    faults.o                                  126
    form-and-join-afv2.o                       10                 8
    form-and-join-node-adapter.o              108        1        1
    form-and-join.o                         1 272                20
    general-response-commands.o                36
    groups-server.o                         1 028
    halDelay.o                                 28
    identify-feedback.o                       108                20
    identify.o                                288                36
    idle-sleep-soc.o                           60
    idle-sleep.o                              160        1        3
    isr-stubs.o                                 4
    led.o                                      86
    mem-util.o                                210
    message.o                                 264               102
    mfg-token.o                               104       24
    micro-common.o                            232        4        1
    micro.o                                   712       33       40
    mpu.o                                     116       64       64
    multi-network.o                            80                 8
    network-find.o                            320                20
    on-off.o                                  166
    process-cluster-message.o                  46
    process-global-message.o                1 088                 1
    random.o                                   72        4        4
    reporting.o                             1 954               248
    scenes.o                                2 068                 1
    security-address-cache.o                   16                 3
    serial.o                                  680       40      316
    service-discovery-common.o                642                20
    sim-eeprom.o                              308       64    8 404
    simple-main.o                              14
    sleep.o                                 1 628                12
    task.o                                  1 148               128
    time-util.o                                 4
    token-def.o                                      1 016
    token.o                                   280                 2
    uart.o                                    684
    util.o                                  1 716        4       50
    zigbee-device-common.o                     70        1        2
    zigbee-device-library.o                   132
    ---------------------------------------------------------------
    Total:                                 33 854    3 279   13 255

command line: [2]
    ---------------------------------------------------------------
    Total:

alarm-stub-library.a: [3]
    alarm-stub.o                               12        1
    ---------------------------------------------------------------
    Total:                                     12        1

binding-table-library.a: [4]
    binding-table.o                         1 224        1
    zdo-binding-table.o                       452
    ---------------------------------------------------------------
    Total:                                  1 676        1

cbke-163k1-stub-library.a: [5]
    cbke-crypto-engine-163k1-stub.o             6        1
    ---------------------------------------------------------------
    Total:                                      6        1

cbke-283k1-stub-library.a: [6]
    cbke-crypto-engine-283k1-stub.o             6        1
    ---------------------------------------------------------------
    Total:                                      6        1

cbke-library-dsa-sign-stub.a: [7]
    cbke-crypto-engine-dsa-sign-stub.o          4        1
    ---------------------------------------------------------------
    Total:                                      4        1

cbke-library-dsa-verify-stub.a: [8]
    cbke-crypto-engine-dsa-verify-stub.o                 1
    ---------------------------------------------------------------
    Total:                                               1

cbke-stub-library.a: [9]
    cbke-crypto-engine-stub.o                  14        1
    ---------------------------------------------------------------
    Total:                                     14        1

debug-basic-library.a: [10]
    debug-jtag.o                              648                17
    debug.o                                   752        7        4
    ---------------------------------------------------------------
    Total:                                  1 400        7       21

debug-extended-stub-library.a: [11]
    debug-extended-stub.o                      26
    ---------------------------------------------------------------
    Total:                                     26

dl7M_tln.a: [12]
    abs.o                                       8
    ---------------------------------------------------------------
    Total:                                      8

end-device-bind-library.a: [13]
    end-device-bind.o                         996        3       30
    ---------------------------------------------------------------
    Total:                                    996        3       30

enhanced-beacon-request-stub-library.a: [14]
    enhanced-beacon-request-stub.o             10        1
    mac-info-element-parsing-stub.o            96
    ---------------------------------------------------------------
    Total:                                    106        1

hal-library.a: [15]
    caladc.o                                  284
    clocks.o                                1 180        6       11
    context-switch.o                           84                12
    cstartup-iar.o                            440
    flash.o                                   288                 1
    micro-common-internal.o                   452                 1
    micro-internal.o                          404        4        4
    spmr.o                                     62
    system-timer.o                            268                 8
    ---------------------------------------------------------------
    Total:                                  3 462       10       37

install-code-library-stub.a: [16]
    install-code-stub.o                         4        1
    ---------------------------------------------------------------
    Total:                                      4        1

multi-network-stub-library.a: [17]
    ember-multi-network-stub.o                556        1       24
    ---------------------------------------------------------------
    Total:                                    556        1       24

packet-validate-library.a: [18]
    packet-validate.o                         928        2        1
    ---------------------------------------------------------------
    Total:                                    928        2        1

rf4ce-stack-stub-library.a: [19]
    rf4ce-stack-stubs.o                       104       12
    ---------------------------------------------------------------
    Total:                                    104       12

rt7M_tl.a: [20]
    ABImemclr.o                                 6
    ABImemclr4.o                                6
    ABImemcpy_unaligned.o                     118
    ABImemset.o                               102
    ABImemset48.o                              50
    I64Shl.o                                   34
    ---------------------------------------------------------------
    Total:                                    316

security-library-core.a: [21]
    aes-mmo.o                                 332
    aps-encryption.o                          876                 4
    aps-keys-transient.o                    1 144        1       18
    aps-keys.o                              1 096                 8
    aps-security.o                          3 396
    aps-skke-stub.o                             4        1        8
    high-security-stub.o                        8                 9
    hmac.o                                     98
    trust-center-util.o                     1 304        2        2
    ---------------------------------------------------------------
    Total:                                  8 258        4       49

security-library-link-keys-stub.a: [22]
    aps-keys-full-stub.o                       18        1
    ---------------------------------------------------------------
    Total:                                     18        1

sim-eeprom1-library.a: [23]
    sim-eeprom-internal.o                   2 856                 8
    ---------------------------------------------------------------
    Total:                                  2 856                 8

zigbee-pro-stack.a: [24]
    address-table.o                           792
    aes.o                                     174
    analogue-cell-bias.o                      236
    analogue-filter.o                          80
    analogue-lna.o                            420
    analogue-mod-dac.o                        632        5        8
    analogue-vco.o                            208                 3
    analogue.o                              1 484       18       61
    application-support.o                   2 408        2        4
    aps-retry.o                             2 344        1       15
    association.o                           5 750       28       59
    broadcast.o                               352               104
    byte-utilities.o                           90
    cal-pads.o                                 24                 8
    child-aging.o                             412
    child-handling.o                          824        2       27
    child-table.o                              64
    child.o                                 1 988        1        5
    command.o                               1 036                 1
    crypto.o                                1 396
    ember-library.o                           140        1
    ember-stack-common.o                      364
    ember-version.o                                      8
    eui64.o                                    24                 8
    event-control.o                           560                 2
    jit.o                                     692        1       15
    leave.o                                   944        2       14
    mac-arbiter.o                           1 084        5       23
    mac-em250.o                               440        2       11
    mac-header.o                              832        3       11
    mac-indirect.o                          1 460       11       34
    mac-receive.o                             696       11       16
    mac.o                                   1 092               140
    management.o                              860        3       14
    neighbor-exchange.o                       856                 8
    neighbor.o                              1 588                 9
    network.o                               5 400        8        8
    packet-buffer.o                         1 776        1        1
    packet-header.o                           580
    phy-common.o                            2 252       14       28
    phy-util.o                                 18
    phy.o                                   1 440               289
    random-id.o                               764        1        3
    retry.o                                   698                16
    route-discovery.o                       1 968        1        2
    route-error.o                             328
    route-table.o                           1 240        1        4
    scan.o                                  1 048        2       38
    symbol-timer.o                             92
    token-cache.o                             380        2        2
    unicast-table.o                           104                20
    zdo-channel.o                             900        2       18
    zigbee-device-util.o                    1 876        1       17
    zigbee-device.o                         2 428        8       13
    zigbee-dispatch.o                         228                13
    zigbee-neighbor.o                         500
    zigbee-packet-header.o                  1 440
    zigbee-stack.o                          1 360        9       11
    ---------------------------------------------------------------
    Total:                                 59 166      154    1 083

zll-stub-library.a: [25]
    zll-stubs.o                                46        1        8
    ---------------------------------------------------------------
    Total:                                     46        1        8

    Gaps                                       66                56
    Linker created                                       2    3 532
-------------------------------------------------------------------
    Grand Total:                          113 888    3 485   18 104


*******************************************************************************
*** ENTRY LIST
***

Entry                      Address    Size  Type      Object
-----                      -------    ----  ----      ------
.bss$$Base              0x200022f8           --   Gb  - Linker created -
.bss$$Length            0x00000cf2           --   Gb  - Linker created -
.bss$$Limit             0x20002fea           --   Gb  - Linker created -
.data$$Base             0x200020b8           --   Gb  - Linker created -
.data$$Limit            0x200022f8           --   Gb  - Linker created -
.data_init$$Base        0x0801c840           --   Gb  - Linker created -
.data_init$$Length      0x00000240           --   Gb  - Linker created -
.data_init$$Limit       0x0801ca80           --   Gb  - Linker created -
.noinit$$Base           0x00000000           --   Gb  - Linker created -
.text$$Base             0x08000190           --   Gb  - Linker created -
.text$$Limit            0x0801be70           --   Gb  - Linker created -
.textrw$$Base           0x00000000           --   Gb  - Linker created -
.textrw_init$$Base      0x00000000           --   Gb  - Linker created -
.textrw_init$$Length    0x00000000           --   Gb  - Linker created -
ALIGN_CSTACK$$Base      0x20001758           --   Gb  - Linker created -
ALIGN_CSTACK$$Limit     0x200020b8           --   Gb  - Linker created -
APPRO_block$$Base       0x08000100           --   Gb  - Linker created -
APPRO_block$$Limit      0x0801ca80           --   Gb  - Linker created -
APPRW_block$$Base       0x20001758           --   Gb  - Linker created -
APPRW_block$$Limit      0x20002fea           --   Gb  - Linker created -
APP_RAM$$Base           0x00000000           --   Gb  - Linker created -
APP_RAM$$Length         0x00000000           --   Gb  - Linker created -
ButtonLongHoldFlag      0x20002f88     0x1  Data  Gb  ButtonExe.o [1]
CSTACK$$Base            0x20001758           --   Gb  - Linker created -
CSTACK$$Limit           0x200020b8           --   Gb  - Linker created -
CallBlinkLedTask        0x08019261    0x34  Code  Gb  task.o [1]
CallButtonDetectTask    0x0801934f    0x2e  Code  Gb  task.o [1]
CallJoinTask            0x0801943b    0x3e  Code  Gb  task.o [1]
CallMcTimmerCalibrateTask
                        0x0801921f    0x38  Code  Gb  task.o [1]
CallResetMCU            0x080194dd    0x1e  Code  Gb  task.o [1]
CallTaskCheckMcReady    0x080196db    0x4e  Code  Gb  UART_task.o [1]
CallTaskDimmerLevelChangeCommand
                        0x08019649    0x78  Code  Gb  UART_task.o [1]
CallTaskMcClockCalibrate
                        0x080196c1    0x1a  Code  Gb  UART_task.o [1]
CallTaskMcTimmerCalibrate
                        0x08019759     0x8  Code  Gb  UART_task.o [1]
CallTaskRelayChangeCommand
                        0x080195b1    0x98  Code  Gb  UART_task.o [1]
CallTaskTouchButtonHold
                        0x08019733    0x26  Code  Gb  UART_task.o [1]
CallUartTask            0x08019761    0x28  Code  Gb  UART_task.o [1]
CheckWaitTimeOut        0x08019a29    0x1c  Code  Gb  UART_task.o [1]
ClearAllBlinkTask       0x080192ab    0x22  Code  Gb  task.o [1]
ClearTask               0x080191a7    0x16  Code  Gb  task.o [1]
CommonClearLed          0x0801b729    0x1e  Code  Gb  ButtonExe.o [1]
CommonGetDurationTime   0x0801b69d    0x1c  Code  Gb  halDelay.o [1]
CommonSetLed            0x0801b70b    0x1e  Code  Gb  ButtonExe.o [1]
DEBUG_CHANNEL$$Base     0x20002ff0           --   Gb  - Linker created -
DEBUG_CHANNEL$$Limit    0x20003000           --   Gb  - Linker created -
DLIB_PERTHREAD_INITIALIZED_DATA$$Base
                        0x200022f8           --   Gb  - Linker created -
DLIB_PERTHREAD_INITIALIZED_DATA$$Limit
                        0x200022f8           --   Gb  - Linker created -
DLIB_PERTHREAD_ZERO_DATA$$Base
                        0x200022f8           --   Gb  - Linker created -
DLIB_PERTHREAD_ZERO_DATA$$Length
                        0x00000000           --   Gb  - Linker created -
DLIB_PERTHREAD_ZERO_DATA$$Limit
                        0x200022f8           --   Gb  - Linker created -
EMHEAP_overlay$$Base    0x20000000           --   Gb  - Linker created -
EMHEAP_overlay$$Limit   0x20000dcc           --   Gb  - Linker created -
ERASE_CRITICAL_THRESHOLD
                        0x0801c3d4     0x2  Data  Gb  sim-eeprom.o [1]
FindTaskID              0x0801917f    0x28  Code  Gb  task.o [1]
GetHcActiveEndPoint     0x08014ae1     0xc  Code  Gb  ZigbeeRoute_callbacks.o [1]
GetLastTask             0x08019135    0x1e  Code  Gb  task.o [1]
GetLastTxUartCmd        0x08019827    0x16  Code  Gb  UART_task.o [1]
HEADER_block$$Base      0x08000000           --   Gb  - Linker created -
HEADER_block$$Limit     0x08000100           --   Gb  - Linker created -
HcDefaultEP             0x2000224f     0x1  Data  Gb  ZigbeeRoute_callbacks.o [1]
ID_COUNT                0x0801c3d6     0x2  Data  Gb  sim-eeprom.o [1]
INTERNAL_STORAGE$$Base  0x00000000           --   Gb  - Linker created -
LEFT_BASE               0x0801c3cc     0x2  Data  Gb  sim-eeprom.o [1]
LEFT_TOP                0x0801c3ce     0x2  Data  Gb  sim-eeprom.o [1]
Nvdd                    0x2000230e     0x2  Data  Lc  adc.o [1]
Nvss                    0x20002324     0x2  Data  Lc  adc.o [1]
OnOffCmdBeforeTimer     0x200024b8     0xc  Data  Gb  call-command-handler.o [1]
PTR_CACHE_SIZE          0x0801c3d8     0x2  Data  Gb  sim-eeprom.o [1]
REAL_PAGES_PER_VIRTUAL  0x0801c3c8     0x1  Data  Gb  sim-eeprom.o [1]
REAL_PAGE_SIZE          0x0801c3ca     0x2  Data  Gb  sim-eeprom.o [1]
RESETINFO$$Base         0x20000000           --   Gb  - Linker created -
RESETINFO$$Limit        0x20000098           --   Gb  - Linker created -
RIGHT_BASE              0x0801c3d0     0x2  Data  Gb  sim-eeprom.o [1]
RIGHT_TOP               0x0801c3d2     0x2  Data  Gb  sim-eeprom.o [1]
Region$$Table$$Base     0x00000000           --   Gb  - Linker created -
Region$$Table$$Limit    0x00000000           --   Gb  - Linker created -
ReleaseLongHoldTime     0x20002f8a     0x2  Data  Gb  ButtonExe.o [1]
SIMEE$$Base             0x0802e000           --   Gb  - Linker created -
SIMEE$$Limit            0x08030000           --   Gb  - Linker created -
SendLevelControlReadAttribute
                        0x080191bd    0x10  Code  Gb  task.o [1]
SendOnOffControlReadAttribute
                        0x080191cd     0xe  Code  Gb  task.o [1]
SendViaBindingTable     0x0801921b     0x4  Code  Gb  task.o [1]
TOKEN_MANUFACTURER_NAME_SINGLETON_DEFAULTS
                        0x0801c6e8    0x24  Data  Gb  token-def.o [1]
TOKEN_MFG_1V8_REG_VOLTAGE
                        0x0801c822     0x2  Data  Gb  mfg-token.o [1]
TOKEN_MFG_ANALOG_TRIM_BOOST
                        0x0801c81c     0x2  Data  Gb  mfg-token.o [1]
TOKEN_MFG_ANALOG_TRIM_BOTH
                        0x0801c81e     0x2  Data  Gb  mfg-token.o [1]
TOKEN_MFG_ANALOG_TRIM_NORMAL
                        0x0801c81a     0x2  Data  Gb  mfg-token.o [1]
TOKEN_MFG_CCA_THRESHOLD
                        0x0801c82e     0x2  Data  Gb  mfg-token.o [1]
TOKEN_MFG_EUI_64        0x0801c830     0x2  Data  Gb  mfg-token.o [1]
TOKEN_MFG_FIB_VERSION   0x0801c826     0x2  Data  Gb  mfg-token.o [1]
TOKEN_MFG_OSC24M_BIAS_TRIM
                        0x0801c82a     0x2  Data  Gb  mfg-token.o [1]
TOKEN_MFG_PHY_CONFIG    0x0801c828     0x2  Data  Gb  mfg-token.o [1]
TOKEN_MFG_REG_TRIM      0x0801c820     0x2  Data  Gb  mfg-token.o [1]
TOKEN_MFG_SYNTH_FREQ_OFFSET
                        0x0801c82c     0x2  Data  Gb  mfg-token.o [1]
TOKEN_MFG_TEMP_CAL      0x0801c824     0x2  Data  Gb  mfg-token.o [1]
TOKEN_MODEL_IDENTIFIER_SINGLETON_DEFAULTS
                        0x0801c70c    0x24  Data  Gb  token-def.o [1]
TOKEN_MULTI_NETWORK_STACK_ALTERNATE_KEY_DEFAULTS
                        0x0801c588    0x14  Data  Gb  token-def.o [1]
TOKEN_MULTI_NETWORK_STACK_KEYS_DEFAULTS
                        0x0801c564    0x14  Data  Gb  token-def.o [1]
[...]
lastTransmitPacketIsDataPoll
                        0x20002d88     0x1  Data  Gb  phy-common.o [24]
lastTxSfdTime           0x20002d8c     0x4  Data  Gb  phy-common.o [24]
lastVcoCalChannel       0x20002fd5     0x1  Data  Lc  analogue-vco.o [24]
lastVcoValue            0x20002fd6     0x1  Data  Lc  analogue-vco.o [24]
leaveReason             0x20002c00     0x1  Data  Lc  leave.o [24]
left                    0x20002f99     0x1  Data  Lc  sim-eeprom-internal.o [23]
libraryEnabled          0x200022e4     0x1  Data  Lc  packet-validate.o [18]
libraryInfo             0x080168d0    0x50  Data  Lc  ember-library.o [24]
lnaForceReCal           0x20002da2     0x2  Data  Gb  analogue.o [24]
localBindUnbindResponse
                        0x20002ecd     0x1  Data  Lc  end-device-bind.o [13]
longIndirectPool        0x200022d8     0x4  Data  Lc  mac-indirect.o [24]
macBufferStatus         0x20002e31     0x1  Data  Lc  mac-arbiter.o [24]
macCheckIncomingQueue   0x08004201   0x1de  Code  Lc  mac-receive.o [24]
macCommandPacketIsValid
                        0x08010c0b    0x48  Code  Lc  packet-validate.o [18]
macCommandSizes         0x08010f18     0xc  Data  Lc  packet-validate.o [18]
macIsInactive           0x20002eb0     0x1  Data  Lc  zdo-channel.o [24]
macSendShortIdCommand   0x0800a5ed    0x30  Code  Lc  command.o [24]
main                    0x0801be4b     0xe  Code  Gb  simple-main.o [1]
managePollTxRxTurnaround
                        0x08001079    0x20  Code  Gb  phy-common.o [24]
matchEndDeviceBindRequests
                        0x0801a627    0x44  Code  Lc  end-device-bind.o [13]
matchingPoolAddress     0x08003bc7    0x4c  Code  Lc  mac-indirect.o [24]
maybeSendAddressResponse
                        0x08016e4d   0x17e  Code  Lc  zigbee-device-util.o [24]
maybeSendBasicAck       0x0800e4cd    0x20  Code  Lc  application-support.o [24]
messageSentCallbacks    0x20002370    0x18  Data  Lc  af-main-common.o [1]
mobileChildData         0x20002289     0x1  Data  Lc  child.o [24]
mobileChildDataIndex    0x08008b5f    0x40  Code  Lc  child.o [24]
mobileChildDataLength   0x20002f96     0x2  Data  Lc  child.o [24]
mobileJoinApsFrame      0x08008150     0x8  Data  Lc  network.o [24]
modDacForceReCal        0x20002da0     0x2  Data  Gb  analogue.o [24]
mpuConfig               0x200021e4    0x40  Data  Lc  mpu.o [1]
mtorFlags               0x0801a4d8     0x8  Data  Lc  zigbee-device.o [24]
multiNetworkCounterHandler
                        0x080093bf    0x72  Code  Lc  counters-soc.o [1]
multiNetworkCounterTable
                        0x08009450    0x14  Data  Lc  counters-soc.o [1]
nameStrings             0x08013528    0xc0  Data  Lc  diagnostic.o [1]
networkCommandBaseSizes
                        0x08010f24    0x10  Data  Lc  packet-validate.o [18]
networkCommandPacketIsValid
                        0x08010c9d    0x9c  Code  Lc  packet-validate.o [18]
networkCount            0x200025c7     0x1  Data  Lc  form-and-join.o [1]
networkDecrypt          0x080070d7   0x172  Code  Lc  network.o [24]
networkInitData         0x20002bec     0x4  Data  Lc  association.o [24]
networkPacketIsValid    0x08010c53    0x4a  Code  Lc  packet-validate.o [18]
networkSubmitUnicast    0x08006fd9    0x86  Code  Lc  network.o [24]
newChannel              0x20002fc2     0x1  Data  Lc  association.o [24]
newNwkUpdateId          0x20002ead     0x1  Data  Lc  zdo-channel.o [24]
newPanId                0x200022d2     0x2  Data  Lc  management.o [24]
nextApsFrameCounter     0x20002e50     0x4  Data  Lc  aps-encryption.o [21]
nextChannel             0x20002c18     0x1  Data  Lc  scan.o [24]
nextIncomingRssi        0x20002c38     0x4  Data  Lc  scan.o [24]
nextIndex               0x20002fb7     0x1  Data  Lc  security-address-cache.o [1]
nextOutgoingRssi        0x20002c34     0x4  Data  Lc  scan.o [24]
nodeThatToldUsToLeave   0x200022a0     0x2  Data  Lc  leave.o [24]
normalOrBoostTokSerialRegId
                        0x080008fc     0xc  Data  Gb  analogue-cell-bias.o [24]
noteDiscoveryTimeout    0x0800af13    0x6c  Code  Lc  route-table.o [24]
notePreconfiguredKeyType
                        0x0800f2bb    0x22  Code  Lc  aps-security.o [21]
notifyTrustCenter       0x08011661    0x28  Code  Lc  leave.o [24]
nullEui                 0x08000968     0x8  Data  Lc  mfg-token.o [1]
nwkSequenceNumber       0x20002fc5     0x1  Data  Lc  application-support.o [24]
oneScanDone             0x20002eb2     0x1  Data  Lc  zdo-channel.o [24]
originalChannel         0x20002c1b     0x1  Data  Lc  scan.o [24]
originalPanId           0x20002c28     0x2  Data  Lc  scan.o [24]
originalRadioIdleMode   0x20002c1c     0x1  Data  Lc  scan.o [24]
paPresent               0x20002fbc     0x1  Data  Lc  analogue.o [24]
packetChecks            0x08010f60    0x40  Data  Lc  packet-validate.o [18]
panConflictMeter        0x20002e84     0x1  Data  Lc  management.o [24]
parentAnnounceIndex     0x20002d61     0x1  Data  Gb  zigbee-device-util.o [24]
parentNwkInformation    0x20002e6a     0x2  Data  Gb  child-handling.o [24]
pendingAckedCount       0x20002d90     0x1  Data  Lc  aps-retry.o [24]
permitJoining           0x20002bd8     0x1  Data  Lc  association.o [24]
phyToMacQueueLength     0x20002ed8     0x2  Data  Lc  mac-receive.o [24]
phyToMacQueueLengthReached
                        0x20002eda     0x2  Data  Lc  mac-receive.o [24]
platformTick            0x080143c5    0x20  Code  Lc  util.o [1]
pollState               0x20002e33     0x1  Data  Lc  mac-arbiter.o [24]
powerLevelSettings      0x08000818     0x4  Data  Gb  analogue.o [24]
powers10                0x0800a2e0    0x24  Data  Lc  ember-printf.o [1]
prepareForResponse      0x08014453    0x6c  Code  Lc  util.o [1]
previousLoValue         0x200022a4     0x1  Data  Gb  clocks.o [15]
previousTemperature     0x20002fd1     0x1  Data  Lc  phy.o [24]
previousTemperatureAvailable
                        0x20002fd2     0x1  Data  Lc  phy.o [24]
printDiscoverCommandsResponse
                        0x08018ba5    0x10  Code  Lc  process-global-message.o [1]
processDeviceAnnounceAndFindIdConflict
                        0x08007925    0xbe  Code  Lc  network.o [24]
processKeyCommand       0x0800ef29   0x300  Code  Lc  aps-security.o [21]
processRxAddressReceiveCompleteIsr
                        0x08000b3d   0x12a  Code  Lc  phy.o [24]
processRxPacketCompleteIsr
                        0x08000c73    0xde  Code  Lc  phy.o [24]
processScanRequest      0x08016b33   0x122  Code  Lc  zdo-channel.o [24]
processSimpleDescriptorResponse
                        0x08015835    0xd2  Code  Lc  service-discovery-common.o [1]
processZigbeePacket     0x080073b9   0x42a  Code  Lc  network.o [24]
ptiEnabled              0x200022b2     0x1  Data  Lc  phy-common.o [24]
ptrCache                0x200028c0    0xd4  Data  Gb  sim-eeprom.o [1]
ptrCacheLoc             0x08002d89    0x22  Code  Lc  sim-eeprom-internal.o [23]
pushEui64               0x0800d085    0x10  Code  Lc  zigbee-packet-header.o [24]
pushInt16u              0x0800d079     0xc  Code  Lc  zigbee-packet-header.o [24]
quietlyEraseChild       0x08008ab5    0x3c  Code  Lc  child.o [24]
radioCheckCrc           0x200022b0     0x1  Data  Gb  phy-common.o [24]
radioCurrentPowerStatus
                        0x200022b8     0x1  Data  Gb  phy-common.o [24]
radioIdlePowerState     0x200022b6     0x1  Data  Lc  phy-common.o [24]
radioTransmitConfig     0x2000228c     0x8  Data  Gb  zigbee-stack.o [24]
reCalibrateVref         0x20002fbd     0x1  Data  Gb  analogue.o [24]
readCounterValue        0x08003607    0x34  Code  Lc  sim-eeprom-internal.o [23]
readEndDeviceBindRequestEui64
                        0x0801a4e1    0x18  Code  Lc  end-device-bind.o [13]
readIdentifyTime        0x0801b987    0x18  Code  Lc  identify.o [1]
readNetworkTokens       0x08010747    0x2e  Code  Lc  association.o [24]
readNodeData            0x08010775     0xc  Code  Lc  association.o [24]
readTokenData           0x08002d07    0x42  Code  Lc  sim-eeprom-internal.o [23]
reallyMatchEndDeviceBindRequests
                        0x0801a66b   0x114  Code  Lc  end-device-bind.o [13]
recalculateMacDataPendingBitField
                        0x08003c1b    0x36  Code  Lc  mac-indirect.o [24]
receivedTimeoutResponse
                        0x20002e54     0x1  Data  Gb  child-handling.o [24]
recyclePendingAckedMessages
                        0x080122fd    0x46  Code  Lc  aps-retry.o [24]
reenqueueSubmitHead     0x0800b6cd    0x78  Code  Lc  retry.o [24]
rejoinUpdateDeviceStatusValues
                        0x0800fc04     0x8  Data  Lc  association.o [24]
removeConfiguration     0x08018515    0x24  Code  Lc  reporting.o [1]
removeConfigurationAndScheduleTick
                        0x08018539     0xc  Code  Lc  reporting.o [1]
removeFromBuffer        0x08006da5    0x2e  Code  Lc  network.o [24]
requestKeyBuffer        0x200022c6     0x1  Data  Lc  trust-center-util.o [21]
requestLinkKeyUpdate    0x20002fdc     0x1  Data  Lc  aps-keys-transient.o [21]
responseTimeoutRemaining
                        0x20002e55     0x1  Data  Gb  child-handling.o [24]
retrySendReport         0x08017f91    0x12  Code  Lc  reporting.o [1]
rf4ceNetworkCommandPacketIsValid
                        0x08010e6f    0x60  Code  Lc  packet-validate.o [18]
rf4ceNetworkPacketIsValid
                        0x08010e1d    0x52  Code  Lc  packet-validate.o [18]
rf4ceNwkApplicationCapabilitiesOffset
                        0x08010f5c     0x4  Data  Lc  packet-validate.o [18]
rf4ceNwkCommandBaseSizes
                        0x08010f50     0xc  Data  Lc  packet-validate.o [18]
rhoActive               0x20002fd3     0x1  Data  Lc  phy.o [24]
rhoState                0x20002674     0x1  Data  Lc  micro.o [1]
rmwRadioPowerCfgReg     0x0800202d    0x44  Code  Lc  micro.o [1]
rmwRadioPowerOutReg     0x08002071    0x3e  Code  Lc  micro.o [1]
routeRequestId          0x20002fdd     0x1  Data  Lc  route-discovery.o [24]
routeTableTimer         0x20002fa0     0x1  Data  Lc  route-table.o [24]
runEventHandler         0x08012503   0x122  Code  Lc  aps-retry.o [24]
rxBuffer                0x20002c4c   0x114  Data  Lc  phy.o [24]
sampleVcoTune           0x080023fb    0x46  Code  Gb  analogue-mod-dac.o [24]
savedAssertInfo         0x20002580     0x8  Data  Lc  cstartup-iar-common.o [1]
savedControl            0x20002d80          Data  Gb  context-switch.o [15]
savedMSP                0x20002d78          Data  Gb  context-switch.o [15]
savedPSP                0x20002d7c          Data  Gb  context-switch.o [15]
savedRequests           0x20002ebc    0x10  Data  Lc  end-device-bind.o [13]
savedResetCause         0x20002588     0x2  Data  Lc  cstartup-iar-common.o [1]
scanChannelMask         0x20002c30     0x4  Data  Lc  scan.o [24]
scanDuration            0x20002c19     0x1  Data  Lc  scan.o [24]
scanFrameCounter        0x20002c2c     0x4  Data  Lc  scan.o [24]
scanRequestHeader       0x200022e0     0x1  Data  Lc  zdo-channel.o [24]
scanResults             0x200022e1     0x1  Data  Lc  zdo-channel.o [24]
scanTransmitRetries     0x20002c1a     0x1  Data  Lc  scan.o [24]
scansRemaining          0x20002eaf     0x1  Data  Lc  zdo-channel.o [24]
scheduleHalSysTickIsrMicroseconds
                        0x08001a2f     0xa  Code  Lc  clocks.o [15]
scheduleIdentifyTick    0x0801b9b7    0x66  Code  Lc  identify.o [1]
scheduleTick            0x08018495    0x78  Code  Lc  reporting.o [1]
score                   0x08011841     0xc  Code  Lc  neighbor-exchange.o [24]
securityAddressCacheInit
                        0x08014a79     0xc  Code  Gb  security-address-cache.o [1]
seed0                   0x20002224     0x2  Data  Gb  random.o [1]
seed1                   0x20002226     0x2  Data  Gb  random.o [1]
send                    0x08009935   0x182  Code  Lc  af-main-common.o [1]
sendAckedUnicast        0x08012625   0x10a  Code  Lc  aps-retry.o [24]
sendApplicationKeys     0x080177e9    0xe6  Code  Lc  trust-center-util.o [21]
sendBindRequest         0x0801a7e3    0xc6  Code  Lc  end-device-bind.o [13]
sendFromSource          0x2000228a     0x2  Data  Lc  application-support.o [24]
sendLeaveCommand        0x080116c7    0x72  Code  Lc  leave.o [24]
sendNeighborExchange    0x08011795    0xac  Code  Lc  neighbor-exchange.o [24]
sendNetworkKey          0x080175ab    0x12  Code  Lc  trust-center-util.o [21]
sendSpecialJoinRequest  0x0800f925    0xce  Code  Lc  association.o [24]
sendUpdateDevice        0x0800ebfb    0x4c  Code  Lc  aps-security.o [21]
sendZigDevRequestBuffer
                        0x0801b653    0x46  Code  Lc  zigbee-device-library.o [1]
sequenceNumber          0x20002fce     0x1  Data  Lc  debug-jtag.o [10]
serialPort              0x20002128     0x1  Data  Gb  af-main-soc.o [1]
serialRegData           0x20002b90    0x24  Data  Gb  analogue.o [24]
serverMask              0x20002f92     0x2  Data  Gb  zigbee-device.o [24]
serviceDiscoveryComplete
                        0x080157b9    0x50  Code  Lc  service-discovery-common.o [1]
setChildTokenData       0x08008c89    0xa4  Code  Lc  child.o [24]
setNonvolatileBinding   0x08014e13    0x2e  Code  Lc  binding-table.o [4]
setOrOverrideTrustCenterEui64
                        0x08015f99    0x22  Code  Lc  aps-keys.o [21]
setRadioParameters      0x080105ff    0x50  Code  Lc  association.o [24]
setTxStepTime           0x08000293    0x36  Code  Lc  analogue.o [24]
setUpNextNoteOrStop     0x0801bb6b    0x5a  Code  Lc  buzzer.o [1]
setup                   0x08015617    0x3a  Code  Lc  form-and-join.o [1]
shift                   0x08004519    0x10  Code  Lc  random.o [1]
shortIndirectPool       0x200022dc     0x4  Data  Lc  mac-indirect.o [24]
simEe2offset            0x20002c14     0x4  Data  Gb  sim-eeprom-internal.o [23]
simEeErasePage          0x08002d51    0x16  Code  Lc  sim-eeprom-internal.o [23]
simEeSetDataActiveSemaphore
                        0x20002fb9     0x1  Data  Gb  token.o [1]
simulatedEepromStorage  0x0802e000  0x2000  Data  Gb  sim-eeprom.o [1]
singletonAttributeData  0x20002458    0x58  Data  Gb  attribute-storage.o [1]
sizeCache               0x0801c3dc    0x2c  Data  Gb  sim-eeprom.o [1]
sleepTimerInterruptOccurred
                        0x20002c0c     0x1  Data  Gb  system-timer.o [15]
sleepTmrArtificalCnt    0x20002c10     0x4  Data  Gb  system-timer.o [15]
sleepyBroadcastInfo     0x20002f60     0x1  Data  Lc  jit.o [24]
sleepyEndDevice         0x200022c7     0x1  Data  Lc  child-handling.o [24]
spreadModDac1           0x20002f9c     0x2  Data  Gb  analogue-mod-dac.o [24]
spreadModDac2           0x20002f9e     0x2  Data  Gb  analogue-mod-dac.o [24]
stackEvents             0x0800ce88    0xe0  Data  Gb  zigbee-stack.o [24]
stackTokenInfo          0x08015bb8    0x3c  Data  Lc  token-cache.o [24]
startChannelScan        0x0800ad29    0x64  Code  Lc  scan.o [24]
startNetworkOperation   0x0800f4cb    0x42  Code  Lc  association.o [24]
startPanIdScan          0x08015325    0x34  Code  Lc  form-and-join.o [1]
startScan               0x0801568b    0x22  Code  Lc  form-and-join.o [1]
state                   0x20002684     0x1  Data  Lc  network-find.o [1]
stateTable              0x200025ec    0x24  Data  Lc  identify.o [1]
states                  0x200028b4     0xc  Data  Lc  service-discovery-common.o [1]
status                  0x0801b1c9    0x10  Code  Lc  call-command-handler.o [1]
storedKeysList          0x200022c4     0x1  Data  Lc  aps-keys-transient.o [21]
submitCount             0x20002e91     0x1  Data  Lc  retry.o [24]
swoOutput               0x08009eb7    0xd8  Code  Lc  debug-jtag.o [10]
terminateScanRequest    0x08016afb    0x28  Code  Lc  zdo-channel.o [24]
timeoutOptions          0x0800bac8    0x3c  Data  Gb  child-handling.o [24]
timeoutPools            0x08003c63    0xd8  Code  Lc  mac-indirect.o [24]
tokenArraySize          0x0801c4b4    0x2c  Data  Gb  token-def.o [1]
tokenCreators           0x0801c408    0x54  Data  Gb  token-def.o [1]
tokenDefaults           0x0801c758    0xa8  Data  Gb  token-def.o [1]
tokenIsCnt              0x0801c45c    0x2c  Data  Gb  token-def.o [1]
tokenSize               0x0801c488    0x2c  Data  Gb  token-def.o [1]
tokensActive            0x20002fb8     0x1  Data  Gb  token.o [1]
totalInitialChildren    0x20002d62     0x1  Data  Gb  zigbee-device-util.o [24]
transmitQueue           0x20002e34     0x8  Data  Lc  mac-arbiter.o [24]
transportKeyFrameSizes  0x08010f48     0x8  Data  Lc  packet-validate.o [18]
tuneDone                0x20002129     0x1  Data  Gb  buzzer.o [1]
tunePos                 0x200024b0     0x1  Data  Gb  buzzer.o [1]
txPower                 0x080007cc    0x28  Data  Gb  analogue.o [24]
txStepTimeSnapshot      0x20002d8a     0x2  Data  Lc  phy-common.o [24]
unicastHead             0x20002f6c     0x1  Data  Lc  unicast-table.o [24]
uninitializedIsr        0x0801bc15          Code  Gb  faults.o [1]
unsentMessageCount      0x20002e32     0x1  Data  Lc  mac-arbiter.o [24]
unsolicitedChannelReport
                        0x20002eae     0x1  Data  Lc  zdo-channel.o [24]
updateParentToken       0x080108fd    0x6c  Code  Lc  association.o [24]
useOsc32k               0x20002fb2     0x1  Data  Gb  micro-common.o [1]
useXtalAsIs             0x20002fcd     0x1  Data  Lc  clocks.o [15]
useXtalSysTickIsr       0x20002fca     0x1  Data  Gb  clocks.o [15]
vFillBuffer             0x08017dc1   0x136  Code  Lc  client-api.o [1]
vcoLastTuneValueAvailable
                        0x20002fd4     0x1  Data  Gb  analogue-vco.o [24]
vcoTuneModDacError      0x08002441    0x24  Code  Lc  analogue-mod-dac.o [24]
verifyFib               0x080059f5    0x22  Code  Lc  flash.o [15]
volatileData            0x200026a0    0xf0  Data  Lc  reporting.o [1]
wakeupSleepTmrCnt       0x2000299c     0x4  Data  Gb  sleep.o [1]
wakeupXtalState         0x20002fcc     0x1  Data  Gb  clocks.o [15]
walkDelayQueue          0x0800b4a9    0xd0  Code  Lc  retry.o [24]
writeIdentifyTime       0x0801b99f    0x18  Code  Lc  identify.o [1]
writeMessage            0x08006317    0xb0  Code  Lc  packet-buffer.o [24]
writePageCounters       0x080033b3    0x78  Code  Lc  sim-eeprom-internal.o [23]
writeServerAttribute    0x0801a9b5     0xe  Code  Lc  scenes.o [1]
writeTokenBlockData     0x08002cb5    0x52  Code  Lc  sim-eeprom-internal.o [23]
xtalAboveLoThresholdUs  0x200022a6     0x2  Data  Gb  clocks.o [15]
xtalUnstable            0x20002fcb     0x1  Data  Gb  clocks.o [15]
zaNodeSecurityInit      0x08015d8d    0x74  Code  Gb  af-node.o [1]
zaTrustCenterSecurityPolicyInit
                        0x08015d35    0x28  Code  Gb  af-trust-center.o [1]
zeroLenByte             0x20002326     0x2  Data  Lc  message.o [1]
zigDevApsStruct         0x20002d6c     0x4  Data  Lc  zigbee-device-util.o [24]
zigDevRequestRadius     0x2000224e     0x1  Data  Gb  zigbee-device-common.o [1]
zigDevRequestSequence   0x20002fba     0x1  Data  Lc  zigbee-device-common.o [1]
zigDevRequestSequence   0x20002d60     0x1  Data  Lc  zigbee-device-util.o [24]


[1] = D:\Work Space\Silabs\Zigbee\EmberZNet5.6.0-GA\app\builder\ZigbeeRoute\4 nut\Obj
[2] = command line
[3] = alarm-stub-library.a
[4] = binding-table-library.a
[5] = cbke-163k1-stub-library.a
[6] = cbke-283k1-stub-library.a
[7] = cbke-library-dsa-sign-stub.a
[8] = cbke-library-dsa-verify-stub.a
[9] = cbke-stub-library.a
[10] = debug-basic-library.a
[11] = debug-extended-stub-library.a
[12] = dl7M_tln.a
[13] = end-device-bind-library.a
[14] = enhanced-beacon-request-stub-library.a
[15] = hal-library.a
[16] = install-code-library-stub.a
[17] = multi-network-stub-library.a
[18] = packet-validate-library.a
[19] = rf4ce-stack-stub-library.a
[20] = rt7M_tl.a
[21] = security-library-core.a
[22] = security-library-link-keys-stub.a
[23] = sim-eeprom1-library.a
[24] = zigbee-pro-stack.a
[25] = zll-stub-library.a

  113 888 bytes of readonly  code memory
    3 485 bytes of readonly  data memory
   18 104 bytes of readwrite data memory

Errors: none
Warnings: none
