###############################################################################
#
# IAR ANSI C/C++ Compiler V7.10.1.6676/W32 for ARM        22/Oct/2015  09:33:05
# Copyright 1999-2014 IAR Systems AB.
#
#    Cpu mode     =  thumb
#    Endian       =  little
#    Source file  =  
#        E:\Zigbee\EmberZNet5.6.0-GA\app\framework\plugin\counters\counters-cli.c
#    Command line =  
#        E:\Zigbee\EmberZNet5.6.0-GA\app\framework\plugin\counters\counters-cli.c
#        -D DIMMER -D NULL_BTL -D CORTEXM3 -D CORTEXM3_EMBER_MICRO -D
#        CORTEXM3_EM357 -D PHY_EM3XX -D
#        "APPLICATION_TOKEN_HEADER=\"app/framework/util/tokens.h\"" -D
#        "ATTRIBUTE_STORAGE_CONFIGURATION=\"app/builder/ZigbeeRoute/ZigbeeRoute_endpoint_config.h\""
#        -D "BOARD_HEADER=\"app\builder\ZigbeeRoute\ZigbeeRoute_board.h\"" -D
#        "CONFIGURATION_HEADER=\"app/framework/util/config.h\"" -D
#        "GENERATED_TOKEN_HEADER=\"app/builder/ZigbeeRoute/ZigbeeRoute_tokens.h\""
#        -D "PLATFORM_HEADER=\"hal/micro/cortexm3/compiler/iar.h\"" -D
#        "ZA_GENERATED_HEADER=\"app/builder/ZigbeeRoute/ZigbeeRoute.h\"" -D
#        "__SOURCEFILE__=\"counters-cli.c\"" -lC
#        E:\Zigbee\EmberZNet5.6.0-GA\app\builder\ZigbeeRoute\dim\List\
#        --diag_suppress Pa050 -o
#        E:\Zigbee\EmberZNet5.6.0-GA\app\builder\ZigbeeRoute\dim\Obj\ --debug
#        --endian=little --cpu=Cortex-M3 --no_path_in_file_macros
#        --separate_cluster_for_initialized_variables -e --fpu=None
#        --dlib_config "C:\Program Files (x86)\IAR Systems\Embedded Workbench
#        7.0\arm\INC\c\DLib_Config_Normal.h" -I
#        E:\Zigbee\EmberZNet5.6.0-GA\app\framework\plugin\counters\ -I
#        E:\Zigbee\EmberZNet5.6.0-GA\app\builder\ZigbeeRoute\ -I
#        E:\Zigbee\EmberZNet5.6.0-GA\app\builder\ZigbeeRoute\..\..\..\ -I
#        E:\Zigbee\EmberZNet5.6.0-GA\app\builder\ZigbeeRoute\..\..\..\app\framework\include\
#        -I
#        E:\Zigbee\EmberZNet5.6.0-GA\app\builder\ZigbeeRoute\..\..\..\app\util\
#        -I E:\Zigbee\EmberZNet5.6.0-GA\app\builder\ZigbeeRoute\..\..\..\stack\
#        -I E:\Zigbee\EmberZNet5.6.0-GA\app\builder\ZigbeeRoute\..\..\..\hal\
#        -I
#        E:\Zigbee\EmberZNet5.6.0-GA\app\builder\ZigbeeRoute\..\..\..\hal\..\
#        -Ohz --use_c++_inline
#    List file    =  
#        E:\Zigbee\EmberZNet5.6.0-GA\app\builder\ZigbeeRoute\dim\List\counters-cli.lst
#    Object file  =  
#        E:\Zigbee\EmberZNet5.6.0-GA\app\builder\ZigbeeRoute\dim\Obj\counters-cli.o
#
###############################################################################

E:\Zigbee\EmberZNet5.6.0-GA\app\framework\plugin\counters\counters-cli.c
      1          // File: counters-cli.c
      2          //
      3          // Used for testing the counters library via a command line interface.
      4          // For documentation on the counters library see counters.h.
      5          //
      6          // Copyright 2007 by Ember Corporation. All rights reserved.                *80*
      7          
      8          #include "app/framework/include/af.h"
      9          #include "app/util/serial/command-interpreter2.h"
     10          #include "app/util/common/common.h"
     11          #include "counters.h"
     12          #include "counters-ota.h"
     13          #include "counters-cli.h"
     14          
     15          

   \                                 In section .data, align 4
     16          PGM_NO_CONST PGM_P titleStrings[] = {
   \                     titleStrings:
   \   00000000   0x........         DC32 `?<Constant "Mac Rx Bcast">`, `?<Constant "Mac Tx Bcast">`
   \              0x........   
   \   00000008   0x........         DC32 `?<Constant "Mac Rx Ucast">`, `?<Constant "Mac Tx Ucast">`
   \              0x........   
   \   00000010   0x........         DC32 `?<Constant "Mac Tx Ucast Retry">`
   \   00000014   0x........         DC32 `?<Constant "Mac Tx Ucast Fail">`, `?<Constant "APS Rx Bcast">`
   \              0x........   
   \   0000001C   0x........         DC32 `?<Constant "APS Tx Bcast">`, `?<Constant "APS Rx Ucast">`
   \              0x........   
   \   00000024   0x........         DC32 `?<Constant "APS Tx Ucast Success">`
   \   00000028   0x........         DC32 `?<Constant "APS Tx Ucast Retry">`
   \   0000002C   0x........         DC32 `?<Constant "APS Tx Ucast Fail">`
   \   00000030   0x........         DC32 `?<Constant "Route Disc Initiated">`
   \   00000034   0x........         DC32 `?<Constant "Neighbor Added">`, `?<Constant "Neighbor Removed">`
   \              0x........   
   \   0000003C   0x........         DC32 `?<Constant "Neighbor Stale">`, `?<Constant "Join Indication">`
   \              0x........   
   \   00000044   0x........         DC32 `?<Constant "Child Moved">`, `?<Constant "ASH Overflow">`
   \              0x........   
   \   0000004C   0x........         DC32 `?<Constant "ASH Frame Error">`, `?<Constant "ASH Overrun Error">`
   \              0x........   
   \   00000054   0x........         DC32 `?<Constant "NWK FC Failure">`, `?<Constant "APS FC Failure">`
   \              0x........   
   \   0000005C   0x........         DC32 `?<Constant "ASH XOff">`, `?<Constant "APS Unauthorized Key">`
   \              0x........   
   \   00000064   0x........         DC32 `?<Constant "NWK Decrypt Failures">`
   \   00000068   0x........         DC32 `?<Constant "APS Decrypt Failures">`
   \   0000006C   0x........         DC32 `?<Constant "Packet Buffer Allocat...">`
   \   00000070   0x........         DC32 `?<Constant "Relayed Ucast">`
   \   00000074   0x........         DC32 `?<Constant "Phy to MAC queue limi...">`
   \   00000078   0x........         DC32 `?<Constant "Packet Validate drop ...">`
   \   0000007C   0x........         DC32 `?<Constant "NWK retry overflow">`, `?<Constant "CCA Failures">`
   \              0x........   
   \   00000084   0x00000000         DC32 0H
     17            EMBER_COUNTER_STRINGS
     18          };

   \                                 In section .data, align 4
     19          PGM_NO_CONST PGM_P unknownCounter = "???";
   \                     unknownCounter:
   \   00000000   0x........         DC32 `?<Constant "???">`
     20          static void emberAfPluginCountersPrint(void);
     21          

   \                                 In section .text, align 2, keep-with-next
     22          void emberAfPluginCountersPrintCommand(void)
     23          { 
   \                     emberAfPluginCountersPrintCommand: (+1)
   \   00000000   0xB580             PUSH     {R7,LR}
     24          
     25          #if defined(EZSP_HOST)
     26            ezspReadAndClearCounters(emberCounters);
     27          #endif
     28          
     29          emberAfPluginCountersPrint();
   \   00000002   0x.... 0x....      BL       emberAfPluginCountersPrint
     30          
     31          #if !defined(EZSP_HOST)
     32            emberAfPluginCountersClear();
   \   00000006   0xE8BD 0x4001      POP      {R0,LR}
   \   0000000A   0x.... 0x....      B.W      emberAfPluginCountersClear
     33          #endif
     34          
     35          }
     36          

   \                                 In section .text, align 2, keep-with-next
     37          void emberAfPluginCountersSimplePrintCommand(void)
     38          {
     39          
     40          #if defined(EZSP_HOST)
     41            ezspReadCounters(emberCounters);
     42          #endif
     43          
     44            emberAfPluginCountersPrint();
   \                     emberAfPluginCountersSimplePrintCommand: (+1)
   \   00000000   0x....             B.N      emberAfPluginCountersPrint
     45          }
     46          

   \                                 In section .text, align 2, keep-with-next
     47          void emberAfPluginCountersSendRequestCommand(void)
     48          {
     49          
     50          #if defined(EMBER_AF_PLUGIN_COUNTERS_OTA)
     51            emberAfPluginCountersSendRequest(emberUnsignedCommandArgument(0),
     52                                             emberUnsignedCommandArgument(1));
     53          #endif
     54          
     55          }
   \                     emberAfPluginCountersSendRequestCommand: (+1)
   \   00000000   0x4770             BX       LR               ;; return
     56          
     57          

   \                                 In section .text, align 2, keep-with-next
     58          void emberAfPluginCountersSetThresholdCommand(void)
     59          {
   \                     emberAfPluginCountersSetThresholdCommand: (+1)
   \   00000000   0xB510             PUSH     {R4,LR}
     60            EmberCounterType type = (int8u)emberUnsignedCommandArgument(0);
   \   00000002   0x2000             MOVS     R0,#+0
   \   00000004   0x.... 0x....      BL       emberUnsignedCommandArgument
   \   00000008   0x4604             MOV      R4,R0
     61            int16u threshold = (int16u)emberUnsignedCommandArgument(1);
   \   0000000A   0x2001             MOVS     R0,#+1
   \   0000000C   0x.... 0x....      BL       emberUnsignedCommandArgument
     62            emberAfCorePrintln("Setting Threshold command");
     63            emberAfPluginCountersSetThreshold(type,threshold);
   \   00000010   0xB281             UXTH     R1,R0
   \   00000012   0xB2E0             UXTB     R0,R4
   \   00000014   0xE8BD 0x4010      POP      {R4,LR}
   \   00000018   0x.... 0x....      B.W      emberAfPluginCountersSetThreshold
     64          }
     65          

   \                                 In section .text, align 2, keep-with-next
     66          void emberAfPluginCountersPrintThresholdsCommand(void)
     67          {
     68            int8u i;
     69            for(i=0; i<EMBER_COUNTER_TYPE_COUNT; i++) {
     70              emberAfCorePrintln("%u) %p: %u",
     71                                 i,
     72                                 (titleStrings[i] == NULL
     73                                 ? unknownCounter
     74                                 : titleStrings[i]),                       
     75                                 emberCountersThresholds[i]);
     76            }
     77          }
   \                     emberAfPluginCountersPrintThresholdsCommand: (+1)
   \   00000000   0x4770             BX       LR               ;; return
     78          
     79          
     80          #if !defined(EZSP_HOST)
     81          

   \                                 In section .text, align 2, keep-with-next
     82          void emberAfPluginCounterPrintCountersResponse(EmberMessageBuffer message)
     83          {
     84            int8u i;
     85            int8u length = emberMessageBufferLength(message);
   \                     emberAfPluginCounterPrintCountersResponse: (+1)
   \   00000000   0x....             LDR.N    R1,??DataTable34
   \   00000002   0x6809             LDR      R1,[R1, #+0]
   \   00000004   0x5C40             LDRB     R0,[R0, R1]
     86            for (i = 0; i < length; i += 3) {
   \   00000006   0x2100             MOVS     R1,#+0
   \   00000008   0xE001             B.N      ??emberAfPluginCounterPrintCountersResponse_0
   \                     ??emberAfPluginCounterPrintCountersResponse_1: (+1)
   \   0000000A   0x1CC9             ADDS     R1,R1,#+3
   \   0000000C   0xB2C9             UXTB     R1,R1
   \                     ??emberAfPluginCounterPrintCountersResponse_0: (+1)
   \   0000000E   0x4281             CMP      R1,R0
   \   00000010   0xDBFB             BLT.N    ??emberAfPluginCounterPrintCountersResponse_1
     87              emberAfCorePrintln("%d: %d",
     88                                 emberGetLinkedBuffersByte(message, i),
     89                                 emberGetLinkedBuffersLowHighInt16u(message, i + 1));
     90            }
     91          }
   \   00000012   0x4770             BX       LR               ;; return
     92          
     93          #endif
     94          

   \                                 In section .text, align 2, keep-with-next
     95          static void emberAfPluginCountersPrint(void)
     96          {
     97            int8u i;
     98            for(i=0; i<EMBER_COUNTER_TYPE_COUNT; i++) {
     99              emberAfCorePrintln("%u) %p: %u", 
    100                                  i,
    101                                  (titleStrings[i] == NULL
    102                                  ? unknownCounter
    103                                  : titleStrings[i]),
    104                                  emberCounters[i]);
    105            }  
    106          }
   \                     emberAfPluginCountersPrint: (+1)
   \   00000000   0x4770             BX       LR               ;; return

   \                                 In section .text, align 4, keep-with-next
   \                     ??DataTable34:
   \   00000000   0x........         DC32     emMessageBufferLengths

   \                                 In section .rodata, align 4, keep-with-next
   \                     `?<Constant "Mac Rx Bcast">`:
   \   00000000   0x4D 0x61          DC8 "Mac Rx Bcast"
   \              0x63 0x20    
   \              0x52 0x78    
   \              0x20 0x42    
   \              0x63 0x61    
   \              0x73 0x74    
   \              0x00         
   \   0000000D   0x00 0x00          DC8 0, 0, 0
   \              0x00         

   \                                 In section .rodata, align 4, keep-with-next
   \                     `?<Constant "Mac Tx Bcast">`:
   \   00000000   0x4D 0x61          DC8 "Mac Tx Bcast"
   \              0x63 0x20    
   \              0x54 0x78    
   \              0x20 0x42    
   \              0x63 0x61    
   \              0x73 0x74    
   \              0x00         
   \   0000000D   0x00 0x00          DC8 0, 0, 0
   \              0x00         

   \                                 In section .rodata, align 4, keep-with-next
   \                     `?<Constant "Mac Rx Ucast">`:
   \   00000000   0x4D 0x61          DC8 "Mac Rx Ucast"
   \              0x63 0x20    
   \              0x52 0x78    
   \              0x20 0x55    
   \              0x63 0x61    
   \              0x73 0x74    
   \              0x00         
   \   0000000D   0x00 0x00          DC8 0, 0, 0
   \              0x00         

   \                                 In section .rodata, align 4, keep-with-next
   \                     `?<Constant "Mac Tx Ucast">`:
   \   00000000   0x4D 0x61          DC8 "Mac Tx Ucast"
   \              0x63 0x20    
   \              0x54 0x78    
   \              0x20 0x55    
   \              0x63 0x61    
   \              0x73 0x74    
   \              0x00         
   \   0000000D   0x00 0x00          DC8 0, 0, 0
   \              0x00         

   \                                 In section .rodata, align 4, keep-with-next
   \                     `?<Constant "Mac Tx Ucast Retry">`:
   \   00000000   0x4D 0x61          DC8 "Mac Tx Ucast Retry"
   \              0x63 0x20    
   \              0x54 0x78    
   \              0x20 0x55    
   \              0x63 0x61    
   \              0x73 0x74    
   \              0x20 0x52    
   \              0x65 0x74    
   \              0x72 0x79    
   \              0x00         
   \   00000013   0x00               DC8 0

   \                                 In section .rodata, align 4, keep-with-next
   \                     `?<Constant "Mac Tx Ucast Fail">`:
   \   00000000   0x4D 0x61          DC8 "Mac Tx Ucast Fail"
   \              0x63 0x20    
   \              0x54 0x78    
   \              0x20 0x55    
   \              0x63 0x61    
   \              0x73 0x74    
   \              0x20 0x46    
   \              0x61 0x69    
   \              0x6C 0x00    
   \   00000012   0x00 0x00          DC8 0, 0

   \                                 In section .rodata, align 4, keep-with-next
   \                     `?<Constant "APS Rx Bcast">`:
   \   00000000   0x41 0x50          DC8 "APS Rx Bcast"
   \              0x53 0x20    
   \              0x52 0x78    
   \              0x20 0x42    
   \              0x63 0x61    
   \              0x73 0x74    
   \              0x00         
   \   0000000D   0x00 0x00          DC8 0, 0, 0
   \              0x00         

   \                                 In section .rodata, align 4, keep-with-next
   \                     `?<Constant "APS Tx Bcast">`:
   \   00000000   0x41 0x50          DC8 "APS Tx Bcast"
   \              0x53 0x20    
   \              0x54 0x78    
   \              0x20 0x42    
   \              0x63 0x61    
   \              0x73 0x74    
   \              0x00         
   \   0000000D   0x00 0x00          DC8 0, 0, 0
   \              0x00         

   \                                 In section .rodata, align 4, keep-with-next
   \                     `?<Constant "APS Rx Ucast">`:
   \   00000000   0x41 0x50          DC8 "APS Rx Ucast"
   \              0x53 0x20    
   \              0x52 0x78    
   \              0x20 0x55    
   \              0x63 0x61    
   \              0x73 0x74    
   \              0x00         
   \   0000000D   0x00 0x00          DC8 0, 0, 0
   \              0x00         

   \                                 In section .rodata, align 4, keep-with-next
   \                     `?<Constant "APS Tx Ucast Success">`:
   \   00000000   0x41 0x50          DC8 "APS Tx Ucast Success"
   \              0x53 0x20    
   \              0x54 0x78    
   \              0x20 0x55    
   \              0x63 0x61    
   \              0x73 0x74    
   \              0x20 0x53    
   \              0x75 0x63    
   \              0x63 0x65    
   \              0x73 0x73    
   \              0x00         
   \   00000015   0x00 0x00          DC8 0, 0, 0
   \              0x00         

   \                                 In section .rodata, align 4, keep-with-next
   \                     `?<Constant "APS Tx Ucast Retry">`:
   \   00000000   0x41 0x50          DC8 "APS Tx Ucast Retry"
   \              0x53 0x20    
   \              0x54 0x78    
   \              0x20 0x55    
   \              0x63 0x61    
   \              0x73 0x74    
   \              0x20 0x52    
   \              0x65 0x74    
   \              0x72 0x79    
   \              0x00         
   \   00000013   0x00               DC8 0

   \                                 In section .rodata, align 4, keep-with-next
   \                     `?<Constant "APS Tx Ucast Fail">`:
   \   00000000   0x41 0x50          DC8 "APS Tx Ucast Fail"
   \              0x53 0x20    
   \              0x54 0x78    
   \              0x20 0x55    
   \              0x63 0x61    
   \              0x73 0x74    
   \              0x20 0x46    
   \              0x61 0x69    
   \              0x6C 0x00    
   \   00000012   0x00 0x00          DC8 0, 0

   \                                 In section .rodata, align 4, keep-with-next
   \                     `?<Constant "Route Disc Initiated">`:
   \   00000000   0x52 0x6F          DC8 "Route Disc Initiated"
   \              0x75 0x74    
   \              0x65 0x20    
   \              0x44 0x69    
   \              0x73 0x63    
   \              0x20 0x49    
   \              0x6E 0x69    
   \              0x74 0x69    
   \              0x61 0x74    
   \              0x65 0x64    
   \              0x00         
   \   00000015   0x00 0x00          DC8 0, 0, 0
   \              0x00         

   \                                 In section .rodata, align 4, keep-with-next
   \                     `?<Constant "Neighbor Added">`:
   \   00000000   0x4E 0x65          DC8 "Neighbor Added"
   \              0x69 0x67    
   \              0x68 0x62    
   \              0x6F 0x72    
   \              0x20 0x41    
   \              0x64 0x64    
   \              0x65 0x64    
   \              0x00         
   \   0000000F   0x00               DC8 0

   \                                 In section .rodata, align 4, keep-with-next
   \                     `?<Constant "Neighbor Removed">`:
   \   00000000   0x4E 0x65          DC8 "Neighbor Removed"
   \              0x69 0x67    
   \              0x68 0x62    
   \              0x6F 0x72    
   \              0x20 0x52    
   \              0x65 0x6D    
   \              0x6F 0x76    
   \              0x65 0x64    
   \              0x00         
   \   00000011   0x00 0x00          DC8 0, 0, 0
   \              0x00         

   \                                 In section .rodata, align 4, keep-with-next
   \                     `?<Constant "Neighbor Stale">`:
   \   00000000   0x4E 0x65          DC8 "Neighbor Stale"
   \              0x69 0x67    
   \              0x68 0x62    
   \              0x6F 0x72    
   \              0x20 0x53    
   \              0x74 0x61    
   \              0x6C 0x65    
   \              0x00         
   \   0000000F   0x00               DC8 0

   \                                 In section .rodata, align 4, keep-with-next
   \                     `?<Constant "Join Indication">`:
   \   00000000   0x4A 0x6F          DC8 "Join Indication"
   \              0x69 0x6E    
   \              0x20 0x49    
   \              0x6E 0x64    
   \              0x69 0x63    
   \              0x61 0x74    
   \              0x69 0x6F    
   \              0x6E 0x00    

   \                                 In section .rodata, align 4, keep-with-next
   \                     `?<Constant "Child Moved">`:
   \   00000000   0x43 0x68          DC8 "Child Moved"
   \              0x69 0x6C    
   \              0x64 0x20    
   \              0x4D 0x6F    
   \              0x76 0x65    
   \              0x64 0x00    

   \                                 In section .rodata, align 4, keep-with-next
   \                     `?<Constant "ASH Overflow">`:
   \   00000000   0x41 0x53          DC8 "ASH Overflow"
   \              0x48 0x20    
   \              0x4F 0x76    
   \              0x65 0x72    
   \              0x66 0x6C    
   \              0x6F 0x77    
   \              0x00         
   \   0000000D   0x00 0x00          DC8 0, 0, 0
   \              0x00         

   \                                 In section .rodata, align 4, keep-with-next
   \                     `?<Constant "ASH Frame Error">`:
   \   00000000   0x41 0x53          DC8 "ASH Frame Error"
   \              0x48 0x20    
   \              0x46 0x72    
   \              0x61 0x6D    
   \              0x65 0x20    
   \              0x45 0x72    
   \              0x72 0x6F    
   \              0x72 0x00    

   \                                 In section .rodata, align 4, keep-with-next
   \                     `?<Constant "ASH Overrun Error">`:
   \   00000000   0x41 0x53          DC8 "ASH Overrun Error"
   \              0x48 0x20    
   \              0x4F 0x76    
   \              0x65 0x72    
   \              0x72 0x75    
   \              0x6E 0x20    
   \              0x45 0x72    
   \              0x72 0x6F    
   \              0x72 0x00    
   \   00000012   0x00 0x00          DC8 0, 0

   \                                 In section .rodata, align 4, keep-with-next
   \                     `?<Constant "NWK FC Failure">`:
   \   00000000   0x4E 0x57          DC8 "NWK FC Failure"
   \              0x4B 0x20    
   \              0x46 0x43    
   \              0x20 0x46    
   \              0x61 0x69    
   \              0x6C 0x75    
   \              0x72 0x65    
   \              0x00         
   \   0000000F   0x00               DC8 0

   \                                 In section .rodata, align 4, keep-with-next
   \                     `?<Constant "APS FC Failure">`:
   \   00000000   0x41 0x50          DC8 "APS FC Failure"
   \              0x53 0x20    
   \              0x46 0x43    
   \              0x20 0x46    
   \              0x61 0x69    
   \              0x6C 0x75    
   \              0x72 0x65    
   \              0x00         
   \   0000000F   0x00               DC8 0

   \                                 In section .rodata, align 4, keep-with-next
   \                     `?<Constant "ASH XOff">`:
   \   00000000   0x41 0x53          DC8 "ASH XOff"
   \              0x48 0x20    
   \              0x58 0x4F    
   \              0x66 0x66    
   \              0x00         
   \   00000009   0x00 0x00          DC8 0, 0, 0
   \              0x00         

   \                                 In section .rodata, align 4, keep-with-next
   \                     `?<Constant "APS Unauthorized Key">`:
   \   00000000   0x41 0x50          DC8 "APS Unauthorized Key"
   \              0x53 0x20    
   \              0x55 0x6E    
   \              0x61 0x75    
   \              0x74 0x68    
   \              0x6F 0x72    
   \              0x69 0x7A    
   \              0x65 0x64    
   \              0x20 0x4B    
   \              0x65 0x79    
   \              0x00         
   \   00000015   0x00 0x00          DC8 0, 0, 0
   \              0x00         

   \                                 In section .rodata, align 4, keep-with-next
   \                     `?<Constant "NWK Decrypt Failures">`:
   \   00000000   0x4E 0x57          DC8 "NWK Decrypt Failures"
   \              0x4B 0x20    
   \              0x44 0x65    
   \              0x63 0x72    
   \              0x79 0x70    
   \              0x74 0x20    
   \              0x46 0x61    
   \              0x69 0x6C    
   \              0x75 0x72    
   \              0x65 0x73    
   \              0x00         
   \   00000015   0x00 0x00          DC8 0, 0, 0
   \              0x00         

   \                                 In section .rodata, align 4, keep-with-next
   \                     `?<Constant "APS Decrypt Failures">`:
   \   00000000   0x41 0x50          DC8 "APS Decrypt Failures"
   \              0x53 0x20    
   \              0x44 0x65    
   \              0x63 0x72    
   \              0x79 0x70    
   \              0x74 0x20    
   \              0x46 0x61    
   \              0x69 0x6C    
   \              0x75 0x72    
   \              0x65 0x73    
   \              0x00         
   \   00000015   0x00 0x00          DC8 0, 0, 0
   \              0x00         

   \                                 In section .rodata, align 4, keep-with-next
   \                     `?<Constant "Packet Buffer Allocat...">`:
   \   00000000   0x50 0x61          DC8 "Packet Buffer Allocate Failures"
   \              0x63 0x6B    
   \              0x65 0x74    
   \              0x20 0x42    
   \              0x75 0x66    
   \              0x66 0x65    
   \              0x72 0x20    
   \              0x41 0x6C    
   \              0x6C 0x6F    
   \              0x63 0x61    
   \              0x74 0x65    
   \              0x20 0x46    
   \              0x61 0x69    
   \              0x6C 0x75    
   \              0x72 0x65    
   \              0x73 0x00    

   \                                 In section .rodata, align 4, keep-with-next
   \                     `?<Constant "Relayed Ucast">`:
   \   00000000   0x52 0x65          DC8 "Relayed Ucast"
   \              0x6C 0x61    
   \              0x79 0x65    
   \              0x64 0x20    
   \              0x55 0x63    
   \              0x61 0x73    
   \              0x74 0x00    
   \   0000000E   0x00 0x00          DC8 0, 0

   \                                 In section .rodata, align 4, keep-with-next
   \                     `?<Constant "Phy to MAC queue limi...">`:
   \   00000000   0x50 0x68          DC8 "Phy to MAC queue limit reached"
   \              0x79 0x20    
   \              0x74 0x6F    
   \              0x20 0x4D    
   \              0x41 0x43    
   \              0x20 0x71    
   \              0x75 0x65    
   \              0x75 0x65    
   \              0x20 0x6C    
   \              0x69 0x6D    
   \              0x69 0x74    
   \              0x20 0x72    
   \              0x65 0x61    
   \              0x63 0x68    
   \              0x65 0x64    
   \              0x00         
   \   0000001F   0x00               DC8 0

   \                                 In section .rodata, align 4, keep-with-next
   \                     `?<Constant "Packet Validate drop ...">`:
   \   00000000   0x50 0x61          DC8 "Packet Validate drop count"
   \              0x63 0x6B    
   \              0x65 0x74    
   \              0x20 0x56    
   \              0x61 0x6C    
   \              0x69 0x64    
   \              0x61 0x74    
   \              0x65 0x20    
   \              0x64 0x72    
   \              0x6F 0x70    
   \              0x20 0x63    
   \              0x6F 0x75    
   \              0x6E 0x74    
   \              0x00         
   \   0000001B   0x00               DC8 0

   \                                 In section .rodata, align 4, keep-with-next
   \                     `?<Constant "NWK retry overflow">`:
   \   00000000   0x4E 0x57          DC8 "NWK retry overflow"
   \              0x4B 0x20    
   \              0x72 0x65    
   \              0x74 0x72    
   \              0x79 0x20    
   \              0x6F 0x76    
   \              0x65 0x72    
   \              0x66 0x6C    
   \              0x6F 0x77    
   \              0x00         
   \   00000013   0x00               DC8 0

   \                                 In section .rodata, align 4, keep-with-next
   \                     `?<Constant "CCA Failures">`:
   \   00000000   0x43 0x43          DC8 "CCA Failures"
   \              0x41 0x20    
   \              0x46 0x61    
   \              0x69 0x6C    
   \              0x75 0x72    
   \              0x65 0x73    
   \              0x00         
   \   0000000D   0x00 0x00          DC8 0, 0, 0
   \              0x00         

   \                                 In section .rodata, align 4, keep-with-next
   \                     `?<Constant "???">`:
   \   00000000   0x3F 0x3F          DC8 "???"
   \              0x3F 0x00    

   Maximum stack usage in bytes:

   .cstack Function
   ------- --------
       0   emberAfPluginCounterPrintCountersResponse
       0   emberAfPluginCountersPrint
       8   emberAfPluginCountersPrintCommand
         0   -> emberAfPluginCountersClear
         8   -> emberAfPluginCountersPrint
       0   emberAfPluginCountersPrintThresholdsCommand
       0   emberAfPluginCountersSendRequestCommand
       8   emberAfPluginCountersSetThresholdCommand
         0   -> emberAfPluginCountersSetThreshold
         8   -> emberUnsignedCommandArgument
       0   emberAfPluginCountersSimplePrintCommand
         0   -> emberAfPluginCountersPrint


   Section sizes:

   Bytes  Function/Label
   -----  --------------
       4  ?<Constant "???">
      24  ?<Constant "APS Decrypt Failures">
      16  ?<Constant "APS FC Failure">
      16  ?<Constant "APS Rx Bcast">
      16  ?<Constant "APS Rx Ucast">
      16  ?<Constant "APS Tx Bcast">
      20  ?<Constant "APS Tx Ucast Fail">
      20  ?<Constant "APS Tx Ucast Retry">
      24  ?<Constant "APS Tx Ucast Success">
      24  ?<Constant "APS Unauthorized Key">
      16  ?<Constant "ASH Frame Error">
      16  ?<Constant "ASH Overflow">
      20  ?<Constant "ASH Overrun Error">
      12  ?<Constant "ASH XOff">
      16  ?<Constant "CCA Failures">
      12  ?<Constant "Child Moved">
      16  ?<Constant "Join Indication">
      16  ?<Constant "Mac Rx Bcast">
      16  ?<Constant "Mac Rx Ucast">
      16  ?<Constant "Mac Tx Bcast">
      20  ?<Constant "Mac Tx Ucast Fail">
      20  ?<Constant "Mac Tx Ucast Retry">
      16  ?<Constant "Mac Tx Ucast">
      24  ?<Constant "NWK Decrypt Failures">
      16  ?<Constant "NWK FC Failure">
      20  ?<Constant "NWK retry overflow">
      16  ?<Constant "Neighbor Added">
      20  ?<Constant "Neighbor Removed">
      16  ?<Constant "Neighbor Stale">
      32  ?<Constant "Packet Buffer Allocat...">
      28  ?<Constant "Packet Validate drop ...">
      32  ?<Constant "Phy to MAC queue limi...">
      16  ?<Constant "Relayed Ucast">
      24  ?<Constant "Route Disc Initiated">
       4  ??DataTable34
      20  emberAfPluginCounterPrintCountersResponse
       2  emberAfPluginCountersPrint
      14  emberAfPluginCountersPrintCommand
       2  emberAfPluginCountersPrintThresholdsCommand
       2  emberAfPluginCountersSendRequestCommand
      28  emberAfPluginCountersSetThresholdCommand
       2  emberAfPluginCountersSimplePrintCommand
     136  titleStrings
       4  unknownCounter

 
 140 bytes in section .data
 636 bytes in section .rodata
  74 bytes in section .text
 
  74 bytes of CODE  memory
 636 bytes of CONST memory
 140 bytes of DATA  memory

Errors: none
Warnings: none
