###############################################################################
#
# IAR ELF Linker V7.10.1.6676/W32 for ARM                 10/Sep/2015  09:00:32
# Copyright 2007-2014 IAR Systems AB.
#
#    Output file  =  
#        E:\Zigbee\EmberZNet5.6.0-GA\app\builder\ZigbeeRoute\build\exe\ZigbeeRoute.out
#    Map file     =  
#        E:\Zigbee\EmberZNet5.6.0-GA\app\builder\ZigbeeRoute\build\lst\ZigbeeRoute.map
#    Command line =  
#        E:\Zigbee\EmberZNet5.6.0-GA\app\builder\ZigbeeRoute\build\obj\adc.o
#        E:\Zigbee\EmberZNet5.6.0-GA\app\builder\ZigbeeRoute\build\obj\address-table-cli.o
#        E:\Zigbee\EmberZNet5.6.0-GA\app\builder\ZigbeeRoute\build\obj\address-table-management.o
#        E:\Zigbee\EmberZNet5.6.0-GA\app\builder\ZigbeeRoute\build\obj\address-table-soc.o
#        E:\Zigbee\EmberZNet5.6.0-GA\app\builder\ZigbeeRoute\build\obj\af-event.o
#        E:\Zigbee\EmberZNet5.6.0-GA\app\builder\ZigbeeRoute\build\obj\af-main-common.o
#        E:\Zigbee\EmberZNet5.6.0-GA\app\builder\ZigbeeRoute\build\obj\af-main-soc.o
#        E:\Zigbee\EmberZNet5.6.0-GA\app\builder\ZigbeeRoute\build\obj\af-node.o
#        E:\Zigbee\EmberZNet5.6.0-GA\app\builder\ZigbeeRoute\build\obj\af-security-common.o
#        E:\Zigbee\EmberZNet5.6.0-GA\app\builder\ZigbeeRoute\build\obj\af-trust-center.o
#        E:\Zigbee\EmberZNet5.6.0-GA\build\alarm-stub-library-cortexm3-iar-em357-em3xx\alarm-stub-library.a
#        E:\Zigbee\EmberZNet5.6.0-GA\app\builder\ZigbeeRoute\build\obj\assert-crash-handlers.o
#        E:\Zigbee\EmberZNet5.6.0-GA\app\builder\ZigbeeRoute\build\obj\attribute-size.o
#        E:\Zigbee\EmberZNet5.6.0-GA\app\builder\ZigbeeRoute\build\obj\attribute-storage.o
#        E:\Zigbee\EmberZNet5.6.0-GA\app\builder\ZigbeeRoute\build\obj\attribute-table.o
#        E:\Zigbee\EmberZNet5.6.0-GA\build\binding-table-library-cortexm3-iar-em357-em3xx\binding-table-library.a
#        E:\Zigbee\EmberZNet5.6.0-GA\app\builder\ZigbeeRoute\build\obj\button.o
#        E:\Zigbee\EmberZNet5.6.0-GA\app\builder\ZigbeeRoute\build\obj\ButtonExe.o
#        E:\Zigbee\EmberZNet5.6.0-GA\app\builder\ZigbeeRoute\build\obj\buzzer.o
#        E:\Zigbee\EmberZNet5.6.0-GA\app\builder\ZigbeeRoute\build\obj\call-command-handler.o
#        E:\Zigbee\EmberZNet5.6.0-GA\app\builder\ZigbeeRoute\build\obj\callback-stub.o
#        E:\Zigbee\EmberZNet5.6.0-GA\app\builder\ZigbeeRoute\build\obj\callbacks.o
#        E:\Zigbee\EmberZNet5.6.0-GA\build\cbke-163k1-stub-library-cortexm3-iar-em357-em3xx\cbke-163k1-stub-library.a
#        E:\Zigbee\EmberZNet5.6.0-GA\build\cbke-283k1-stub-library-cortexm3-iar-em357-em3xx\cbke-283k1-stub-library.a
#        E:\Zigbee\EmberZNet5.6.0-GA\build\cbke-library-dsa-sign-stub-cortexm3-iar-em357-em3xx\cbke-library-dsa-sign-stub.a
#        E:\Zigbee\EmberZNet5.6.0-GA\build\cbke-library-dsa-verify-stub-cortexm3-iar-em357-em3xx\cbke-library-dsa-verify-stub.a
#        E:\Zigbee\EmberZNet5.6.0-GA\build\cbke-stub-library-cortexm3-iar-em357-em3xx\cbke-stub-library.a
#        E:\Zigbee\EmberZNet5.6.0-GA\app\builder\ZigbeeRoute\build\obj\cli.o
#        E:\Zigbee\EmberZNet5.6.0-GA\app\builder\ZigbeeRoute\build\obj\client-api.o
#        E:\Zigbee\EmberZNet5.6.0-GA\app\builder\ZigbeeRoute\build\obj\command-interpreter2.o
#        E:\Zigbee\EmberZNet5.6.0-GA\app\builder\ZigbeeRoute\build\obj\core-cli.o
#        E:\Zigbee\EmberZNet5.6.0-GA\app\builder\ZigbeeRoute\build\obj\counters-cli.o
#        E:\Zigbee\EmberZNet5.6.0-GA\app\builder\ZigbeeRoute\build\obj\counters-ota.o
#        E:\Zigbee\EmberZNet5.6.0-GA\app\builder\ZigbeeRoute\build\obj\counters-soc.o
#        E:\Zigbee\EmberZNet5.6.0-GA\app\builder\ZigbeeRoute\build\obj\crc.o
#        E:\Zigbee\EmberZNet5.6.0-GA\app\builder\ZigbeeRoute\build\obj\crypto-state.o
#        E:\Zigbee\EmberZNet5.6.0-GA\app\builder\ZigbeeRoute\build\obj\cstartup-iar-common.o
#        E:\Zigbee\EmberZNet5.6.0-GA\build\debug-basic-library-cortexm3-iar-em357-em3xx\debug-basic-library.a
#        E:\Zigbee\EmberZNet5.6.0-GA\build\debug-extended-stub-library-cortexm3-iar-em357-em3xx\debug-extended-stub-library.a
#        E:\Zigbee\EmberZNet5.6.0-GA\app\builder\ZigbeeRoute\build\obj\diagnostic.o
#        E:\Zigbee\EmberZNet5.6.0-GA\app\builder\ZigbeeRoute\build\obj\em_usbd.o
#        E:\Zigbee\EmberZNet5.6.0-GA\app\builder\ZigbeeRoute\build\obj\em_usbdch9.o
#        E:\Zigbee\EmberZNet5.6.0-GA\app\builder\ZigbeeRoute\build\obj\em_usbdep.o
#        E:\Zigbee\EmberZNet5.6.0-GA\app\builder\ZigbeeRoute\build\obj\em_usbhal.o
#        E:\Zigbee\EmberZNet5.6.0-GA\app\builder\ZigbeeRoute\build\obj\em_usbint.o
#        E:\Zigbee\EmberZNet5.6.0-GA\app\builder\ZigbeeRoute\build\obj\em_usbtimer.o
#        E:\Zigbee\EmberZNet5.6.0-GA\app\builder\ZigbeeRoute\build\obj\ember-configuration.o
#        E:\Zigbee\EmberZNet5.6.0-GA\app\builder\ZigbeeRoute\build\obj\ember-printf.o
#        E:\Zigbee\EmberZNet5.6.0-GA\build\end-device-bind-library-cortexm3-iar-em357-em3xx\end-device-bind-library.a
#        E:\Zigbee\EmberZNet5.6.0-GA\app\builder\ZigbeeRoute\build\obj\endian.o
#        E:\Zigbee\EmberZNet5.6.0-GA\build\enhanced-beacon-request-stub-library-cortexm3-iar-em357-em3xx\enhanced-beacon-request-stub-library.a
#        E:\Zigbee\EmberZNet5.6.0-GA\app\builder\ZigbeeRoute\build\obj\ext-device.o
#        E:\Zigbee\EmberZNet5.6.0-GA\app\builder\ZigbeeRoute\build\obj\faults.o
#        E:\Zigbee\EmberZNet5.6.0-GA\app\builder\ZigbeeRoute\build\obj\form-and-join-afv2.o
#        E:\Zigbee\EmberZNet5.6.0-GA\app\builder\ZigbeeRoute\build\obj\form-and-join-node-adapter.o
#        E:\Zigbee\EmberZNet5.6.0-GA\app\builder\ZigbeeRoute\build\obj\form-and-join.o
#        E:\Zigbee\EmberZNet5.6.0-GA\app\builder\ZigbeeRoute\build\obj\groups-server-cli.o
#        E:\Zigbee\EmberZNet5.6.0-GA\app\builder\ZigbeeRoute\build\obj\groups-server.o
#        E:\Zigbee\EmberZNet5.6.0-GA\build\hal-library-cortexm3-iar-em357-em3xx\hal-library.a
#        E:\Zigbee\EmberZNet5.6.0-GA\app\builder\ZigbeeRoute\build\obj\halDelay.o
#        E:\Zigbee\EmberZNet5.6.0-GA\app\builder\ZigbeeRoute\build\obj\identify-cli.o
#        E:\Zigbee\EmberZNet5.6.0-GA\app\builder\ZigbeeRoute\build\obj\identify-feedback.o
#        E:\Zigbee\EmberZNet5.6.0-GA\app\builder\ZigbeeRoute\build\obj\identify.o
#        E:\Zigbee\EmberZNet5.6.0-GA\app\builder\ZigbeeRoute\build\obj\idle-sleep-cli.o
#        E:\Zigbee\EmberZNet5.6.0-GA\app\builder\ZigbeeRoute\build\obj\idle-sleep-soc.o
#        E:\Zigbee\EmberZNet5.6.0-GA\app\builder\ZigbeeRoute\build\obj\idle-sleep.o
#        E:\Zigbee\EmberZNet5.6.0-GA\build\install-code-library-stub-cortexm3-iar-em357-em3xx\install-code-library-stub.a
#        E:\Zigbee\EmberZNet5.6.0-GA\app\builder\ZigbeeRoute\build\obj\isr-stubs.o
#        E:\Zigbee\EmberZNet5.6.0-GA\app\builder\ZigbeeRoute\build\obj\led.o
#        E:\Zigbee\EmberZNet5.6.0-GA\app\builder\ZigbeeRoute\build\obj\library.o
#        E:\Zigbee\EmberZNet5.6.0-GA\app\builder\ZigbeeRoute\build\obj\mem-util.o
#        E:\Zigbee\EmberZNet5.6.0-GA\app\builder\ZigbeeRoute\build\obj\message.o
#        E:\Zigbee\EmberZNet5.6.0-GA\app\builder\ZigbeeRoute\build\obj\mfg-token.o
#        E:\Zigbee\EmberZNet5.6.0-GA\app\builder\ZigbeeRoute\build\obj\micro-common.o
#        E:\Zigbee\EmberZNet5.6.0-GA\app\builder\ZigbeeRoute\build\obj\micro.o
#        E:\Zigbee\EmberZNet5.6.0-GA\app\builder\ZigbeeRoute\build\obj\mpu.o
#        E:\Zigbee\EmberZNet5.6.0-GA\build\multi-network-stub-library-cortexm3-iar-em357-em3xx\multi-network-stub-library.a
#        E:\Zigbee\EmberZNet5.6.0-GA\app\builder\ZigbeeRoute\build\obj\multi-network.o
#        E:\Zigbee\EmberZNet5.6.0-GA\app\builder\ZigbeeRoute\build\obj\network-cli.o
#        E:\Zigbee\EmberZNet5.6.0-GA\app\builder\ZigbeeRoute\build\obj\network-find.o
#        E:\Zigbee\EmberZNet5.6.0-GA\app\builder\ZigbeeRoute\build\obj\on-off.o
#        E:\Zigbee\EmberZNet5.6.0-GA\app\builder\ZigbeeRoute\build\obj\option-cli.o
#        E:\Zigbee\EmberZNet5.6.0-GA\build\packet-validate-library-cortexm3-iar-em357-em3xx\packet-validate-library.a
#        E:\Zigbee\EmberZNet5.6.0-GA\app\builder\ZigbeeRoute\build\obj\plugin-cli.o
#        E:\Zigbee\EmberZNet5.6.0-GA\app\builder\ZigbeeRoute\build\obj\print-formatter.o
#        E:\Zigbee\EmberZNet5.6.0-GA\app\builder\ZigbeeRoute\build\obj\print.o
#        E:\Zigbee\EmberZNet5.6.0-GA\app\builder\ZigbeeRoute\build\obj\process-cluster-message.o
#        E:\Zigbee\EmberZNet5.6.0-GA\app\builder\ZigbeeRoute\build\obj\process-global-message.o
#        E:\Zigbee\EmberZNet5.6.0-GA\app\builder\ZigbeeRoute\build\obj\random.o
#        E:\Zigbee\EmberZNet5.6.0-GA\build\rf4ce-stack-stub-library-cortexm3-iar-em357-em3xx\rf4ce-stack-stub-library.a
#        E:\Zigbee\EmberZNet5.6.0-GA\app\builder\ZigbeeRoute\build\obj\scenes-cli.o
#        E:\Zigbee\EmberZNet5.6.0-GA\app\builder\ZigbeeRoute\build\obj\scenes.o
#        E:\Zigbee\EmberZNet5.6.0-GA\app\builder\ZigbeeRoute\build\obj\security-address-cache.o
#        E:\Zigbee\EmberZNet5.6.0-GA\app\builder\ZigbeeRoute\build\obj\security-cli.o
#        E:\Zigbee\EmberZNet5.6.0-GA\build\security-library-core-cortexm3-iar-em357-em3xx\security-library-core.a
#        E:\Zigbee\EmberZNet5.6.0-GA\build\security-library-link-keys-stub-cortexm3-iar-em357-em3xx\security-library-link-keys-stub.a
#        E:\Zigbee\EmberZNet5.6.0-GA\app\builder\ZigbeeRoute\build\obj\serial.o
#        E:\Zigbee\EmberZNet5.6.0-GA\app\builder\ZigbeeRoute\build\obj\service-discovery-common.o
#        E:\Zigbee\EmberZNet5.6.0-GA\app\builder\ZigbeeRoute\build\obj\service-discovery-soc.o
#        E:\Zigbee\EmberZNet5.6.0-GA\app\builder\ZigbeeRoute\build\obj\sim-eeprom.o
#        E:\Zigbee\EmberZNet5.6.0-GA\build\sim-eeprom1-library-cortexm3-iar-em357-em3xx\sim-eeprom1-library.a
#        E:\Zigbee\EmberZNet5.6.0-GA\app\builder\ZigbeeRoute\build\obj\simple-main.o
#        E:\Zigbee\EmberZNet5.6.0-GA\app\builder\ZigbeeRoute\build\obj\sleep.o
#        E:\Zigbee\EmberZNet5.6.0-GA\app\builder\ZigbeeRoute\build\obj\spi-master.o
#        E:\Zigbee\EmberZNet5.6.0-GA\app\builder\ZigbeeRoute\build\obj\stack-handler-stub.o
#        E:\Zigbee\EmberZNet5.6.0-GA\app\builder\ZigbeeRoute\build\obj\task.o
#        E:\Zigbee\EmberZNet5.6.0-GA\app\builder\ZigbeeRoute\build\obj\time-util.o
#        E:\Zigbee\EmberZNet5.6.0-GA\app\builder\ZigbeeRoute\build\obj\token-def.o
#        E:\Zigbee\EmberZNet5.6.0-GA\app\builder\ZigbeeRoute\build\obj\token.o
#        E:\Zigbee\EmberZNet5.6.0-GA\app\builder\ZigbeeRoute\build\obj\uart.o
#        E:\Zigbee\EmberZNet5.6.0-GA\app\builder\ZigbeeRoute\build\obj\UART_task.o
#        E:\Zigbee\EmberZNet5.6.0-GA\app\builder\ZigbeeRoute\build\obj\util.o
#        E:\Zigbee\EmberZNet5.6.0-GA\app\builder\ZigbeeRoute\build\obj\zcl-cli.o
#        E:\Zigbee\EmberZNet5.6.0-GA\app\builder\ZigbeeRoute\build\obj\zdo-cli.o
#        E:\Zigbee\EmberZNet5.6.0-GA\app\builder\ZigbeeRoute\build\obj\zigbee-device-common.o
#        E:\Zigbee\EmberZNet5.6.0-GA\app\builder\ZigbeeRoute\build\obj\zigbee-device-library.o
#        E:\Zigbee\EmberZNet5.6.0-GA\build\zigbee-pro-stack-cortexm3-iar-em357-em3xx\zigbee-pro-stack.a
#        E:\Zigbee\EmberZNet5.6.0-GA\app\builder\ZigbeeRoute\build\obj\ZigbeeRoute_callbacks.o
#        E:\Zigbee\EmberZNet5.6.0-GA\build\zll-stub-library-cortexm3-iar-em357-em3xx\zll-stub-library.a
#        --redirect _Printf=_PrintfFull --redirect _Scanf=_ScanfFull -o
#        E:\Zigbee\EmberZNet5.6.0-GA\app\builder\ZigbeeRoute\build\exe\ZigbeeRoute.out
#        --config_def NULL_BTL=1 --config_def RAM_RETAIN_SIZE=12K --map
#        E:\Zigbee\EmberZNet5.6.0-GA\app\builder\ZigbeeRoute\build\lst\ZigbeeRoute.map
#        --log initialization,modules,sections,veneers --log_file
#        E:\Zigbee\EmberZNet5.6.0-GA\app\builder\ZigbeeRoute\build\lst\ZigbeeRoute.log
#        --config
#        E:\Zigbee\EmberZNet5.6.0-GA\app\builder\ZigbeeRoute\..\..\..\hal\micro\cortexm3\em35x\em357\iar-cfg.icf
#        --diag_suppress Lp012 --entry halEntryPoint --vfe
#
###############################################################################

*******************************************************************************
*** RUNTIME MODEL ATTRIBUTES
***

CppFlavor       = *
__SystemLibrary = DLib


*******************************************************************************
*** PLACEMENT SUMMARY
***

"HEADERS":
       place at start of [0x08000000-0x080000ff] { block HEADER_block };
"APP ro":
       place at start of [0x08000100-0x0802ffff] { block APPRO_block };
"NVM&SIMEE":
       place at end of [0x08000100-0x0802ffff] {
          zi section NVM, zi section SIMEE, zi section INTERNAL_STORAGE };
"FAT": place at 0x08040000 { section FAT };
"DEBUGCHAN":
       place at start of [0x20002ff0-0x20002fff] { rw section DEBUG_CHANNEL };
"APP rw":
       place at end of [0x20000000-0x20002fef] { block APPRW_block };
"Heap":
       place at start of [0x20000000-0x20002fef] { overlay EMHEAP_overlay };
"Guard":
       place in [from 0x20000000 to 0x20002fef] { rw section GUARD_REGION };

  Section                 Kind        Address     Size  Object
  -------                 ----        -------     ----  ------
"HEADERS":                                       0x100
  HEADER_block                     0x08000000    0x100  <Block>
    BAT                   const    0x08000000     0x54  cstartup-iar-common.o [1]
    AAT                   const    0x08000054     0xac  cstartup-iar-common.o [1]
                                 - 0x08000100    0x100

"APP ro":                                      0x1bf7c
  APPRO_block                      0x08000100  0x1bf7c  <Block>
    .intvec               const    0x08000100     0x90  cstartup-iar-common.o [1]
    .text                          0x08000190  0x1b1f0  <Block>
      .text               ro code  0x08000190     0xc0  adc.o [1]
      .text               ro code  0x08000250    0x5cc  analogue.o [24]
      .text               ro code  0x0800081c     0xec  analogue-cell-bias.o [24]
      .text               ro code  0x08000908     0x68  mfg-token.o [1]
      .text               ro code  0x08000970    0x118  token.o [1]
      .text               ro code  0x08000a88    0x5a0  phy.o [24]
      .text               ro code  0x08001028     0x50  analogue-filter.o [24]
      .text               ro code  0x08001078    0x8cc  phy-common.o [24]
      .text               ro code  0x08001944    0x49c  clocks.o [15]
      .text               ro code  0x08001de0    0x1c4  micro-common-internal.o [15]
      .text               ro code  0x08001fa4    0x2c8  micro.o [1]
      .text               ro code  0x0800226c     0xd0  analogue-vco.o [24]
      .text               ro code  0x0800233c    0x278  analogue-mod-dac.o [24]
      .text               ro code  0x080025b4    0x1a4  analogue-lna.o [24]
      .text               ro code  0x08002758    0x11c  caladc.o [15]
      .text               ro code  0x08002874    0x200  assert-crash-handlers.o [1]
      .text               ro code  0x08002a74     0xd2  mem-util.o [1]
      .text               ro code  0x08002b48    0x134  sim-eeprom.o [1]
      .text               ro code  0x08002c7c    0xb28  sim-eeprom-internal.o [23]
      .text               ro code  0x080037a4      0xc  spmr.o [15]
      .text               ro code  0x080037b0      0x6  spmr.o [15]
      .text               ro code  0x080037b8    0x5b4  mac-indirect.o [24]
      .text               ro code  0x08003d6c     0x40  child-table.o [24]
      .text               ro code  0x08003dac    0x22c  ember-multi-network-stub.o [17]
      .text               ro code  0x08003fd8    0x1b8  mac-em250.o [24]
      .text               ro code  0x08004190    0x2b8  mac-receive.o [24]
      .text               ro code  0x08004448     0xae  aes.o [24]
      .text               ro code  0x080044f6      0x8  abs.o [12]
      .text               ro code  0x08004500     0x48  random.o [1]
      .text               ro code  0x08004548      0xe  spmr.o [15]
      .text               ro code  0x08004558      0x8  spmr.o [15]
      .text               ro code  0x08004560    0x65c  sleep.o [1]
      .text               ro code  0x08004bbc     0x18  eui64.o [24]
      .text               ro code  0x08004bd4     0xe8  micro-common.o [1]
      .text               ro code  0x08004cbc      0x4  spmr.o [15]
      .text               ro code  0x08004cc0      0x8  context-switch.o [15]
      .text               ro code  0x08004cc8      0xe  spmr.o [15]
      .text               ro code  0x08004cd8      0x4  spmr.o [15]
      .text               ro code  0x08004cdc    0x2ac  uart.o [1]
      .text               ro code  0x08004f88    0x13c  button.o [1]
      .text               ro code  0x080050c4    0x194  micro-internal.o [15]
      .text               ro code  0x08005258     0xac  cstartup-iar-common.o [1]
      .text               ro code  0x08005304    0x2f0  debug.o [10]
      .text               ro code  0x080055f4    0x2a8  serial.o [1]
      .text               ro code  0x0800589c      0x6  ABImemclr4.o [20]
      .text               ro code  0x080058a4     0x66  ABImemset.o [20]
      .text               ro code  0x0800590a     0x1a  debug-extended-stub.o [11]
      .text               ro code  0x08005924     0xd0  ember-configuration.o [1]
      .text               ro code  0x080059f4    0x120  flash.o [15]
      .text               ro code  0x08005b14    0x10c  system-timer.o [15]
      .text               ro code  0x08005c20    0x244  packet-header.o [24]
      .text               ro code  0x08005e64    0x6f0  packet-buffer.o [24]
      .text               ro code  0x08006554    0x230  event-control.o [24]
      .text               ro code  0x08006784    0x43c  mac-arbiter.o [24]
      .text               ro code  0x08006bc0     0x5a  byte-utilities.o [24]
      .text               ro code  0x08006c1c     0x22  I64Shl.o [20]
      .text               ro code  0x08006c40   0x1518  network.o [24]
      .text               ro code  0x08008158    0x444  mac.o [24]
      .text               ro code  0x0800859c    0x7c4  child.o [24]
      .text               ro code  0x08008d60    0x16c  ember-stack-common.o [24]
      .text               ro code  0x08008ecc     0x68  rf4ce-stack-stubs.o [19]
      .text               ro code  0x08008f34    0x3dc  af-main-soc.o [1]
      .text               ro code  0x08009310    0x154  counters-soc.o [1]
      .text               ro code  0x08009464     0x92  led.o [1]
      .text               ro code  0x080094f8     0x5c  symbol-timer.o [24]
      .text               ro code  0x08009554    0x340  mac-header.o [24]
      .text               ro code  0x08009894     0x74  mpu.o [1]
      .text               ro code  0x08009908     0x4c  context-switch.o [15]
      .text               ro code  0x08009954    0x4a0  af-main-common.o [1]
      .text               ro code  0x08009df4    0x288  debug-jtag.o [10]
      .text               ro code  0x0800a07c    0x254  ember-printf.o [1]
      .text               ro code  0x0800a2d0     0x32  ABImemset48.o [20]
      .text               ro code  0x0800a304    0x2b4  jit.o [24]
      .text               ro code  0x0800a5b8    0x40c  command.o [24]
      .text               ro code  0x0800a9c4    0x418  scan.o [24]
      .text               ro code  0x0800addc     0x60  mac-info-element-parsing-stub.o [14]
      .text               ro code  0x0800ae3c    0x4d8  route-table.o [24]
      .text               ro code  0x0800b314    0x160  broadcast.o [24]
      .text               ro code  0x0800b474    0x2ba  retry.o [24]
      .text               ro code  0x0800b730     0x68  unicast-table.o [24]
      .text               ro code  0x0800b798    0x338  child-handling.o [24]
      .text               ro code  0x0800bad0    0x634  neighbor.o [24]
      .text               ro code  0x0800c104    0x574  crypto.o [24]
      .text               ro code  0x0800c678    0x36c  aps-encryption.o [21]
      .text               ro code  0x0800c9e4    0x550  zigbee-stack.o [24]
      .text               ro code  0x0800cf34    0x5a0  zigbee-packet-header.o [24]
      .text               ro code  0x0800d4d4    0x7b0  route-discovery.o [24]
      .text               ro code  0x0800dc84    0x968  application-support.o [24]
      .text               ro code  0x0800e5ec    0xd44  aps-security.o [21]
      .text               ro code  0x0800f330   0x1676  association.o [24]
      .text               ro code  0x080109a8    0x1f4  zigbee-neighbor.o [24]
      .text               ro code  0x08010b9c     0x2e  zll-stubs.o [25]
      .text               ro code  0x08010bcc    0x3a0  packet-validate.o [18]
      .text               ro code  0x08010f6c    0x2fc  random-id.o [24]
      .text               ro code  0x08011268    0x148  route-error.o [24]
      .text               ro code  0x080113b0    0x3b0  leave.o [24]
      .text               ro code  0x08011760    0x358  neighbor-exchange.o [24]
      .text               ro code  0x08011ab8    0x35c  management.o [24]
      .text               ro code  0x08011e14    0x318  address-table.o [24]
      .text               ro code  0x0801212c    0x19c  child-aging.o [24]
      .text               ro code  0x080122c8    0x928  aps-retry.o [24]
      .text               ro code  0x08012bf0      0xc  alarm-stub.o [3]
      .text               ro code  0x08012bfc     0xb0  callback-stub.o [1]
      .text               ro code  0x08012cac    0x92c  diagnostic.o [1]
      .text               ro code  0x080135d8     0x50  multi-network.o [1]
      .text               ro code  0x08013628    0xe24  attribute-storage.o [1]
      .text               ro code  0x0801444c    0x644  util.o [1]
      .text               ro code  0x08014a90     0x10  security-address-cache.o [1]
      .text               ro code  0x08014aa0     0x50  ZigbeeRoute_callbacks.o [1]
      .text               ro code  0x08014af0    0x18c  af-event.o [1]
      .text               ro code  0x08014c7c     0xe4  zigbee-dispatch.o [24]
      .text               ro code  0x08014d60    0x4c8  binding-table.o [4]
      .text               ro code  0x08015228    0x4f8  form-and-join.o [1]
      .text               ro code  0x08015720     0x10  crypto-state.o [1]
      .text               ro code  0x08015730    0x282  service-discovery-common.o [1]
      .text               ro code  0x080159b4     0x3c  af-security-common.o [1]
      .text               ro code  0x080159f0    0x17c  token-cache.o [24]
      .text               ro code  0x08015b6c    0x13c  network-find.o [1]
      .text               ro code  0x08015ca8     0x58  af-trust-center.o [1]
      .text               ro code  0x08015d00     0x74  af-node.o [1]
      .text               ro code  0x08015d74     0x24  crc.o [1]
      .text               ro code  0x08015d98    0x448  aps-keys.o [21]
      .text               ro code  0x080161e0    0x14c  aes-mmo.o [21]
      .text               ro code  0x0801632c     0x62  hmac.o [21]
      .text               ro code  0x08016390    0x478  aps-keys-transient.o [21]
      .text               ro code  0x08016808     0x8c  ember-library.o [24]
      .text               ro code  0x08016894     0x12  phy-util.o [24]
      .text               ro code  0x080168a6      0x6  cbke-crypto-engine-163k1-stub.o [5]
      .text               ro code  0x080168ac      0x6  cbke-crypto-engine-283k1-stub.o [6]
      .text               ro code  0x080168b4    0x384  zdo-channel.o [24]
      .text               ro code  0x08016c38      0xe  cbke-crypto-engine-stub.o [9]
      .text               ro code  0x08016c46      0x4  cbke-crypto-engine-dsa-sign-stub.o [7]
      .text               ro code  0x08016c4c    0x754  zigbee-device-util.o [24]
      .text               ro code  0x080173a0      0x4  install-code-stub.o [16]
      .text               ro code  0x080173a4      0x4  aps-skke-stub.o [21]
      .text               ro code  0x080173a8    0x518  trust-center-util.o [21]
      .text               ro code  0x080178c0     0x12  aps-keys-full-stub.o [22]
      .text               ro code  0x080178d2      0x8  high-security-stub.o [21]
      .text               ro code  0x080178da      0xa  enhanced-beacon-request-stub.o [14]
      .text               ro code  0x080178e4    0x3d6  attribute-table.o [1]
      .text               ro code  0x08017cbc    0x198  client-api.o [1]
      .text               ro code  0x08017e54      0x2  address-table-soc.o [1]
      .text               ro code  0x08017e58     0x3c  idle-sleep-soc.o [1]
      .text               ro code  0x08017e94    0x404  groups-server.o [1]
      .text               ro code  0x08018298     0x2e  process-cluster-message.o [1]
      .text               ro code  0x080182c8    0x440  process-global-message.o [1]
      .text               ro code  0x08018708     0xe4  message.o [1]
      .text               ro code  0x080187ec    0x4c4  task.o [1]
      .text               ro code  0x08018cb0    0x45c  UART_task.o [1]
      .text               ro code  0x0801910c     0x6c  form-and-join-node-adapter.o [1]
      .text               ro code  0x08019178      0xa  form-and-join-afv2.o [1]
      .text               ro code  0x08019184    0x97c  zigbee-device.o [24]
      .text               ro code  0x08019b00    0x3e4  end-device-bind.o [13]
      .text               ro code  0x08019ee4     0x50  attribute-size.o [1]
      .text               ro code  0x08019f34     0xa0  idle-sleep.o [1]
      .text               ro code  0x08019fd4    0x80c  scenes.o [1]
      .text               ro code  0x0801a7e0     0x76  ABImemcpy_unaligned.o [20]
      .text               ro code  0x0801a858    0x32e  call-command-handler.o [1]
      .text               ro code  0x0801ab88      0x4  time-util.o [1]
      .text               ro code  0x0801ab8c     0x1c  halDelay.o [1]
      .text               ro code  0x0801aba8     0x8e  ButtonExe.o [1]
      .text               ro code  0x0801ac38    0x1c4  zdo-binding-table.o [4]
      .text               ro code  0x0801adfc    0x11c  identify.o [1]
      .text               ro code  0x0801af18     0xbe  on-off.o [1]
      .text               ro code  0x0801afd8     0x78  identify-feedback.o [1]
      .text               ro code  0x0801b050     0xbc  buzzer.o [1]
      .text               ro code  0x0801b10c      0x2  faults.o [1]
      .text               ro code  0x0801b110      0x2  faults.o [1]
      .text               ro code  0x0801b114      0x2  faults.o [1]
      .text               ro code  0x0801b118      0x2  faults.o [1]
      .text               ro code  0x0801b11c      0x2  faults.o [1]
      .text               ro code  0x0801b120      0x2  faults.o [1]
      .text               ro code  0x0801b124      0x2  faults.o [1]
      .text               ro code  0x0801b128     0x70  faults.o [1]
      .text               ro code  0x0801b198      0x0  isr-stubs.o [1]
      .text               ro code  0x0801b198      0x0  isr-stubs.o [1]
      .text               ro code  0x0801b198      0x0  isr-stubs.o [1]
      .text               ro code  0x0801b198      0x0  isr-stubs.o [1]
      .text               ro code  0x0801b198      0x0  isr-stubs.o [1]
      .text               ro code  0x0801b198      0x0  isr-stubs.o [1]
      .text               ro code  0x0801b198      0x0  isr-stubs.o [1]
      .text               ro code  0x0801b198      0x0  isr-stubs.o [1]
      .text               ro code  0x0801b198      0x0  isr-stubs.o [1]
      .text               ro code  0x0801b198      0x0  isr-stubs.o [1]
      .text               ro code  0x0801b198      0x0  isr-stubs.o [1]
      .text               ro code  0x0801b198      0x0  isr-stubs.o [1]
      .text               ro code  0x0801b198      0x0  isr-stubs.o [1]
      .text               ro code  0x0801b198      0x0  isr-stubs.o [1]
      .text               ro code  0x0801b198      0x4  isr-stubs.o [1]
      .text               ro code  0x0801b19c    0x1b8  cstartup-iar.o [15]
      .text               ro code  0x0801b354      0x6  ABImemclr.o [20]
      .text               ro code  0x0801b35a      0xe  simple-main.o [1]
      .text               ro code  0x0801b368     0x18  cal-pads.o [24]
    .rodata               const    0x0801b380     0x5c  attribute-storage.o [1]
    .rodata               const    0x0801b3dc    0x4f0  diagnostic.o [1]
    .rodata               const    0x0801b8cc      0x3  ember-configuration.o [1]
    .rodata               const    0x0801b8cf      0x1  ember-multi-network-stub.o [17]
    .rodata               const    0x0801b8d0      0x4  micro-common.o [1]
    .rodata               const    0x0801b8d4      0x8  serial.o [1]
    .rodata               const    0x0801b8dc     0x48  sim-eeprom.o [1]
    .rodata               const    0x0801b924    0x518  token-def.o [1]
    .rodata               const    0x0801be3c      0x1  binding-table.o [4]
    .rodata               const    0x0801be3d      0x1  zll-stubs.o [25]
    .rodata               const    0x0801be3e      0x1  end-device-bind.o [13]
    .rodata               const    0x0801be3f      0x1  ember-library.o [24]
    .rodata               const    0x0801be40      0x8  ember-version.o [24]
    .rodata               const    0x0801be48      0xc  rf4ce-stack-stubs.o [19]
    .rodata               const    0x0801be54      0x1  trust-center-util.o [21]
    .rodata               const    0x0801be55      0x1  aps-keys-full-stub.o [22]
    .rodata               const    0x0801be56     0x18  mfg-token.o [1]
    .rodata               const    0x0801be6e      0x1  cbke-crypto-engine-stub.o [9]
    .rodata               const    0x0801be6f      0x1  route-table.o [24]
    .rodata               const    0x0801be70      0x1  install-code-stub.o [16]
    .rodata               const    0x0801be71      0x1  aps-skke-stub.o [21]
    .rodata               const    0x0801be72      0x1  enhanced-beacon-request-stub.o [14]
    .rodata               const    0x0801be73      0x1  alarm-stub.o [3]
    .rodata               const    0x0801be74      0x1  cbke-crypto-engine-dsa-sign-stub.o [7]
    .rodata               const    0x0801be75      0x1  packet-validate.o [18]
    .rodata               const    0x0801be76      0x1  cbke-crypto-engine-163k1-stub.o [5]
    .rodata               const    0x0801be77      0x1  cbke-crypto-engine-283k1-stub.o [6]
    .rodata               const    0x0801be78      0x1  cbke-crypto-engine-dsa-verify-stub.o [8]
    .data_init                     0x0801be7c    0x200  <Block>
      Initializer bytes   ro data  0x0801be7c    0x200  <for .data-1>
                                 - 0x0801c07c  0x1bf7c

"NVM&SIMEE":                                    0x2000
  SIMEE                            0x0802e000   0x2000  <Block>
    SIMEE                 uninit   0x0802e000   0x2000  sim-eeprom.o [1]
                                 - 0x08030000   0x2000

"FAT":                                            0x2c
  FAT                     uninit   0x08040000     0x2c  cstartup-iar-common.o [1]
                                 - 0x0804002c     0x2c

"Heap":                                          0xde0
  EMHEAP_overlay                   0x20000000    0xdcc  <Overlay>
    part 1:
      EMHEAP              uninit   0x20000000    0xdcc  ember-configuration.o [1]
    part 2:
      RESETINFO                    0x20000000     0x98  <Block>
        RESETINFO         const    0x20000000      0x0  faults.o [1]
        RESETINFO         const    0x20000000      0x0  isr-stubs.o [1]
        RESETINFO         const    0x20000000      0x0  spmr.o [15]
        RESETINFO         const    0x20000000      0x0  context-switch.o [15]
        RESETINFO         uninit   0x20000000     0x98  cstartup-iar-common.o [1]
                                 - 0x20000dcc    0xdcc

"Guard":                                          0x20
  GUARD_REGION            uninit   0x20000de0     0x20  cstartup-iar-common.o [1]
                                 - 0x20000e00     0x20

"APP rw":                                       0x16cd
  APPRW_block                      0x20001920   0x16cd  <Block>
    ALIGN_CSTACK                   0x20001920    0x960  <Block>
      CSTACK                       0x20001920    0x960  <Block>
        CSTACK            const    0x20001920      0x0  faults.o [1]
        CSTACK            const    0x20001920      0x0  isr-stubs.o [1]
        CSTACK            const    0x20001920      0x0  spmr.o [15]
        CSTACK            const    0x20001920      0x0  context-switch.o [15]
        CSTACK            uninit   0x20001920    0x960  cstartup-iar-common.o [1]
    .data                          0x20002280    0x200  <Block>
      .data-1                      0x20002280    0x1fe  <Init block>
        .data             inited   0x20002280     0x34  af-event.o [1]
        .data             inited   0x200022b4      0x1  af-main-soc.o [1]
        .data             inited   0x200022b5      0x1  buzzer.o [1]
        .data             inited   0x200022b6      0x1  ember-configuration.o [1]
        .data             inited   0x200022b7      0x1  ember-configuration.o [1]
        .data             inited   0x200022b8      0x4  ember-configuration.o [1]
        .data             inited   0x200022bc      0x4  ember-configuration.o [1]
        .data             inited   0x200022c0      0x4  ember-configuration.o [1]
        .data             inited   0x200022c4      0x4  ember-configuration.o [1]
        .data             inited   0x200022c8      0x4  ember-configuration.o [1]
        .data             inited   0x200022cc      0x1  ember-configuration.o [1]
        .data             inited   0x200022d0      0x4  ember-configuration.o [1]
        .data             inited   0x200022d4      0x1  ember-configuration.o [1]
        .data             inited   0x200022d8      0x4  ember-configuration.o [1]
        .data             inited   0x200022dc      0x4  ember-configuration.o [1]
        .data             inited   0x200022e0      0x4  ember-configuration.o [1]
        .data             inited   0x200022e4      0x1  ember-configuration.o [1]
        .data             inited   0x200022e8      0x4  ember-configuration.o [1]
        .data             inited   0x200022ec      0x4  ember-configuration.o [1]
        .data             inited   0x200022f0      0x1  ember-configuration.o [1]
        .data             inited   0x200022f4      0x4  ember-configuration.o [1]
        .data             inited   0x200022f8      0x1  ember-configuration.o [1]
        .data             inited   0x200022fc      0x4  ember-configuration.o [1]
        .data             inited   0x20002300      0x1  ember-configuration.o [1]
        .data             inited   0x20002304      0x4  ember-configuration.o [1]
        .data             inited   0x20002308      0x1  ember-configuration.o [1]
        .data             inited   0x2000230c      0x4  ember-configuration.o [1]
        .data             inited   0x20002310      0x4  ember-configuration.o [1]
        .data             inited   0x20002314      0x1  ember-configuration.o [1]
        .data             inited   0x20002318      0x4  ember-configuration.o [1]
        .data             inited   0x2000231c      0x1  ember-configuration.o [1]
        .data             inited   0x20002320      0x4  ember-configuration.o [1]
        .data             inited   0x20002324      0x4  ember-configuration.o [1]
        .data             inited   0x20002328      0x1  ember-configuration.o [1]
        .data             inited   0x2000232c      0x4  ember-configuration.o [1]
        .data             inited   0x20002330      0x1  ember-configuration.o [1]
        .data             inited   0x20002334      0x4  ember-configuration.o [1]
        .data             inited   0x20002338      0x2  ember-configuration.o [1]
        .data             inited   0x2000233a      0x1  ember-configuration.o [1]
        .data             inited   0x2000233c      0x4  ember-configuration.o [1]
        .data             inited   0x20002340      0x1  ember-configuration.o [1]
        .data             inited   0x20002341      0x1  ember-configuration.o [1]
        .data             inited   0x20002342      0x1  ember-configuration.o [1]
        .data             inited   0x20002343      0x1  ember-configuration.o [1]
        .data             inited   0x20002344      0x1  ember-configuration.o [1]
        .data             inited   0x20002346      0x2  ember-configuration.o [1]
        .data             inited   0x20002348      0x1  ember-configuration.o [1]
        .data             inited   0x20002349      0x1  ember-configuration.o [1]
        .data             inited   0x2000234a      0x1  ember-configuration.o [1]
        .data             inited   0x2000234b      0x1  ember-configuration.o [1]
        .data             inited   0x2000234c      0x1  ember-configuration.o [1]
        .data             inited   0x2000234d      0x1  form-and-join-node-adapter.o [1]
        .data             inited   0x2000234e      0x1  idle-sleep.o [1]
        .data             inited   0x20002350     0x20  micro.o [1]
        .data             inited   0x20002370     0x40  mpu.o [1]
        .data             inited   0x200023b0      0x4  random.o [1]
        .data             inited   0x200023b4     0x20  serial.o [1]
        .data             inited   0x200023d4      0x2  UART_task.o [1]
        .data             inited   0x200023d6      0x1  util.o [1]
        .data             inited   0x200023d7      0x1  util.o [1]
        .data             inited   0x200023d8      0x1  util.o [1]
        .data             inited   0x200023d9      0x2  analogue.o [24]
        .data             inited   0x200023dc      0xe  analogue.o [24]
        .data             inited   0x200023ec     0x1a  association.o [24]
        .data             inited   0x20002406      0x2  token-cache.o [24]
        .data             inited   0x20002408      0x8  zigbee-device.o [24]
        .data             inited   0x20002410      0x1  packet-buffer.o [24]
        .data             inited   0x20002411      0x1  child.o [24]
        .data             inited   0x20002412      0x2  application-support.o [24]
        .data             inited   0x20002414      0x8  zigbee-stack.o [24]
        .data             inited   0x2000241c      0x1  zigbee-stack.o [24]
        .data             inited   0x20002420      0x4  debug.o [10]
        .data             inited   0x20002424      0x4  micro-internal.o [15]
        .data             inited   0x20002428      0x2  leave.o [24]
        .data             inited   0x2000242a      0x2  scan.o [24]
        .data             inited   0x2000242c      0x6  clocks.o [15]
        .data             inited   0x20002432      0x1  zigbee-device-util.o [24]
        .data             inited   0x20002434      0x4  analogue-mod-dac.o [24]
        .data             inited   0x20002438      0x1  phy-common.o [24]
        .data             inited   0x2000243a      0xc  phy-common.o [24]
        .data             inited   0x20002446      0x1  aps-retry.o [24]
        .data             inited   0x20002447      0x1  mac-arbiter.o [24]
        .data             inited   0x20002448      0x4  mac-arbiter.o [24]
        .data             inited   0x2000244c      0x1  aps-keys-transient.o [21]
        .data             inited   0x2000244d      0x1  route-discovery.o [24]
        .data             inited   0x2000244e      0x1  trust-center-util.o [21]
        .data             inited   0x2000244f      0x1  child-handling.o [24]
        .data             inited   0x20002450      0x1  child-handling.o [24]
        .data             inited   0x20002454      0x4  network.o [24]
        .data             inited   0x20002458      0x1  network.o [24]
        .data             inited   0x2000245a      0x2  management.o [24]
        .data             inited   0x2000245c      0x1  random-id.o [24]
        .data             inited   0x20002460      0x8  mac-indirect.o [24]
        .data             inited   0x20002468      0x2  zdo-channel.o [24]
        .data             inited   0x2000246a      0x2  end-device-bind.o [13]
        .data             inited   0x2000246c      0x1  packet-validate.o [18]
        .data             inited   0x20002470      0x8  mac-receive.o [24]
        .data             inited   0x20002478      0x1  mac-em250.o [24]
        .data             inited   0x20002479      0x1  mac-em250.o [24]
        .data             inited   0x2000247a      0x1  jit.o [24]
        .data             inited   0x2000247c      0x2  mac-header.o [24]
    DLIB_PERTHREAD_INITIALIZED_DATA
                                   0x20002480      0x0  <Block>
    DLIB_PERTHREAD_ZERO_DATA
                                   0x20002480      0x0  <Block>
    .bss                           0x20002480    0xb6d  <Block>
      .bss                uninit   0x20002480     0x10  mac-indirect.o [24]
      .bss                uninit   0x20002490     0x1e  adc.o [1]
      .bss                uninit   0x200024ae      0x2  message.o [1]
      .bss                uninit   0x200024b0      0x8  af-event.o [1]
      .bss                uninit   0x200024b8      0x8  af-event.o [1]
      .bss                uninit   0x200024c0      0x8  af-event.o [1]
      .bss                uninit   0x200024c8      0x8  af-event.o [1]
      .bss                uninit   0x200024d0     0x18  af-main-common.o [1]
      .bss                uninit   0x200024e8     0x40  attribute-storage.o [1]
      .bss                uninit   0x20002528    0x148  attribute-storage.o [1]
      .bss                uninit   0x20002670      0x8  buzzer.o [1]
      .bss                uninit   0x20002678     0x10  client-api.o [1]
      .bss                uninit   0x20002688     0x44  counters-soc.o [1]
      .bss                uninit   0x200026cc     0x44  counters-soc.o [1]
      .bss                uninit   0x20002710     0x24  counters-soc.o [1]
      .bss                uninit   0x20002734      0xa  cstartup-iar-common.o [1]
      .bss                uninit   0x2000273e      0x2  util.o [1]
      .bss                uninit   0x20002740     0x30  ember-configuration.o [1]
      .bss                uninit   0x20002770      0x8  form-and-join-afv2.o [1]
      .bss                uninit   0x20002778     0x14  form-and-join.o [1]
      .bss                uninit   0x2000278c      0xc  identify-feedback.o [1]
      .bss                uninit   0x20002798     0x10  identify.o [1]
      .bss                uninit   0x200027a8     0x10  message.o [1]
      .bss                uninit   0x200027b8     0x54  message.o [1]
      .bss                uninit   0x2000280c      0x8  micro.o [1]
      .bss                uninit   0x20002814      0x8  multi-network.o [1]
      .bss                uninit   0x2000281c      0xc  network-find.o [1]
      .bss                uninit   0x20002828      0x8  network-find.o [1]
      .bss                uninit   0x20002830     0x88  serial.o [1]
      .bss                uninit   0x200028b8     0x88  serial.o [1]
      .bss                uninit   0x20002940      0xc  serial.o [1]
      .bss                uninit   0x2000294c     0x14  service-discovery-common.o [1]
      .bss                uninit   0x20002960     0xc0  sim-eeprom.o [1]
      .bss                uninit   0x20002a20      0xc  sleep.o [1]
      .bss                uninit   0x20002a2c     0x80  task.o [1]
      .bss                uninit   0x20002aac     0x80  UART_task.o [1]
      .bss                uninit   0x20002b2c     0x44  UART_task.o [1]
      .bss                uninit   0x20002b70      0x4  util.o [1]
      .bss                uninit   0x20002b74     0x20  util.o [1]
      .bss                uninit   0x20002b94     0x24  analogue.o [24]
      .bss                uninit   0x20002bb8      0x8  ember-multi-network-stub.o [17]
      .bss                uninit   0x20002bc0      0x8  ember-multi-network-stub.o [17]
      .bss                uninit   0x20002bc8      0x8  ember-multi-network-stub.o [17]
      .bss                uninit   0x20002bd0      0xc  zigbee-dispatch.o [24]
      .bss                uninit   0x20002bdc      0xc  association.o [24]
      .bss                uninit   0x20002be8      0xc  association.o [24]
      .bss                uninit   0x20002bf4      0x8  association.o [24]
      .bss                uninit   0x20002bfc      0x8  eui64.o [24]
      .bss                uninit   0x20002c04      0xc  leave.o [24]
      .bss                uninit   0x20002c10      0x8  system-timer.o [15]
      .bss                uninit   0x20002c18      0x4  sim-eeprom-internal.o [23]
      .bss                uninit   0x20002c1c     0x24  scan.o [24]
      .bss                uninit   0x20002c40      0x8  zll-stubs.o [25]
      .bss                uninit   0x20002c48    0x11c  phy.o [24]
      .bss                uninit   0x20002d64     0x10  zigbee-device-util.o [24]
      .bss                uninit   0x20002d74      0x8  aps-keys.o [21]
      .bss                uninit   0x20002d7c      0xc  context-switch.o [15]
      .bss                uninit   0x20002d88      0xc  phy-common.o [24]
      .bss                uninit   0x20002d94      0xe  aps-retry.o [24]
      .bss                uninit   0x20002da2      0x6  analogue.o [24]
      .bss                uninit   0x20002da8      0xc  mac.o [24]
      .bss                uninit   0x20002db4     0x80  mac.o [24]
      .bss                uninit   0x20002e34     0x10  mac-arbiter.o [24]
      .bss                uninit   0x20002e44     0x10  aps-keys-transient.o [21]
      .bss                uninit   0x20002e54      0x4  aps-encryption.o [21]
      .bss                uninit   0x20002e58     0x18  child-handling.o [24]
      .bss                uninit   0x20002e70      0x8  neighbor.o [24]
      .bss                uninit   0x20002e78      0x8  aps-skke-stub.o [21]
      .bss                uninit   0x20002e80      0x8  high-security-stub.o [21]
      .bss                uninit   0x20002e88      0xc  management.o [24]
      .bss                uninit   0x20002e94     0x10  retry.o [24]
      .bss                uninit   0x20002ea4      0xa  mac-indirect.o [24]
      .bss                uninit   0x20002eae      0x2  jit.o [24]
      .bss                uninit   0x20002eb0     0x10  zdo-channel.o [24]
      .bss                uninit   0x20002ec0     0x1c  end-device-bind.o [13]
      .bss                uninit   0x20002edc      0x8  mac-receive.o [24]
      .bss                uninit   0x20002ee4      0x8  neighbor-exchange.o [24]
      .bss                uninit   0x20002eec     0x68  broadcast.o [24]
      .bss                uninit   0x20002f54      0x8  cal-pads.o [24]
      .bss                uninit   0x20002f5c      0x8  mac-em250.o [24]
      .bss                uninit   0x20002f64      0xc  jit.o [24]
      .bss                uninit   0x20002f70     0x14  unicast-table.o [24]
      .bss                uninit   0x20002f84      0x8  mac-header.o [24]
      .bss                uninit   0x20002f8c      0x4  ButtonExe.o [1]
      .bss                uninit   0x20002f90      0x4  UART_task.o [1]
      .bss                uninit   0x20002f94      0x4  zigbee-device.o [24]
      .bss                uninit   0x20002f98      0x4  child.o [24]
      .bss                uninit   0x20002f9c      0x4  sim-eeprom-internal.o [23]
      .bss                uninit   0x20002fa0      0x4  analogue-mod-dac.o [24]
      .bss                uninit   0x20002fa4      0x4  route-table.o [24]
      .bss                uninit   0x20002fa8      0x1  af-event.o [1]
      .bss                uninit   0x20002fa9      0x1  af-trust-center.o [1]
      .bss                uninit   0x20002faa      0x2  button.o [1]
      .bss                uninit   0x20002fac      0x1  crypto-state.o [1]
      .bss                uninit   0x20002fad      0x1  ember-configuration.o [1]
      .bss                uninit   0x20002fae      0x1  ember-configuration.o [1]
      .bss                uninit   0x20002faf      0x1  ember-configuration.o [1]
      .bss                uninit   0x20002fb0      0x1  ember-configuration.o [1]
      .bss                uninit   0x20002fb1      0x1  ember-configuration.o [1]
      .bss                uninit   0x20002fb2      0x1  ember-configuration.o [1]
      .bss                uninit   0x20002fb3      0x1  ember-configuration.o [1]
      .bss                uninit   0x20002fb4      0x1  idle-sleep.o [1]
      .bss                uninit   0x20002fb5      0x1  idle-sleep.o [1]
      .bss                uninit   0x20002fb6      0x1  micro-common.o [1]
      .bss                uninit   0x20002fb7      0x1  process-global-message.o [1]
      .bss                uninit   0x20002fb8      0x1  scenes.o [1]
      .bss                uninit   0x20002fb9      0x3  security-address-cache.o [1]
      .bss                uninit   0x20002fbc      0x2  token.o [1]
      .bss                uninit   0x20002fbe      0x1  analogue.o [24]
      .bss                uninit   0x20002fbf      0x2  analogue.o [24]
      .bss                uninit   0x20002fc1      0x1  micro-common-internal.o [15]
      .bss                uninit   0x20002fc2      0x2  event-control.o [24]
      .bss                uninit   0x20002fc4      0x1  zigbee-dispatch.o [24]
      .bss                uninit   0x20002fc5      0x1  association.o [24]
      .bss                uninit   0x20002fc6      0x1  zigbee-device.o [24]
      .bss                uninit   0x20002fc7      0x1  application-support.o [24]
      .bss                uninit   0x20002fc8      0x1  application-support.o [24]
      .bss                uninit   0x20002fc9      0x2  zigbee-stack.o [24]
      .bss                uninit   0x20002fcb      0x1  flash.o [15]
      .bss                uninit   0x20002fcc      0x5  clocks.o [15]
      .bss                uninit   0x20002fd1      0x1  debug-jtag.o [10]
      .bss                uninit   0x20002fd2      0x2  phy.o [24]
      .bss                uninit   0x20002fd4      0x2  phy.o [24]
      .bss                uninit   0x20002fd6      0x1  phy.o [24]
      .bss                uninit   0x20002fd7      0x3  analogue-vco.o [24]
      .bss                uninit   0x20002fda      0x1  phy-common.o [24]
      .bss                uninit   0x20002fdb      0x1  phy-common.o [24]
      .bss                uninit   0x20002fdc      0x1  phy-common.o [24]
      .bss                uninit   0x20002fdd      0x2  mac-arbiter.o [24]
      .bss                uninit   0x20002fdf      0x1  aps-keys-transient.o [21]
      .bss                uninit   0x20002fe0      0x1  route-discovery.o [24]
      .bss                uninit   0x20002fe1      0x1  trust-center-util.o [21]
      .bss                uninit   0x20002fe2      0x1  child-handling.o [24]
      .bss                uninit   0x20002fe3      0x1  neighbor.o [24]
      .bss                uninit   0x20002fe4      0x3  network.o [24]
      .bss                uninit   0x20002fe7      0x1  high-security-stub.o [21]
      .bss                uninit   0x20002fe8      0x1  random-id.o [24]
      .bss                uninit   0x20002fe9      0x1  random-id.o [24]
      .bss                uninit   0x20002fea      0x1  command.o [24]
      .bss                uninit   0x20002feb      0x1  mac-em250.o [24]
      .bss                uninit   0x20002fec      0x1  mac-header.o [24]
                                 - 0x20002fed   0x16cd

"DEBUGCHAN":                                      0x10
  DEBUG_CHANNEL                    0x20002ff0     0x10  <Block>
    DEBUG_CHANNEL         uninit   0x20002ff0     0x10  debug-jtag.o [10]
                                 - 0x20003000     0x10



*******************************************************************************
*** MODULE SUMMARY
***

    Module                                ro code  ro data  rw data
    ------                                -------  -------  -------
E:\Zigbee\EmberZNet5.6.0-GA\app\builder\ZigbeeRoute\build\obj: [1]
    ButtonExe.o                               142                 4
    UART_task.o                             1 116        2      202
    ZigbeeRoute_callbacks.o                    80
    adc.o                                     192                30
    address-table-soc.o                         2
    af-event.o                                396       52       85
    af-main-common.o                        1 184                24
    af-main-soc.o                             988        1        1
    af-node.o                                 116
    af-security-common.o                       60
    af-trust-center.o                          88                 1
    assert-crash-handlers.o                   512
    attribute-size.o                           80
    attribute-storage.o                     3 620       92      392
    attribute-table.o                         982
    button.o                                  316                 2
    buzzer.o                                  188        1        9
    call-command-handler.o                    814
    callback-stub.o                           176
    client-api.o                              408                16
    counters-soc.o                            340               172
    crc.o                                      36
    crypto-state.o                             16                 1
    cstartup-iar-common.o                     172      400    2 486
    diagnostic.o                            2 348    1 264
    ember-configuration.o                     208      154      171
    ember-printf.o                            596
    faults.o                                  126
    form-and-join-afv2.o                       10                 8
    form-and-join-node-adapter.o              108        1        1
    form-and-join.o                         1 272                20
    groups-server.o                         1 028
    halDelay.o                                 28
    identify-feedback.o                       120                12
    identify.o                                284                16
    idle-sleep-soc.o                           60
    idle-sleep.o                              160        1        3
    isr-stubs.o                                 4
    led.o                                     146
    mem-util.o                                210
    message.o                                 228               102
    mfg-token.o                               104       24
    micro-common.o                            232        4        1
    micro.o                                   712       33       40
    mpu.o                                     116       64       64
    multi-network.o                            80                 8
    network-find.o                            316                20
    on-off.o                                  190
    process-cluster-message.o                  46
    process-global-message.o                1 088                 1
    random.o                                   72        4        4
    scenes.o                                2 060                 1
    security-address-cache.o                   16                 3
    serial.o                                  680       40      316
    service-discovery-common.o                642                20
    sim-eeprom.o                              308       72    8 384
    simple-main.o                              14
    sleep.o                                 1 628                12
    task.o                                  1 220               128
    time-util.o                                 4
    token-def.o                                      1 304
    token.o                                   280                 2
    uart.o                                    684
    util.o                                  1 604        3       41
    ---------------------------------------------------------------
    Total:                                 31 056    3 516   12 803

command line: [2]
    ---------------------------------------------------------------
    Total:

alarm-stub-library.a: [3]
    alarm-stub.o                               12        1
    ---------------------------------------------------------------
    Total:                                     12        1

binding-table-library.a: [4]
    binding-table.o                         1 224        1
    zdo-binding-table.o                       452
    ---------------------------------------------------------------
    Total:                                  1 676        1

cbke-163k1-stub-library.a: [5]
    cbke-crypto-engine-163k1-stub.o             6        1
    ---------------------------------------------------------------
    Total:                                      6        1

cbke-283k1-stub-library.a: [6]
    cbke-crypto-engine-283k1-stub.o             6        1
    ---------------------------------------------------------------
    Total:                                      6        1

cbke-library-dsa-sign-stub.a: [7]
    cbke-crypto-engine-dsa-sign-stub.o          4        1
    ---------------------------------------------------------------
    Total:                                      4        1

cbke-library-dsa-verify-stub.a: [8]
    cbke-crypto-engine-dsa-verify-stub.o                 1
    ---------------------------------------------------------------
    Total:                                               1

cbke-stub-library.a: [9]
    cbke-crypto-engine-stub.o                  14        1
    ---------------------------------------------------------------
    Total:                                     14        1

debug-basic-library.a: [10]
    debug-jtag.o                              648                17
    debug.o                                   752        7        4
    ---------------------------------------------------------------
    Total:                                  1 400        7       21

debug-extended-stub-library.a: [11]
    debug-extended-stub.o                      26
    ---------------------------------------------------------------
    Total:                                     26

dl7M_tln.a: [12]
    abs.o                                       8
    ---------------------------------------------------------------
    Total:                                      8

end-device-bind-library.a: [13]
    end-device-bind.o                         996        3       30
    ---------------------------------------------------------------
    Total:                                    996        3       30

enhanced-beacon-request-stub-library.a: [14]
    enhanced-beacon-request-stub.o             10        1
    mac-info-element-parsing-stub.o            96
    ---------------------------------------------------------------
    Total:                                    106        1

hal-library.a: [15]
    caladc.o                                  284
    clocks.o                                1 180        6       11
    context-switch.o                           84                12
    cstartup-iar.o                            440
    flash.o                                   288                 1
    micro-common-internal.o                   452                 1
    micro-internal.o                          404        4        4
    spmr.o                                     62
    system-timer.o                            268                 8
    ---------------------------------------------------------------
    Total:                                  3 462       10       37

install-code-library-stub.a: [16]
    install-code-stub.o                         4        1
    ---------------------------------------------------------------
    Total:                                      4        1

multi-network-stub-library.a: [17]
    ember-multi-network-stub.o                556        1       24
    ---------------------------------------------------------------
    Total:                                    556        1       24

packet-validate-library.a: [18]
    packet-validate.o                         928        2        1
    ---------------------------------------------------------------
    Total:                                    928        2        1

rf4ce-stack-stub-library.a: [19]
    rf4ce-stack-stubs.o                       104       12
    ---------------------------------------------------------------
    Total:                                    104       12

rt7M_tl.a: [20]
    ABImemclr.o                                 6
    ABImemclr4.o                                6
    ABImemcpy_unaligned.o                     118
    ABImemset.o                               102
    ABImemset48.o                              50
    I64Shl.o                                   34
    ---------------------------------------------------------------
    Total:                                    316

security-library-core.a: [21]
    aes-mmo.o                                 332
    aps-encryption.o                          876                 4
    aps-keys-transient.o                    1 144        1       18
    aps-keys.o                              1 096                 8
    aps-security.o                          3 396
    aps-skke-stub.o                             4        1        8
    high-security-stub.o                        8                 9
    hmac.o                                     98
    trust-center-util.o                     1 304        2        2
    ---------------------------------------------------------------
    Total:                                  8 258        4       49

security-library-link-keys-stub.a: [22]
    aps-keys-full-stub.o                       18        1
    ---------------------------------------------------------------
    Total:                                     18        1

sim-eeprom1-library.a: [23]
    sim-eeprom-internal.o                   2 856                 8
    ---------------------------------------------------------------
    Total:                                  2 856                 8

zigbee-pro-stack.a: [24]
    address-table.o                           792
    aes.o                                     174
    analogue-cell-bias.o                      236
    analogue-filter.o                          80
    analogue-lna.o                            420
    analogue-mod-dac.o                        632        5        8
    analogue-vco.o                            208                 3
    analogue.o                              1 484       17       61
    application-support.o                   2 408        2        4
    aps-retry.o                             2 344        1       15
    association.o                           5 750       28       59
    broadcast.o                               352               104
    byte-utilities.o                           90
    cal-pads.o                                 24                 8
    child-aging.o                             412
    child-handling.o                          824        2       27
    child-table.o                              64
    child.o                                 1 988        1        5
    command.o                               1 036                 1
    crypto.o                                1 396
    ember-library.o                           140        1
    ember-stack-common.o                      364
    ember-version.o                                      8
    eui64.o                                    24                 8
    event-control.o                           560                 2
    jit.o                                     692        1       15
    leave.o                                   944        2       14
    mac-arbiter.o                           1 084        5       23
    mac-em250.o                               440        2       11
    mac-header.o                              832        3       11
    mac-indirect.o                          1 460       11       34
    mac-receive.o                             696       11       16
    mac.o                                   1 092               140
    management.o                              860        3       14
    neighbor-exchange.o                       856                 8
    neighbor.o                              1 588                 9
    network.o                               5 400        8        8
    packet-buffer.o                         1 776        1        1
    packet-header.o                           580
    phy-common.o                            2 252       14       28
    phy-util.o                                 18
    phy.o                                   1 440               289
    random-id.o                               764        1        3
    retry.o                                   698                16
    route-discovery.o                       1 968        1        2
    route-error.o                             328
    route-table.o                           1 240        1        4
    scan.o                                  1 048        2       38
    symbol-timer.o                             92
    token-cache.o                             380        2        2
    unicast-table.o                           104                20
    zdo-channel.o                             900        2       18
    zigbee-device-util.o                    1 876        1       17
    zigbee-device.o                         2 428        8       13
    zigbee-dispatch.o                         228                13
    zigbee-neighbor.o                         500
    zigbee-packet-header.o                  1 440
    zigbee-stack.o                          1 360        9       11
    ---------------------------------------------------------------
    Total:                                 59 166      153    1 083

zll-stub-library.a: [25]
    zll-stubs.o                                46        1        8
    ---------------------------------------------------------------
    Total:                                     46        1        8

    Gaps                                       64                55
    Linker created                                       2    3 532
-------------------------------------------------------------------
    Grand Total:                          111 088    3 721   17 651


*******************************************************************************
*** ENTRY LIST
***

Entry                      Address    Size  Type      Object
-----                      -------    ----  ----      ------
.bss$$Base              0x20002480           --   Gb  - Linker created -
.bss$$Length            0x00000b6d           --   Gb  - Linker created -
.bss$$Limit             0x20002fed           --   Gb  - Linker created -
.data$$Base             0x20002280           --   Gb  - Linker created -
.data$$Limit            0x20002480           --   Gb  - Linker created -
.data_init$$Base        0x0801be7c           --   Gb  - Linker created -
.data_init$$Length      0x00000200           --   Gb  - Linker created -
.data_init$$Limit       0x0801c07c           --   Gb  - Linker created -
.noinit$$Base           0x00000000           --   Gb  - Linker created -
.text$$Base             0x08000190           --   Gb  - Linker created -
.text$$Limit            0x0801b380           --   Gb  - Linker created -
.textrw$$Base           0x00000000           --   Gb  - Linker created -
.textrw_init$$Base      0x00000000           --   Gb  - Linker created -
.textrw_init$$Length    0x00000000           --   Gb  - Linker created -
ALIGN_CSTACK$$Base      0x20001920           --   Gb  - Linker created -
ALIGN_CSTACK$$Limit     0x20002280           --   Gb  - Linker created -
APPRO_block$$Base       0x08000100           --   Gb  - Linker created -
APPRO_block$$Limit      0x0801c07c           --   Gb  - Linker created -
APPRW_block$$Base       0x20001920           --   Gb  - Linker created -
APPRW_block$$Limit      0x20002fed           --   Gb  - Linker created -
APP_RAM$$Base           0x00000000           --   Gb  - Linker created -
APP_RAM$$Length         0x00000000           --   Gb  - Linker created -
ButtonLongHoldFlag      0x20002f8c     0x1  Data  Gb  ButtonExe.o [1]
CSTACK$$Base            0x20001920           --   Gb  - Linker created -
CSTACK$$Limit           0x20002280           --   Gb  - Linker created -
CallButtonDetectTask    0x080189bb    0x32  Code  Gb  task.o [1]
CallJoinTask            0x08018aaf    0x3e  Code  Gb  task.o [1]
CallResetMCU            0x08018b39    0x1e  Code  Gb  task.o [1]
CallTaskBlinkLed        0x080188d1    0x44  Code  Gb  task.o [1]
CallTaskCheckMcReady    0x08018d2d    0x48  Code  Gb  UART_task.o [1]
CallTaskMcClockCalibrate
                        0x08018d13    0x1a  Code  Gb  UART_task.o [1]
CallTaskOnOffAttributeChange
                        0x08018b81    0x18  Code  Gb  task.o [1]
CallTaskRelayChangeCommand
                        0x08018cb1    0x62  Code  Gb  UART_task.o [1]
CallTaskTouchButtonHold
                        0x08018d7f    0x26  Code  Gb  UART_task.o [1]
CallUartTask            0x08018da5    0x1c  Code  Gb  UART_task.o [1]
CheckWaitTimeOut        0x0801904b    0x1c  Code  Gb  UART_task.o [1]
ClearAllBlinkTask       0x08018915    0x22  Code  Gb  task.o [1]
ClearTask               0x0801885f    0x16  Code  Gb  task.o [1]
CommonClearLed          0x0801ac19    0x1e  Code  Gb  ButtonExe.o [1]
CommonGetDurationTime   0x0801ab8d    0x1c  Code  Gb  halDelay.o [1]
CommonSetLed            0x0801abfb    0x1e  Code  Gb  ButtonExe.o [1]
DEBUG_CHANNEL$$Base     0x20002ff0           --   Gb  - Linker created -
DEBUG_CHANNEL$$Limit    0x20003000           --   Gb  - Linker created -
DLIB_PERTHREAD_INITIALIZED_DATA$$Base
                        0x20002480           --   Gb  - Linker created -
DLIB_PERTHREAD_INITIALIZED_DATA$$Limit
                        0x20002480           --   Gb  - Linker created -
DLIB_PERTHREAD_ZERO_DATA$$Base
                        0x20002480           --   Gb  - Linker created -
DLIB_PERTHREAD_ZERO_DATA$$Length
                        0x00000000           --   Gb  - Linker created -
DLIB_PERTHREAD_ZERO_DATA$$Limit
                        0x20002480           --   Gb  - Linker created -
EMHEAP_overlay$$Base    0x20000000           --   Gb  - Linker created -
EMHEAP_overlay$$Limit   0x20000dcc           --   Gb  - Linker created -
ERASE_CRITICAL_THRESHOLD
                        0x0801b8e8     0x2  Data  Gb  sim-eeprom.o [1]
FindTaskID              0x08018837    0x28  Code  Gb  task.o [1]
GetLastTask             0x080187ed    0x1e  Code  Gb  task.o [1]
GetLastTxUartCmd        0x08018e53    0x14  Code  Gb  UART_task.o [1]
HEADER_block$$Base      0x08000000           --   Gb  - Linker created -
HEADER_block$$Limit     0x08000100           --   Gb  - Linker created -
ID_COUNT                0x0801b8ea     0x2  Data  Gb  sim-eeprom.o [1]
INTERNAL_STORAGE$$Base  0x00000000           --   Gb  - Linker created -
LEFT_BASE               0x0801b8e0     0x2  Data  Gb  sim-eeprom.o [1]
LEFT_TOP                0x0801b8e2     0x2  Data  Gb  sim-eeprom.o [1]
Nvdd                    0x20002496     0x2  Data  Lc  adc.o [1]
Nvss                    0x200024ac     0x2  Data  Lc  adc.o [1]
PTR_CACHE_SIZE          0x0801b8ec     0x2  Data  Gb  sim-eeprom.o [1]
REAL_PAGES_PER_VIRTUAL  0x0801b8dc     0x1  Data  Gb  sim-eeprom.o [1]
REAL_PAGE_SIZE          0x0801b8de     0x2  Data  Gb  sim-eeprom.o [1]
RESETINFO$$Base         0x20000000           --   Gb  - Linker created -
RESETINFO$$Limit        0x20000098           --   Gb  - Linker created -
RIGHT_BASE              0x0801b8e4     0x2  Data  Gb  sim-eeprom.o [1]
RIGHT_TOP               0x0801b8e6     0x2  Data  Gb  sim-eeprom.o [1]
Region$$Table$$Base     0x00000000           --   Gb  - Linker created -
Region$$Table$$Limit    0x00000000           --   Gb  - Linker created -
ReleaseLongHoldTime     0x20002f8e     0x2  Data  Gb  ButtonExe.o [1]
SIMEE$$Base             0x0802e000           --   Gb  - Linker created -
SIMEE$$Limit            0x08030000           --   Gb  - Linker created -
SendViaBindingTable     0x08018875    0x5c  Code  Gb  task.o [1]
TOKEN_MANUFACTURER_NAME_1_DEFAULTS
                        0x0801bc30    0x24  Data  Gb  token-def.o [1]
TOKEN_MANUFACTURER_NAME_2_DEFAULTS
                        0x0801bc7c    0x24  Data  Gb  token-def.o [1]
TOKEN_MANUFACTURER_NAME_3_DEFAULTS
                        0x0801bcc8    0x24  Data  Gb  token-def.o [1]
TOKEN_MANUFACTURER_NAME_4_DEFAULTS
                        0x0801bd14    0x24  Data  Gb  token-def.o [1]
TOKEN_MFG_1V8_REG_VOLTAGE
                        0x0801be5e     0x2  Data  Gb  mfg-token.o [1]
TOKEN_MFG_ANALOG_TRIM_BOOST
                        0x0801be58     0x2  Data  Gb  mfg-token.o [1]
TOKEN_MFG_ANALOG_TRIM_BOTH
                        0x0801be5a     0x2  Data  Gb  mfg-token.o [1]
TOKEN_MFG_ANALOG_TRIM_NORMAL
                        0x0801be56     0x2  Data  Gb  mfg-token.o [1]
TOKEN_MFG_CCA_THRESHOLD
                        0x0801be6a     0x2  Data  Gb  mfg-token.o [1]
TOKEN_MFG_EUI_64        0x0801be6c     0x2  Data  Gb  mfg-token.o [1]
TOKEN_MFG_FIB_VERSION   0x0801be62     0x2  Data  Gb  mfg-token.o [1]
TOKEN_MFG_OSC24M_BIAS_TRIM
                        0x0801be66     0x2  Data  Gb  mfg-token.o [1]
TOKEN_MFG_PHY_CONFIG    0x0801be64     0x2  Data  Gb  mfg-token.o [1]
TOKEN_MFG_REG_TRIM      0x0801be5c     0x2  Data  Gb  mfg-token.o [1]
TOKEN_MFG_SYNTH_FREQ_OFFSET
                        0x0801be68     0x2  Data  Gb  mfg-token.o [1]
TOKEN_MFG_TEMP_CAL      0x0801be60     0x2  Data  Gb  mfg-token.o [1]
TOKEN_MODEL_IDENTIFIER_1_DEFAULTS
                        0x0801bc54    0x24  Data  Gb  token-def.o [1]
TOKEN_MODEL_IDENTIFIER_2_DEFAULTS
                        0x0801bca0    0x24  Data  Gb  token-def.o [1]
TOKEN_MODEL_IDENTIFIER_3_DEFAULTS
                        0x0801bcec    0x24  Data  Gb  token-def.o [1]
TOKEN_MODEL_IDENTIFIER_4_DEFAULTS
                        0x0801bd38    0x24  Data  Gb  token-def.o [1]
TOKEN_MULTI_NETWORK_STACK_ALTERNATE_KEY_DEFAULTS
                        0x0801bad0    0x14  Data  Gb  token-def.o [1]
TOKEN_MULTI_NETWORK_STACK_KEYS_DEFAULTS
                        0x0801baac    0x14  Data  Gb  token-def.o [1]
TOKEN_MULTI_NETWORK_STACK_NETWORK_MANAGEMENT_DEFAULTS
                        0x0801bb00     0x8  Data  Gb  token-def.o [1]
TOKEN_MULTI_NETWORK_STACK_NODE_DATA_DEFAULTS
                        0x0801bac0    0x10  Data  Gb  token-def.o [1]
TOKEN_MULTI_NETWORK_STACK_NONCE_COUNTER_DEFAULTS
                        0x0801bb14     0x4  Data  Gb  token-def.o [1]
TOKEN_MULTI_NETWORK_STACK_PARENT_ADDITIONAL_INFO_DEFAULTS
                        0x0801bb18     0x2  Data  Gb  token-def.o [1]
TOKEN_MULTI_NETWORK_STACK_PARENT_INFO_DEFAULTS
                        0x0801bb08     0xc  Data  Gb  token-def.o [1]
TOKEN_MULTI_NETWORK_STACK_TRUST_CENTER_DEFAULTS
                        0x0801bae4    0x1c  Data  Gb  token-def.o [1]
TOKEN_ON_OFF_1_DEFAULTS
                        0x0801bc79     0x1  Data  Gb  token-def.o [1]
TOKEN_ON_OFF_2_DEFAULTS
                        0x0801bcc5     0x1  Data  Gb  token-def.o [1]
TOKEN_ON_OFF_3_DEFAULTS
                        0x0801bd11     0x1  Data  Gb  token-def.o [1]
TOKEN_ON_OFF_4_DEFAULTS
                        0x0801bd5d     0x1  Data  Gb  token-def.o [1]
TOKEN_POWER_SOURCE_1_DEFAULTS
                        0x0801bc78     0x1  Data  Gb  token-def.o [1]
TOKEN_POWER_SOURCE_2_DEFAULTS
                        0x0801bcc4     0x1  Data  Gb  token-def.o [1]
TOKEN_POWER_SOURCE_3_DEFAULTS
                        0x0801bd10     0x1  Data  Gb  token-def.o [1]
TOKEN_POWER_SOURCE_4_DEFAULTS
                        0x0801bd5c     0x1  Data  Gb  token-def.o [1]
TOKEN_SCENES_NUM_ENTRIES_DEFAULTS
                        0x0801bd5e     0x1  Data  Gb  token-def.o [1]
TOKEN_SCENES_TABLE_DEFAULTS
                        0x0801bd60     0xc  Data  Gb  token-def.o [1]
TOKEN_STACK_ADDITIONAL_CHILD_DATA_DEFAULTS
                        0x0801bbb0     0x1  Data  Gb  token-def.o [1]
TOKEN_STACK_ALTERNATE_KEY_DEFAULTS
                        0x0801ba30    0x14  Data  Gb  token-def.o [1]
TOKEN_STACK_ANALYSIS_REBOOT_DEFAULTS
                        0x0801ba4c     0x2  Data  Gb  token-def.o [1]
TOKEN_STACK_APS_FRAME_COUNTER_DEFAULTS
                        0x0801ba2c     0x4  Data  Gb  token-def.o [1]
TOKEN_STACK_BINDING_TABLE_DEFAULTS
                        0x0801bb1c    0x10  Data  Gb  token-def.o [1]
TOKEN_STACK_BOOT_COUNTER_DEFAULTS
                        0x0801ba44     0x4  Data  Gb  token-def.o [1]
TOKEN_STACK_CAL_DATA_DEFAULTS
                        0x0801baa8     0x4  Data  Gb  token-def.o [1]
TOKEN_STACK_CERTIFICATE_TABLE_DEFAULTS
                        0x0801bb54    0x5c  Data  Gb  token-def.o [1]
TOKEN_STACK_CHILD_TABLE_DEFAULTS
                        0x0801bb2c     0xc  Data  Gb  token-def.o [1]
TOKEN_STACK_KEYS_DEFAULTS
                        0x0801ba50    0x14  Data  Gb  token-def.o [1]
TOKEN_STACK_KEY_TABLE_DEFAULTS
                        0x0801bb38    0x1c  Data  Gb  token-def.o [1]
TOKEN_STACK_NETWORK_MANAGEMENT_DEFAULTS
                        0x0801ba90     0x8  Data  Gb  token-def.o [1]
TOKEN_STACK_NODE_DATA_DEFAULTS
                        0x0801ba64    0x10  Data  Gb  token-def.o [1]
TOKEN_STACK_NONCE_COUNTER_DEFAULTS
                        0x0801ba48     0x4  Data  Gb  token-def.o [1]
TOKEN_STACK_NVDATA_VERSION_DEFAULTS
                        0x0801ba28     0x2  Data  Gb  token-def.o [1]
TOKEN_STACK_PARENT_ADDITIONAL_INFO_DEFAULTS
                        0x0801baa4     0x2  Data  Gb  token-def.o [1]
TOKEN_STACK_PARENT_INFO_DEFAULTS
                        0x0801ba98     0xc  Data  Gb  token-def.o [1]
TOKEN_STACK_RF4CE_DATA_DEFAULTS
                        0x0801bbec    0x14  Data  Gb  token-def.o [1]
TOKEN_STACK_RF4CE_PAIRING_TABLE_DEFAULTS
                        0x0801bc00    0x2c  Data  Gb  token-def.o [1]
TOKEN_STACK_TRUST_CENTER_DEFAULTS
                        0x0801ba74    0x1c  Data  Gb  token-def.o [1]
TOKEN_STACK_ZLL_DATA_DEFAULTS
                        0x0801bbb4    0x10  Data  Gb  token-def.o [1]
TOKEN_STACK_ZLL_SECURITY_DEFAULTS
                        0x0801bbc4    0x28  Data  Gb  token-def.o [1]
TOKEN_VERSION_1_DEFAULTS
                        0x0801bc2c     0x1  Data  Gb  token-def.o [1]
TOKEN_VERSION_2_DEFAULTS
                        0x0801bc7a     0x1  Data  Gb  token-def.o [1]
TOKEN_VERSION_3_DEFAULTS
                        0x0801bcc6     0x1  Data  Gb  token-def.o [1]
TOKEN_VERSION_4_DEFAULTS
                        0x0801bd12     0x1  Data  Gb  token-def.o [1]
TaskBlinkLed            0x08018937    0x6a  Code  Gb  task.o [1]
TaskButtonDetect        0x080189ed    0xae  Code  Gb  task.o [1]
TaskData                0x20002a2c    0x80  Data  Gb  task.o [1]
TaskDelete              0x0801880b    0x2c  Code  Gb  task.o [1]
TaskJoin                0x08018aed    0x4c  Code  Gb  task.o [1]
TaskOnOffAttributeChange
                        0x08018bb1    0x84  Code  Gb  task.o [1]
TaskResetMCU            0x08018b57    0x2a  Code  Gb  task.o [1]
TaskRun                 0x08018c35    0x70  Code  Gb  task.o [1]
UART_PACKET_KEY         0x200023d4     0x2  Data  Gb  UART_task.o [1]
UartRxCommandData       0x20002b30    0x40  Data  Gb  UART_task.o [1]
UartRxCurrentLength     0x20002b2e     0x1  Data  Gb  UART_task.o [1]
UartRxDataStep          0x20002b2c     0x1  Data  Gb  UART_task.o [1]
UartRxPacketLength      0x20002b2d     0x1  Data  Gb  UART_task.o [1]
UartScanCommand         0x08018dc1    0x92  Code  Gb  UART_task.o [1]
UartSendBlinkLed        0x08018f85    0x66  Code  Gb  UART_task.o [1]
UartSendCheckMcReady    0x08019007    0x1e  Code  Gb  UART_task.o [1]
UartSendCommand         0x08019067    0x56  Code  Gb  UART_task.o [1]
[...]
joinData                0x200023ec    0x18  Data  Lc  association.o [24]
joinNetworkQuietly      0x0800f741    0x4a  Code  Lc  association.o [24]
keyCount                0x20002e4c     0x2  Data  Lc  aps-keys-transient.o [21]
lastAgingTime           0x20002ef4     0x2  Data  Lc  broadcast.o [24]
lastAgingTimeQs         0x20002fa6     0x2  Data  Lc  route-table.o [24]
lastEventTimeMS         0x20002eac     0x2  Data  Lc  mac-indirect.o [24]
lastEventTimeMs         0x20002da0     0x2  Data  Lc  aps-retry.o [24]
lastEventTimeMs         0x20002e50     0x4  Data  Lc  aps-keys-transient.o [21]
lastReportTimeMin       0x20002eb5     0x1  Data  Lc  zdo-channel.o [24]
lastTransmitPacketIsDataPoll
                        0x20002d8c     0x1  Data  Gb  phy-common.o [24]
lastTxSfdTime           0x20002d90     0x4  Data  Gb  phy-common.o [24]
lastVcoCalChannel       0x20002fd8     0x1  Data  Lc  analogue-vco.o [24]
lastVcoValue            0x20002fd9     0x1  Data  Lc  analogue-vco.o [24]
leaveReason             0x20002c04     0x1  Data  Lc  leave.o [24]
left                    0x20002f9d     0x1  Data  Lc  sim-eeprom-internal.o [23]
libraryEnabled          0x2000246c     0x1  Data  Lc  packet-validate.o [18]
libraryInfo             0x08016844    0x50  Data  Lc  ember-library.o [24]
lnaForceReCal           0x20002da6     0x2  Data  Gb  analogue.o [24]
localBindUnbindResponse
                        0x20002ed1     0x1  Data  Lc  end-device-bind.o [13]
longIndirectPool        0x20002460     0x4  Data  Lc  mac-indirect.o [24]
macBufferStatus         0x20002e35     0x1  Data  Lc  mac-arbiter.o [24]
macCheckIncomingQueue   0x08004201   0x1de  Code  Lc  mac-receive.o [24]
macCommandPacketIsValid
                        0x08010bd7    0x48  Code  Lc  packet-validate.o [18]
macCommandSizes         0x08010ee4     0xc  Data  Lc  packet-validate.o [18]
macIsInactive           0x20002eb4     0x1  Data  Lc  zdo-channel.o [24]
macSendShortIdCommand   0x0800a5b9    0x30  Code  Lc  command.o [24]
main                    0x0801b35b     0xe  Code  Gb  simple-main.o [1]
managePollTxRxTurnaround
                        0x08001079    0x20  Code  Gb  phy-common.o [24]
matchEndDeviceBindRequests
                        0x08019c47    0x44  Code  Lc  end-device-bind.o [13]
matchingPoolAddress     0x08003bc7    0x4c  Code  Lc  mac-indirect.o [24]
maybeSendAddressResponse
                        0x08016dc1   0x17e  Code  Lc  zigbee-device-util.o [24]
maybeSendBasicAck       0x0800e499    0x20  Code  Lc  application-support.o [24]
messageSentCallbacks    0x200024d0    0x18  Data  Lc  af-main-common.o [1]
mobileChildData         0x20002411     0x1  Data  Lc  child.o [24]
mobileChildDataIndex    0x08008b5f    0x40  Code  Lc  child.o [24]
mobileChildDataLength   0x20002f9a     0x2  Data  Lc  child.o [24]
mobileJoinApsFrame      0x08008150     0x8  Data  Lc  network.o [24]
modDacForceReCal        0x20002da4     0x2  Data  Gb  analogue.o [24]
mpuConfig               0x20002370    0x40  Data  Lc  mpu.o [1]
mtorFlags               0x08019af8     0x8  Data  Lc  zigbee-device.o [24]
multiNetworkCounterHandler
                        0x080093bf    0x72  Code  Lc  counters-soc.o [1]
multiNetworkCounterTable
                        0x08009450    0x14  Data  Lc  counters-soc.o [1]
nameStrings             0x08013518    0xc0  Data  Lc  diagnostic.o [1]
networkCommandBaseSizes
                        0x08010ef0    0x10  Data  Lc  packet-validate.o [18]
networkCommandPacketIsValid
                        0x08010c69    0x9c  Code  Lc  packet-validate.o [18]
networkCount            0x2000277b     0x1  Data  Lc  form-and-join.o [1]
networkDecrypt          0x080070d7   0x172  Code  Lc  network.o [24]
networkInitData         0x20002bf0     0x4  Data  Lc  association.o [24]
networkPacketIsValid    0x08010c1f    0x4a  Code  Lc  packet-validate.o [18]
networkSubmitUnicast    0x08006fd9    0x86  Code  Lc  network.o [24]
newChannel              0x20002fc5     0x1  Data  Lc  association.o [24]
newNwkUpdateId          0x20002eb1     0x1  Data  Lc  zdo-channel.o [24]
newPanId                0x2000245a     0x2  Data  Lc  management.o [24]
nextApsFrameCounter     0x20002e54     0x4  Data  Lc  aps-encryption.o [21]
nextChannel             0x20002c1c     0x1  Data  Lc  scan.o [24]
nextIncomingRssi        0x20002c3c     0x4  Data  Lc  scan.o [24]
nextIndex               0x20002fbb     0x1  Data  Lc  security-address-cache.o [1]
nextOutgoingRssi        0x20002c38     0x4  Data  Lc  scan.o [24]
nodeThatToldUsToLeave   0x20002428     0x2  Data  Lc  leave.o [24]
normalOrBoostTokSerialRegId
                        0x080008fc     0xc  Data  Gb  analogue-cell-bias.o [24]
noteDiscoveryTimeout    0x0800aedf    0x6c  Code  Lc  route-table.o [24]
notePreconfiguredKeyType
                        0x0800f287    0x22  Code  Lc  aps-security.o [21]
notifyTrustCenter       0x0801162d    0x28  Code  Lc  leave.o [24]
nullEui                 0x08000968     0x8  Data  Lc  mfg-token.o [1]
nwkSequenceNumber       0x20002fc8     0x1  Data  Lc  application-support.o [24]
oneScanDone             0x20002eb6     0x1  Data  Lc  zdo-channel.o [24]
originalChannel         0x20002c1f     0x1  Data  Lc  scan.o [24]
originalPanId           0x20002c2c     0x2  Data  Lc  scan.o [24]
originalRadioIdleMode   0x20002c20     0x1  Data  Lc  scan.o [24]
paPresent               0x20002fbf     0x1  Data  Lc  analogue.o [24]
packetChecks            0x08010f2c    0x40  Data  Lc  packet-validate.o [18]
panConflictMeter        0x20002e88     0x1  Data  Lc  management.o [24]
parentAnnounceIndex     0x20002d65     0x1  Data  Gb  zigbee-device-util.o [24]
parentNwkInformation    0x20002e6e     0x2  Data  Gb  child-handling.o [24]
pendingAckedCount       0x20002d94     0x1  Data  Lc  aps-retry.o [24]
permitJoining           0x20002bdc     0x1  Data  Lc  association.o [24]
phyToMacQueueLength     0x20002edc     0x2  Data  Lc  mac-receive.o [24]
phyToMacQueueLengthReached
                        0x20002ede     0x2  Data  Lc  mac-receive.o [24]
platformTick            0x0801444d    0x20  Code  Lc  util.o [1]
pollState               0x20002e37     0x1  Data  Lc  mac-arbiter.o [24]
powerLevelSettings      0x08000818     0x4  Data  Gb  analogue.o [24]
powers10                0x0800a2ac    0x24  Data  Lc  ember-printf.o [1]
prepareForResponse      0x080144ab    0x5e  Code  Lc  util.o [1]
previousLoValue         0x2000242c     0x1  Data  Gb  clocks.o [15]
previousTemperature     0x20002fd4     0x1  Data  Lc  phy.o [24]
previousTemperatureAvailable
                        0x20002fd5     0x1  Data  Lc  phy.o [24]
printDiscoverCommandsResponse
                        0x080182c9    0x10  Code  Lc  process-global-message.o [1]
processDeviceAnnounceAndFindIdConflict
                        0x08007925    0xbe  Code  Lc  network.o [24]
processKeyCommand       0x0800eef5   0x300  Code  Lc  aps-security.o [21]
processRxAddressReceiveCompleteIsr
                        0x08000b3d   0x12a  Code  Lc  phy.o [24]
processRxPacketCompleteIsr
                        0x08000c73    0xde  Code  Lc  phy.o [24]
processScanRequest      0x08016aa7   0x122  Code  Lc  zdo-channel.o [24]
processSimpleDescriptorResponse
                        0x080157ad    0xd2  Code  Lc  service-discovery-common.o [1]
processZigbeePacket     0x080073b9   0x42a  Code  Lc  network.o [24]
ptiEnabled              0x2000243a     0x1  Data  Lc  phy-common.o [24]
ptrCache                0x20002960    0xc0  Data  Gb  sim-eeprom.o [1]
ptrCacheLoc             0x08002d89    0x22  Code  Lc  sim-eeprom-internal.o [23]
pushEui64               0x0800d051    0x10  Code  Lc  zigbee-packet-header.o [24]
pushInt16u              0x0800d045     0xc  Code  Lc  zigbee-packet-header.o [24]
quietlyEraseChild       0x08008ab5    0x3c  Code  Lc  child.o [24]
radioCheckCrc           0x20002438     0x1  Data  Gb  phy-common.o [24]
radioCurrentPowerStatus
                        0x20002440     0x1  Data  Gb  phy-common.o [24]
radioIdlePowerState     0x2000243e     0x1  Data  Lc  phy-common.o [24]
radioTransmitConfig     0x20002414     0x8  Data  Gb  zigbee-stack.o [24]
reCalibrateVref         0x20002fc0     0x1  Data  Gb  analogue.o [24]
readCounterValue        0x08003607    0x34  Code  Lc  sim-eeprom-internal.o [23]
readEndDeviceBindRequestEui64
                        0x08019b01    0x18  Code  Lc  end-device-bind.o [13]
readIdentifyTime        0x0801ae77    0x18  Code  Lc  identify.o [1]
readNetworkTokens       0x08010713    0x2e  Code  Lc  association.o [24]
readNodeData            0x08010741     0xc  Code  Lc  association.o [24]
readTokenData           0x08002d07    0x42  Code  Lc  sim-eeprom-internal.o [23]
reallyMatchEndDeviceBindRequests
                        0x08019c8b   0x114  Code  Lc  end-device-bind.o [13]
recalculateMacDataPendingBitField
                        0x08003c1b    0x36  Code  Lc  mac-indirect.o [24]
receivedTimeoutResponse
                        0x20002e58     0x1  Data  Gb  child-handling.o [24]
recyclePendingAckedMessages
                        0x080122c9    0x46  Code  Lc  aps-retry.o [24]
reenqueueSubmitHead     0x0800b699    0x78  Code  Lc  retry.o [24]
rejoinUpdateDeviceStatusValues
                        0x0800fbd0     0x8  Data  Lc  association.o [24]
removeFromBuffer        0x08006da5    0x2e  Code  Lc  network.o [24]
requestKeyBuffer        0x2000244e     0x1  Data  Lc  trust-center-util.o [21]
requestLinkKeyUpdate    0x20002fdf     0x1  Data  Lc  aps-keys-transient.o [21]
responseTimeoutRemaining
                        0x20002e59     0x1  Data  Gb  child-handling.o [24]
rf4ceNetworkCommandPacketIsValid
                        0x08010e3b    0x60  Code  Lc  packet-validate.o [18]
rf4ceNetworkPacketIsValid
                        0x08010de9    0x52  Code  Lc  packet-validate.o [18]
rf4ceNwkApplicationCapabilitiesOffset
                        0x08010f28     0x4  Data  Lc  packet-validate.o [18]
rf4ceNwkCommandBaseSizes
                        0x08010f1c     0xc  Data  Lc  packet-validate.o [18]
rhoActive               0x20002fd6     0x1  Data  Lc  phy.o [24]
rhoState                0x2000280c     0x1  Data  Lc  micro.o [1]
rmwRadioPowerCfgReg     0x0800202d    0x44  Code  Lc  micro.o [1]
rmwRadioPowerOutReg     0x08002071    0x3e  Code  Lc  micro.o [1]
routeRequestId          0x20002fe0     0x1  Data  Lc  route-discovery.o [24]
routeTableTimer         0x20002fa4     0x1  Data  Lc  route-table.o [24]
runEventHandler         0x080124cf   0x122  Code  Lc  aps-retry.o [24]
rxBuffer                0x20002c50   0x114  Data  Lc  phy.o [24]
sampleVcoTune           0x080023fb    0x46  Code  Gb  analogue-mod-dac.o [24]
savedAssertInfo         0x20002734     0x8  Data  Lc  cstartup-iar-common.o [1]
savedControl            0x20002d84          Data  Gb  context-switch.o [15]
savedMSP                0x20002d7c          Data  Gb  context-switch.o [15]
savedPSP                0x20002d80          Data  Gb  context-switch.o [15]
savedRequests           0x20002ec0    0x10  Data  Lc  end-device-bind.o [13]
savedResetCause         0x2000273c     0x2  Data  Lc  cstartup-iar-common.o [1]
scanChannelMask         0x20002c34     0x4  Data  Lc  scan.o [24]
scanDuration            0x20002c1d     0x1  Data  Lc  scan.o [24]
scanFrameCounter        0x20002c30     0x4  Data  Lc  scan.o [24]
scanRequestHeader       0x20002468     0x1  Data  Lc  zdo-channel.o [24]
scanResults             0x20002469     0x1  Data  Lc  zdo-channel.o [24]
scanTransmitRetries     0x20002c1e     0x1  Data  Lc  scan.o [24]
scansRemaining          0x20002eb3     0x1  Data  Lc  zdo-channel.o [24]
scheduleHalSysTickIsrMicroseconds
                        0x08001a2f     0xa  Code  Lc  clocks.o [15]
scheduleIdentifyTick    0x0801aea7    0x66  Code  Lc  identify.o [1]
score                   0x0801180d     0xc  Code  Lc  neighbor-exchange.o [24]
securityAddressCacheInit
                        0x08014a91     0xc  Code  Gb  security-address-cache.o [1]
seed0                   0x200023b0     0x2  Data  Gb  random.o [1]
seed1                   0x200023b2     0x2  Data  Gb  random.o [1]
send                    0x08009971   0x182  Code  Lc  af-main-common.o [1]
sendAckedUnicast        0x080125f1   0x10a  Code  Lc  aps-retry.o [24]
sendApplicationKeys     0x0801775d    0xe6  Code  Lc  trust-center-util.o [21]
sendBindRequest         0x08019e03    0xc6  Code  Lc  end-device-bind.o [13]
sendFromSource          0x20002412     0x2  Data  Lc  application-support.o [24]
sendLeaveCommand        0x08011693    0x72  Code  Lc  leave.o [24]
sendNeighborExchange    0x08011761    0xac  Code  Lc  neighbor-exchange.o [24]
sendNetworkKey          0x0801751f    0x12  Code  Lc  trust-center-util.o [21]
sendSpecialJoinRequest  0x0800f8f1    0xce  Code  Lc  association.o [24]
sendUpdateDevice        0x0800ebc7    0x4c  Code  Lc  aps-security.o [21]
sequenceNumber          0x20002fd1     0x1  Data  Lc  debug-jtag.o [10]
serialPort              0x200022b4     0x1  Data  Gb  af-main-soc.o [1]
serialRegData           0x20002b94    0x24  Data  Gb  analogue.o [24]
serverMask              0x20002f96     0x2  Data  Gb  zigbee-device.o [24]
serviceDiscoveryComplete
                        0x08015731    0x50  Code  Lc  service-discovery-common.o [1]
setChildTokenData       0x08008c89    0xa4  Code  Lc  child.o [24]
setNonvolatileBinding   0x08014d8b    0x2e  Code  Lc  binding-table.o [4]
setOrOverrideTrustCenterEui64
                        0x08015f0d    0x22  Code  Lc  aps-keys.o [21]
setRadioParameters      0x080105cb    0x50  Code  Lc  association.o [24]
setTxStepTime           0x08000293    0x36  Code  Lc  analogue.o [24]
setUpNextNoteOrStop     0x0801b07b    0x5a  Code  Lc  buzzer.o [1]
setup                   0x0801558f    0x3a  Code  Lc  form-and-join.o [1]
shift                   0x08004519    0x10  Code  Lc  random.o [1]
shortIndirectPool       0x20002464     0x4  Data  Lc  mac-indirect.o [24]
simEe2offset            0x20002c18     0x4  Data  Gb  sim-eeprom-internal.o [23]
simEeErasePage          0x08002d51    0x16  Code  Lc  sim-eeprom-internal.o [23]
simEeSetDataActiveSemaphore
                        0x20002fbd     0x1  Data  Gb  token.o [1]
simulatedEepromStorage  0x0802e000  0x2000  Data  Gb  sim-eeprom.o [1]
singletonAttributeData  0x20002529     0x1  Data  Gb  attribute-storage.o [1]
sizeCache               0x0801b8f0    0x34  Data  Gb  sim-eeprom.o [1]
sleepTimerInterruptOccurred
                        0x20002c10     0x1  Data  Gb  system-timer.o [15]
sleepTmrArtificalCnt    0x20002c14     0x4  Data  Gb  system-timer.o [15]
sleepyBroadcastInfo     0x20002f64     0x1  Data  Lc  jit.o [24]
sleepyEndDevice         0x2000244f     0x1  Data  Lc  child-handling.o [24]
spreadModDac1           0x20002fa0     0x2  Data  Gb  analogue-mod-dac.o [24]
spreadModDac2           0x20002fa2     0x2  Data  Gb  analogue-mod-dac.o [24]
stackEvents             0x0800ce54    0xe0  Data  Gb  zigbee-stack.o [24]
stackTokenInfo          0x08015b30    0x3c  Data  Lc  token-cache.o [24]
startChannelScan        0x0800acf5    0x64  Code  Lc  scan.o [24]
startNetworkOperation   0x0800f497    0x42  Code  Lc  association.o [24]
startPanIdScan          0x0801529d    0x34  Code  Lc  form-and-join.o [1]
startScan               0x08015603    0x22  Code  Lc  form-and-join.o [1]
state                   0x2000281c     0x1  Data  Lc  network-find.o [1]
stateTable              0x20002798    0x10  Data  Lc  identify.o [1]
states                  0x20002954     0xc  Data  Lc  service-discovery-common.o [1]
status                  0x0801a859    0x10  Code  Lc  call-command-handler.o [1]
storedKeysList          0x2000244c     0x1  Data  Lc  aps-keys-transient.o [21]
submitCount             0x20002e95     0x1  Data  Lc  retry.o [24]
swoOutput               0x08009e83    0xd8  Code  Lc  debug-jtag.o [10]
terminateScanRequest    0x08016a6f    0x28  Code  Lc  zdo-channel.o [24]
timeoutOptions          0x0800ba94    0x3c  Data  Gb  child-handling.o [24]
timeoutPools            0x08003c63    0xd8  Code  Lc  mac-indirect.o [24]
tokenArraySize          0x0801b9f4    0x34  Data  Gb  token-def.o [1]
tokenCreators           0x0801b924    0x68  Data  Gb  token-def.o [1]
tokenDefaults           0x0801bd6c    0xd0  Data  Gb  token-def.o [1]
tokenIsCnt              0x0801b98c    0x34  Data  Gb  token-def.o [1]
tokenSize               0x0801b9c0    0x34  Data  Gb  token-def.o [1]
tokensActive            0x20002fbc     0x1  Data  Gb  token.o [1]
totalInitialChildren    0x20002d66     0x1  Data  Gb  zigbee-device-util.o [24]
transmitQueue           0x20002e38     0x8  Data  Lc  mac-arbiter.o [24]
transportKeyFrameSizes  0x08010f14     0x8  Data  Lc  packet-validate.o [18]
tuneDone                0x200022b5     0x1  Data  Gb  buzzer.o [1]
tunePos                 0x20002670     0x1  Data  Gb  buzzer.o [1]
txPower                 0x080007cc    0x28  Data  Gb  analogue.o [24]
txStepTimeSnapshot      0x20002d8e     0x2  Data  Lc  phy-common.o [24]
unicastHead             0x20002f70     0x1  Data  Lc  unicast-table.o [24]
uninitializedIsr        0x0801b125          Code  Gb  faults.o [1]
unsentMessageCount      0x20002e36     0x1  Data  Lc  mac-arbiter.o [24]
unsolicitedChannelReport
                        0x20002eb2     0x1  Data  Lc  zdo-channel.o [24]
updateParentToken       0x080108c9    0x6c  Code  Lc  association.o [24]
useOsc32k               0x20002fb6     0x1  Data  Gb  micro-common.o [1]
useXtalAsIs             0x20002fd0     0x1  Data  Lc  clocks.o [15]
useXtalSysTickIsr       0x20002fcd     0x1  Data  Gb  clocks.o [15]
vFillBuffer             0x08017cbd   0x136  Code  Lc  client-api.o [1]
vcoLastTuneValueAvailable
                        0x20002fd7     0x1  Data  Gb  analogue-vco.o [24]
vcoTuneModDacError      0x08002441    0x24  Code  Lc  analogue-mod-dac.o [24]
verifyFib               0x080059f5    0x22  Code  Lc  flash.o [15]
wakeupSleepTmrCnt       0x20002a28     0x4  Data  Gb  sleep.o [1]
wakeupXtalState         0x20002fcf     0x1  Data  Gb  clocks.o [15]
walkDelayQueue          0x0800b475    0xd0  Code  Lc  retry.o [24]
writeIdentifyTime       0x0801ae8f    0x18  Code  Lc  identify.o [1]
writeMessage            0x08006317    0xb0  Code  Lc  packet-buffer.o [24]
writePageCounters       0x080033b3    0x78  Code  Lc  sim-eeprom-internal.o [23]
writeServerAttribute    0x08019fd5     0xe  Code  Lc  scenes.o [1]
writeTokenBlockData     0x08002cb5    0x52  Code  Lc  sim-eeprom-internal.o [23]
xtalAboveLoThresholdUs  0x2000242e     0x2  Data  Gb  clocks.o [15]
xtalUnstable            0x20002fce     0x1  Data  Gb  clocks.o [15]
zaNodeSecurityInit      0x08015d01    0x74  Code  Gb  af-node.o [1]
zaTrustCenterSecurityPolicyInit
                        0x08015ca9    0x28  Code  Gb  af-trust-center.o [1]
zeroLenByte             0x200024ae     0x2  Data  Lc  message.o [1]
zigDevApsStruct         0x20002d70     0x4  Data  Lc  zigbee-device-util.o [24]
zigDevRequestSequence   0x20002d64     0x1  Data  Lc  zigbee-device-util.o [24]


[1] = E:\Zigbee\EmberZNet5.6.0-GA\app\builder\ZigbeeRoute\build\obj
[2] = command line
[3] = alarm-stub-library.a
[4] = binding-table-library.a
[5] = cbke-163k1-stub-library.a
[6] = cbke-283k1-stub-library.a
[7] = cbke-library-dsa-sign-stub.a
[8] = cbke-library-dsa-verify-stub.a
[9] = cbke-stub-library.a
[10] = debug-basic-library.a
[11] = debug-extended-stub-library.a
[12] = dl7M_tln.a
[13] = end-device-bind-library.a
[14] = enhanced-beacon-request-stub-library.a
[15] = hal-library.a
[16] = install-code-library-stub.a
[17] = multi-network-stub-library.a
[18] = packet-validate-library.a
[19] = rf4ce-stack-stub-library.a
[20] = rt7M_tl.a
[21] = security-library-core.a
[22] = security-library-link-keys-stub.a
[23] = sim-eeprom1-library.a
[24] = zigbee-pro-stack.a
[25] = zll-stub-library.a

  111 088 bytes of readonly  code memory
    3 721 bytes of readonly  data memory
   17 651 bytes of readwrite data memory

Errors: none
Warnings: none
